02-19 13:58:54.105     0     0 I init    : Command 'write /sys/fs/f2fs/${dev.mnt.blk.data}/gc_urgent_sleep_time 50' action=boot (/system/etc/init/hw/init.rc:871) took 0ms and failed: property 'dev.mnt.blk.data' doesn't exist while expanding '/sys/fs/f2fs/${dev.mnt.blk.data}/gc_urgent_sleep_time'
02-19 13:58:54.105     0     0 I init    : Command 'write /sys/fs/f2fs/${dev.mnt.blk.data}/iostat_enable 1' action=boot (/system/etc/init/hw/init.rc:872) took 0ms and failed: property 'dev.mnt.blk.data' doesn't exist while expanding '/sys/fs/f2fs/${dev.mnt.blk.data}/iostat_enable'
02-19 13:58:54.105     0     0 I init    : Command 'write /sys/devices/virtual/block/${dev.mnt.blk.data}/queue/discard_max_bytes 134217728' action=boot (/system/etc/init/hw/init.rc:877) took 0ms and failed: property 'dev.mnt.blk.data' doesn't exist while expanding '/sys/devices/virtual/block/${dev.mnt.blk.data}/queue/discard_max_bytes'
02-19 13:58:54.105     0     0 I init    : Command 'chown system system /sys/devices/system/cpu/cpu0/cpufreq/scaling_max_freq' action=boot (/system/etc/init/hw/init.rc:907) took 0ms and failed: lchown() failed: Read-only file system
02-19 13:58:54.105     0     0 I init    : Command 'chmod 0660 /sys/devices/system/cpu/cpu0/cpufreq/scaling_max_freq' action=boot (/system/etc/init/hw/init.rc:908) took 0ms and failed: fchmodat() failed: Read-only file system
02-19 13:58:54.106     0     0 I init    : starting service 'hidl_memory'...
02-19 13:58:54.106     0     0 E libprocessgroup: Failed to make and chown /acct/uid_1000: Read-only file system
02-19 13:58:54.106     0     0 E init    : createProcessGroup(1000, 73) failed for service 'hidl_memory': Read-only file system
02-19 13:58:54.106     0     0 E init    : Could not start service 'vendor.audio-hal-2-0' as part of class 'hal': Cannot find '/vendor/bin/hw/android.hardware.audio@2.0-service': No such file or directory
02-19 13:58:54.106    65    65 D LibBpfLoader: applying relo to instruction at byte offset: 40, 	       insn offset 5 , insn 118
02-19 13:58:54.106     0     0 I init    : starting service 'vendor.audio-hal'...
02-19 13:58:54.107    65    65 D LibBpfLoader: applying relo to instruction at byte offset: 128, 	       insn offset 16 , insn 118
02-19 13:58:54.107    65    65 D LibBpfLoader: applying relo to instruction at byte offset: 200, 	       insn offset 25 , insn 118
02-19 13:58:54.107    65    65 D LibBpfLoader: applying relo to instruction at byte offset: 264, 	       insn offset 33 , insn 118
02-19 13:58:54.107    65    65 D LibBpfLoader: applying relo to instruction at byte offset: 520, 	       insn offset 65 , insn 118
02-19 13:58:54.107    65    65 D LibBpfLoader: applying relo to instruction at byte offset: 656, 	       insn offset 82 , insn 118
02-19 13:58:54.107    65    65 D LibBpfLoader: applying relo to instruction at byte offset: 1008, 	       insn offset 126 , insn 118
02-19 13:58:54.107    65    65 D LibBpfLoader: applying relo to instruction at byte offset: 1048, 	       insn offset 131 , insn 118
02-19 13:58:54.107    65    65 D LibBpfLoader: applying relo to instruction at byte offset: 1240, 	       insn offset 155 , insn 118
02-19 13:58:54.107    65    65 D LibBpfLoader: applying relo to instruction at byte offset: 1440, 	       insn offset 180 , insn 118
02-19 13:58:54.107    65    65 D LibBpfLoader: applying relo to instruction at byte offset: 1480, 	       insn offset 185 , insn 118
02-19 13:58:54.107     0     0 E libprocessgroup: Failed to make and chown /acct/uid_1000: Read-only file system
02-19 13:58:54.107     0     0 E init    : createProcessGroup(1000, 74) failed for service 'vendor.audio-hal': Read-only file system
02-19 13:58:54.107    65    65 D LibBpfLoader: applying relo to instruction at byte offset: 1656, 	       insn offset 207 , insn 118
02-19 13:58:54.107    65    65 D LibBpfLoader: applying relo to instruction at byte offset: 1864, 	       insn offset 233 , insn 118
02-19 13:58:54.107    65    65 D LibBpfLoader: applying relo to instruction at byte offset: 1904, 	       insn offset 238 , insn 118
02-19 13:58:54.107    65    65 D LibBpfLoader: applying relo to instruction at byte offset: 2024, 	       insn offset 253 , insn 118
02-19 13:58:54.107    65    65 D LibBpfLoader: applying relo to instruction at byte offset: 2112, 	       insn offset 264 , insn 118
02-19 13:58:54.108    65    65 D LibBpfLoader: applying relo to instruction at byte offset: 40, 	       insn offset 5 , insn 118
02-19 13:58:54.108    65    65 D LibBpfLoader: applying relo to instruction at byte offset: 120, 	       insn offset 15 , insn 118
02-19 13:58:54.108    65    65 D LibBpfLoader: applying relo to instruction at byte offset: 200, 	       insn offset 25 , insn 118
02-19 13:58:54.108    65    65 D LibBpfLoader: cs[0].name:tracepoint_sched_sched_switch min_kver:0 .max_kver:ffffffff (kvers:60705)
02-19 13:58:54.108     0     0 I init    : starting service 'vendor.hwcomposer-2-1'...
02-19 13:58:54.109     0     0 W libprocessgroup: Failed to open /dev/stune/foreground/tasks: No such file or directory: No such file or directory
02-19 13:58:54.109     0     0 W libprocessgroup: Failed to apply HighPerformance task profile: No such file or directory
02-19 13:58:54.109    65    65 D LibBpfLoader: bpf_prog_load lib call for /system/etc/bpf/time_in_state.o (tracepoint_sched_sched_switch) returned fd: 15 (no error)
02-19 13:58:54.109     0     0 E libprocessgroup: Failed to make and chown /acct/uid_1000: Read-only file system
02-19 13:58:54.109     0     0 E init    : createProcessGroup(1000, 75) failed for service 'vendor.hwcomposer-2-1': Read-only file system
02-19 13:58:54.109    65    65 D LibBpfLoader: cs[1].name:tracepoint_power_cpu_frequency min_kver:0 .max_kver:ffffffff (kvers:60705)
02-19 13:58:54.109     0     0 I init    : starting service 'vendor.camera-provider-2-4'...
02-19 13:58:54.109    65    65 D LibBpfLoader: bpf_prog_load lib call for /system/etc/bpf/time_in_state.o (tracepoint_power_cpu_frequency) returned fd: 16 (no error)
02-19 13:58:54.109    65    65 I bpfloader: Loaded object: /system/etc/bpf/time_in_state.o
02-19 13:58:54.110    65    65 D LibBpfLoader: Loading critical for netd ELF object /system/etc/bpf/offload.o with license Apache 2.0
02-19 13:58:54.110    67    67 I netdClient: Skipping libnetd_client init since *we* are netd
02-19 13:58:54.110     0     0 E libprocessgroup: Failed to make and chown /acct/uid_1047: Read-only file system
02-19 13:58:54.110    65    65 D LibBpfLoader: Loaded code section 3 (schedcls_ingress_tether_ether)
02-19 13:58:54.110     0     0 E init    : createProcessGroup(1047, 76) failed for service 'vendor.camera-provider-2-4': Read-only file system
02-19 13:58:54.111     0     0 E init    : failed to write pid to files: couldn't write 76 to /dev/cpuset/camera-daemon/tasks: No such file or directory
02-19 13:58:54.111     0     0 I init    : starting service 'task-hal-1-0'...
02-19 13:58:54.111    65    65 D LibBpfLoader: Loaded relo section 3 (.relschedcls/ingress/tether_ether)
02-19 13:58:54.111    65    65 D LibBpfLoader: Adding section 3 to cs list
02-19 13:58:54.111    65    65 D LibBpfLoader: Loaded code section 5 (schedcls_ingress_tether_rawip$5_4)
02-19 13:58:54.112    65    65 D LibBpfLoader: Loaded relo section 5 (.relschedcls/ingress/tether_rawip$5_4)
02-19 13:58:54.112    65    65 D LibBpfLoader: Adding section 5 to cs list
02-19 13:58:54.112    65    65 D LibBpfLoader: Loaded code section 7 (schedcls_ingress_tether_rawip$4_14)
02-19 13:58:54.112    65    65 D LibBpfLoader: Loaded relo section 7 (.relschedcls/ingress/tether_rawip$4_14)
02-19 13:58:54.112    65    65 D LibBpfLoader: Adding section 7 to cs list
02-19 13:58:54.112    65    65 D LibBpfLoader: Loaded code section 9 (schedcls_ingress_tether_rawip$stub)
02-19 13:58:54.113     0     0 E libprocessgroup: Failed to make and chown /acct/uid_1000: Read-only file system
02-19 13:58:54.113    65    65 D LibBpfLoader: Adding section 9 to cs list
02-19 13:58:54.113     0     0 E init    : createProcessGroup(1000, 77) failed for service 'task-hal-1-0': Read-only file system
02-19 13:58:54.113     0     0 I init    : starting service 'vendor.cas-hal-1-2'...
02-19 13:58:54.113    65    65 D LibBpfLoader: bpf_create_map name tether_ingress_map, ret: 6
02-19 13:58:54.114    65    65 D LibBpfLoader: bpf_create_map name tether_stats_map, ret: 7
02-19 13:58:54.114    65    65 D LibBpfLoader: bpf_create_map name tether_limit_map, ret: 8
02-19 13:58:54.114    65    65 D LibBpfLoader: map_fd found at 0 is 6 in /system/etc/bpf/offload.o
02-19 13:58:54.114    65    65 D LibBpfLoader: map_fd found at 1 is 7 in /system/etc/bpf/offload.o
02-19 13:58:54.114    65    65 D LibBpfLoader: map_fd found at 2 is 8 in /system/etc/bpf/offload.o
02-19 13:58:54.114    65    65 D LibBpfLoader: applying relo to instruction at byte offset: 304, 	       insn offset 38 , insn 118
02-19 13:58:54.114    65    65 D LibBpfLoader: applying relo to instruction at byte offset: 384, 	       insn offset 48 , insn 118
02-19 13:58:54.114    65    65 D LibBpfLoader: applying relo to instruction at byte offset: 448, 	       insn offset 56 , insn 118
02-19 13:58:54.114    65    65 D LibBpfLoader: applying relo to instruction at byte offset: 264, 	       insn offset 33 , insn 118
02-19 13:58:54.114    65    65 D LibBpfLoader: applying relo to instruction at byte offset: 344, 	       insn offset 43 , insn 118
02-19 13:58:54.114    65    65 D LibBpfLoader: applying relo to instruction at byte offset: 408, 	       insn offset 51 , insn 118
02-19 13:58:54.114    65    65 D LibBpfLoader: applying relo to instruction at byte offset: 264, 	       insn offset 33 , insn 118
02-19 13:58:54.114    65    65 D LibBpfLoader: applying relo to instruction at byte offset: 344, 	       insn offset 43 , insn 118
02-19 13:58:54.114    65    65 D LibBpfLoader: applying relo to instruction at byte offset: 408, 	       insn offset 51 , insn 118
02-19 13:58:54.114    73    73 I HidlServiceManagement: Registered android.hidl.allocator@1.0::IAllocator/ashmem
02-19 13:58:54.115    73    73 I HidlServiceManagement: Removing namespace from process name android.hidl.allocator@1.0-service to allocator@1.0-service.
02-19 13:58:54.115     0     0 E libprocessgroup: Failed to make and chown /acct/uid_1013: Read-only file system
02-19 13:58:54.115     0     0 E init    : createProcessGroup(1013, 78) failed for service 'vendor.cas-hal-1-2': Read-only file system
02-19 13:58:54.115     0     0 I init    : starting service 'vendor.configstore-hal'...
02-19 13:58:54.115    65    65 D LibBpfLoader: bpf_prog_load lib call for /system/etc/bpf/offload.o (schedcls_ingress_tether_ether) returned fd: 9 (no error)
02-19 13:58:54.115    65    65 D LibBpfLoader: cs[1].name:schedcls_ingress_tether_rawip$5_4 min_kver:50400 .max_kver:ffffffff (kvers:60705)
02-19 13:58:54.116    65    65 D LibBpfLoader: bpf_prog_load lib call for /system/etc/bpf/offload.o (schedcls_ingress_tether_rawip$5_4) returned fd: 10 (no error)
02-19 13:58:54.116    65    65 D LibBpfLoader: cs[2].name:schedcls_ingress_tether_rawip$4_14 min_kver:40e00 .max_kver:50400 (kvers:60705)
02-19 13:58:54.116    65    65 D LibBpfLoader: cs[3].name:schedcls_ingress_tether_rawip$stub min_kver:0 .max_kver:50400 (kvers:60705)
02-19 13:58:54.116    65    65 I bpfloader: Loaded object: /system/etc/bpf/offload.o
02-19 13:58:54.116    65    65 D LibBpfLoader: Loading critical for netd ELF object /system/etc/bpf/netd.o with license Apache 2.0
02-19 13:58:54.116     0     0 E libprocessgroup: Failed to make and chown /acct/uid_1000: Read-only file system
02-19 13:58:54.116     0     0 E init    : createProcessGroup(1000, 79) failed for service 'vendor.configstore-hal': Read-only file system
02-19 13:58:54.117     0     0 I init    : starting service 'vendor.drm-hal-1-0'...
02-19 13:58:54.117    65    65 D LibBpfLoader: Loaded code section 3 (cgroupskb_ingress_stats)
02-19 13:58:54.119     0     0 E libprocessgroup: Failed to make and chown /acct/uid_1013: Read-only file system
02-19 13:58:54.119     0     0 E init    : createProcessGroup(1013, 80) failed for service 'vendor.drm-hal-1-0': Read-only file system
02-19 13:58:54.119    65    65 D LibBpfLoader: Loaded relo section 3 (.relcgroupskb/ingress/stats)
02-19 13:58:54.119    65    65 D LibBpfLoader: Adding section 3 to cs list
02-19 13:58:54.119    65    65 D LibBpfLoader: Loaded code section 5 (cgroupskb_egress_stats)
02-19 13:58:54.120     0     0 I init    : starting service 'vendor.drm-clearkey-hal-1-3'...
02-19 13:58:54.121    65    65 D LibBpfLoader: Loaded relo section 5 (.relcgroupskb/egress/stats)
02-19 13:58:54.121    65    65 D LibBpfLoader: Adding section 5 to cs list
02-19 13:58:54.121    67    67 I netd    : netd 1.0 starting
02-19 13:58:54.121    65    65 D LibBpfLoader: Loaded code section 7 (skfilter_egress_xtbpf)
02-19 13:58:54.121    65    65 D LibBpfLoader: Loaded relo section 7 (.relskfilter/egress/xtbpf)
02-19 13:58:54.121    65    65 D LibBpfLoader: Adding section 7 to cs list
02-19 13:58:54.122    65    65 D LibBpfLoader: Loaded code section 9 (skfilter_ingress_xtbpf)
02-19 13:58:54.122     0     0 E libprocessgroup: Failed to make and chown /acct/uid_1013: Read-only file system
02-19 13:58:54.122     0     0 E init    : createProcessGroup(1013, 81) failed for service 'vendor.drm-clearkey-hal-1-3': Read-only file system
02-19 13:58:54.122    65    65 D LibBpfLoader: Loaded relo section 9 (.relskfilter/ingress/xtbpf)
02-19 13:58:54.122    65    65 D LibBpfLoader: Adding section 9 to cs list
02-19 13:58:54.122    65    65 D LibBpfLoader: Loaded code section 11 (skfilter_whitelist_xtbpf)
02-19 13:58:54.122     0     0 I init    : starting service 'vendor.gatekeeper-1-0'...
02-19 13:58:54.123    65    65 D LibBpfLoader: Loaded relo section 11 (.relskfilter/whitelist/xtbpf)
02-19 13:58:54.123    65    65 D LibBpfLoader: Adding section 11 to cs list
02-19 13:58:54.123    65    65 D LibBpfLoader: Loaded code section 13 (skfilter_blacklist_xtbpf)
02-19 13:58:54.123    65    65 D LibBpfLoader: Loaded relo section 13 (.relskfilter/blacklist/xtbpf)
02-19 13:58:54.123    65    65 D LibBpfLoader: Adding section 13 to cs list
02-19 13:58:54.123    65    65 D LibBpfLoader: Loaded code section 15 (cgroupsock_inet_create)
02-19 13:58:54.124     0     0 E libprocessgroup: Failed to make and chown /acct/uid_1000: Read-only file system
02-19 13:58:54.124     0     0 E init    : createProcessGroup(1000, 82) failed for service 'vendor.gatekeeper-1-0': Read-only file system
02-19 13:58:54.124    65    65 D LibBpfLoader: Loaded relo section 15 (.relcgroupsock/inet/create)
02-19 13:58:54.124    65    65 D LibBpfLoader: Adding section 15 to cs list
02-19 13:58:54.125     0     0 I init    : starting service 'vendor.gralloc-2-0'...
02-19 13:58:54.126    77    77 I HidlServiceManagement: Registered vendor.waydroid.task@1.0::IWaydroidTask/default
02-19 13:58:54.126    65    65 D LibBpfLoader: bpf_create_map name cookie_tag_map, ret: 6
02-19 13:58:54.126    65    65 D LibBpfLoader: bpf_create_map name uid_counterset_map, ret: 7
02-19 13:58:54.126    77    77 I HidlServiceManagement: Removing namespace from process name vendor.waydroid.task@1.0-service to task@1.0-service.
02-19 13:58:54.127     0     0 E libprocessgroup: Failed to make and chown /acct/uid_1000: Read-only file system
02-19 13:58:54.127     0     0 E init    : createProcessGroup(1000, 83) failed for service 'vendor.gralloc-2-0': Read-only file system
02-19 13:58:54.127    35    35 I hwservicemanager: getTransport: Cannot find entry android.hardware.audio@6.0::IDevicesFactory/default in either framework or device manifest.
02-19 13:58:54.127    77    77 I vendor.waydroid.task@1.0-service: Waydroid Task HAL service ready.
02-19 13:58:54.127    65    65 D LibBpfLoader: bpf_create_map name app_uid_stats_map, ret: 8
02-19 13:58:54.127     0     0 I init    : starting service 'vendor.health-hal-2-0'...
02-19 13:58:54.127    65    65 D LibBpfLoader: bpf_create_map name stats_map_A, ret: 9
02-19 13:58:54.128    65    65 D LibBpfLoader: bpf_create_map name stats_map_B, ret: 10
02-19 13:58:54.128    65    65 D LibBpfLoader: bpf_create_map name iface_stats_map, ret: 11
02-19 13:58:54.128    65    65 D LibBpfLoader: bpf_create_map name configuration_map, ret: 12
02-19 13:58:54.128    65    65 D LibBpfLoader: bpf_create_map name uid_owner_map, ret: 13
02-19 13:58:54.128    65    65 D LibBpfLoader: bpf_create_map name iface_index_name_map, ret: 14
02-19 13:58:54.128    65    65 D LibBpfLoader: bpf_create_map name uid_permission_map, ret: 15
02-19 13:58:54.128     0     0 E libprocessgroup: Failed to make and chown /acct/uid_1000: Read-only file system
02-19 13:58:54.128    65    65 D LibBpfLoader: map_fd found at 0 is 6 in /system/etc/bpf/netd.o
02-19 13:58:54.128    65    65 D LibBpfLoader: map_fd found at 1 is 7 in /system/etc/bpf/netd.o
02-19 13:58:54.128    65    65 D LibBpfLoader: map_fd found at 2 is 8 in /system/etc/bpf/netd.o
02-19 13:58:54.128    65    65 D LibBpfLoader: map_fd found at 3 is 9 in /system/etc/bpf/netd.o
02-19 13:58:54.128    65    65 D LibBpfLoader: map_fd found at 4 is 10 in /system/etc/bpf/netd.o
02-19 13:58:54.128     0     0 E init    : createProcessGroup(1000, 84) failed for service 'vendor.health-hal-2-0': Read-only file system
02-19 13:58:54.128    65    65 D LibBpfLoader: map_fd found at 5 is 11 in /system/etc/bpf/netd.o
02-19 13:58:54.128    65    65 D LibBpfLoader: map_fd found at 6 is 12 in /system/etc/bpf/netd.o
02-19 13:58:54.128    65    65 D LibBpfLoader: map_fd found at 7 is 13 in /system/etc/bpf/netd.o
02-19 13:58:54.128    65    65 D LibBpfLoader: map_fd found at 8 is 14 in /system/etc/bpf/netd.o
02-19 13:58:54.128    65    65 D LibBpfLoader: map_fd found at 9 is 15 in /system/etc/bpf/netd.o
02-19 13:58:54.129    74    74 E LegacySupport: Could not get passthrough implementation for android.hardware.audio@6.0::IDevicesFactory/default.
02-19 13:58:54.129     0     0 I init    : starting service 'vendor.light-hal-2-0'...
02-19 13:58:54.129    35    35 I hwservicemanager: getTransport: Cannot find entry android.hardware.audio@5.0::IDevicesFactory/default in either framework or device manifest.
02-19 13:58:54.129    65    65 D LibBpfLoader: applying relo to instruction at byte offset: 664, 	       insn offset 83 , insn 118
02-19 13:58:54.129    75    75 D vndksupport: Loading /vendor/lib64/hw/hwcomposer.waydroid.so from current namespace instead of sphal namespace.
02-19 13:58:54.130    65    65 D LibBpfLoader: applying relo to instruction at byte offset: 728, 	       insn offset 91 , insn 118
02-19 13:58:54.130    65    65 D LibBpfLoader: applying relo to instruction at byte offset: 1504, 	       insn offset 188 , insn 118
02-19 13:58:54.130    65    65 D LibBpfLoader: applying relo to instruction at byte offset: 1800, 	       insn offset 225 , insn 118
02-19 13:58:54.130    65    65 D LibBpfLoader: applying relo to instruction at byte offset: 1880, 	       insn offset 235 , insn 118
02-19 13:58:54.130    74    74 E LegacySupport: Could not get passthrough implementation for android.hardware.audio@5.0::IDevicesFactory/default.
02-19 13:58:54.130    65    65 D LibBpfLoader: applying relo to instruction at byte offset: 1992, 	       insn offset 249 , insn 118
02-19 13:58:54.130    65    65 D LibBpfLoader: applying relo to instruction at byte offset: 2104, 	       insn offset 263 , insn 118
02-19 13:58:54.130    65    65 D LibBpfLoader: applying relo to instruction at byte offset: 2144, 	       insn offset 268 , insn 118
02-19 13:58:54.130     0     0 E libprocessgroup: Failed to make and chown /acct/uid_1000: Read-only file system
02-19 13:58:54.130     0     0 E init    : createProcessGroup(1000, 85) failed for service 'vendor.light-hal-2-0': Read-only file system
02-19 13:58:54.130    65    65 D LibBpfLoader: applying relo to instruction at byte offset: 2296, 	       insn offset 287 , insn 118
02-19 13:58:54.130    65    65 D LibBpfLoader: applying relo to instruction at byte offset: 2408, 	       insn offset 301 , insn 118
02-19 13:58:54.130    65    65 D LibBpfLoader: applying relo to instruction at byte offset: 2448, 	       insn offset 306 , insn 118
02-19 13:58:54.130    65    65 D LibBpfLoader: applying relo to instruction at byte offset: 2728, 	       insn offset 341 , insn 118
02-19 13:58:54.130    65    65 D LibBpfLoader: applying relo to instruction at byte offset: 2832, 	       insn offset 354 , insn 118
02-19 13:58:54.130    65    65 D LibBpfLoader: applying relo to instruction at byte offset: 2872, 	       insn offset 359 , insn 118
02-19 13:58:54.130    65    65 D LibBpfLoader: applying relo to instruction at byte offset: 3016, 	       insn offset 377 , insn 118
02-19 13:58:54.131    65    65 D LibBpfLoader: applying relo to instruction at byte offset: 3120, 	       insn offset 390 , insn 118
02-19 13:58:54.131    65    65 D LibBpfLoader: applying relo to instruction at byte offset: 3160, 	       insn offset 395 , insn 118
02-19 13:58:54.131     0     0 I init    : starting service 'vendor.memtrack-hal-1-0'...
02-19 13:58:54.131    79    79 W android.hardware.configstore@1.1-service: Could not find seccomp policy file at: /vendor/etc/seccomp_policy/configstore@1.1.policy
02-19 13:58:54.131    74    74 D vndksupport: Loading /vendor/lib/hw/android.hardware.audio@4.0-impl.so from current namespace instead of sphal namespace.
02-19 13:58:54.131    65    65 D LibBpfLoader: applying relo to instruction at byte offset: 3392, 	       insn offset 424 , insn 118
02-19 13:58:54.131    65    65 D LibBpfLoader: applying relo to instruction at byte offset: 3496, 	       insn offset 437 , insn 118
02-19 13:58:54.131    65    65 D LibBpfLoader: applying relo to instruction at byte offset: 3536, 	       insn offset 442 , insn 118
02-19 13:58:54.131    65    65 D LibBpfLoader: applying relo to instruction at byte offset: 648, 	       insn offset 81 , insn 118
02-19 13:58:54.131    65    65 D LibBpfLoader: applying relo to instruction at byte offset: 712, 	       insn offset 89 , insn 118
02-19 13:58:54.131    65    65 D LibBpfLoader: applying relo to instruction at byte offset: 1272, 	       insn offset 159 , insn 118
02-19 13:58:54.131    65    65 D LibBpfLoader: applying relo to instruction at byte offset: 1528, 	       insn offset 191 , insn 118
02-19 13:58:54.131    65    65 D LibBpfLoader: applying relo to instruction at byte offset: 1608, 	       insn offset 201 , insn 118
02-19 13:58:54.131    65    65 D LibBpfLoader: applying relo to instruction at byte offset: 1712, 	       insn offset 214 , insn 118
02-19 13:58:54.131    65    65 D LibBpfLoader: applying relo to instruction at byte offset: 1816, 	       insn offset 227 , insn 118
02-19 13:58:54.131    65    65 D LibBpfLoader: applying relo to instruction at byte offset: 1856, 	       insn offset 232 , insn 118
02-19 13:58:54.132    65    65 D LibBpfLoader: applying relo to instruction at byte offset: 2000, 	       insn offset 250 , insn 118
02-19 13:58:54.132    65    65 D LibBpfLoader: applying relo to instruction at byte offset: 2104, 	       insn offset 263 , insn 118
02-19 13:58:54.132    65    65 D LibBpfLoader: applying relo to instruction at byte offset: 2144, 	       insn offset 268 , insn 118
02-19 13:58:54.132    65    65 D LibBpfLoader: applying relo to instruction at byte offset: 2416, 	       insn offset 302 , insn 118
02-19 13:58:54.132     0     0 E libprocessgroup: Failed to make and chown /acct/uid_1000: Read-only file system
02-19 13:58:54.132    65    65 D LibBpfLoader: applying relo to instruction at byte offset: 2520, 	       insn offset 315 , insn 118
02-19 13:58:54.132     0     0 E init    : createProcessGroup(1000, 88) failed for service 'vendor.memtrack-hal-1-0': Read-only file system
02-19 13:58:54.132    79    79 I HidlServiceManagement: Registered android.hardware.configstore@1.1::ISurfaceFlingerConfigs/default
02-19 13:58:54.132    65    65 D LibBpfLoader: applying relo to instruction at byte offset: 2560, 	       insn offset 320 , insn 118
02-19 13:58:54.132    65    65 D LibBpfLoader: applying relo to instruction at byte offset: 2704, 	       insn offset 338 , insn 118
02-19 13:58:54.132    79    79 I HidlServiceManagement: Removing namespace from process name android.hardware.configstore@1.1-service to configstore@1.1-service.
02-19 13:58:54.132    65    65 D LibBpfLoader: applying relo to instruction at byte offset: 2808, 	       insn offset 351 , insn 118
02-19 13:58:54.132    65    65 D LibBpfLoader: applying relo to instruction at byte offset: 2848, 	       insn offset 356 , insn 118
02-19 13:58:54.132    65    65 D LibBpfLoader: applying relo to instruction at byte offset: 3080, 	       insn offset 385 , insn 118
02-19 13:58:54.132    65    65 D LibBpfLoader: applying relo to instruction at byte offset: 3184, 	       insn offset 398 , insn 118
02-19 13:58:54.132    65    65 D LibBpfLoader: applying relo to instruction at byte offset: 3224, 	       insn offset 403 , insn 118
02-19 13:58:54.132    65    65 D LibBpfLoader: applying relo to instruction at byte offset: 88, 	       insn offset 11 , insn 118
02-19 13:58:54.132    65    65 D LibBpfLoader: applying relo to instruction at byte offset: 192, 	       insn offset 24 , insn 118
02-19 13:58:54.132    65    65 D LibBpfLoader: applying relo to instruction at byte offset: 232, 	       insn offset 29 , insn 118
02-19 13:58:54.132    65    65 D LibBpfLoader: applying relo to instruction at byte offset: 40, 	       insn offset 5 , insn 118
02-19 13:58:54.132     0     0 I init    : starting service 'vendor.power-hal-1-0'...
02-19 13:58:54.133    65    65 D LibBpfLoader: applying relo to instruction at byte offset: 144, 	       insn offset 18 , insn 118
02-19 13:58:54.133    65    65 D LibBpfLoader: applying relo to instruction at byte offset: 184, 	       insn offset 23 , insn 118
02-19 13:58:54.133    65    65 D LibBpfLoader: applying relo to instruction at byte offset: 136, 	       insn offset 17 , insn 118
02-19 13:58:54.133    65    65 D LibBpfLoader: applying relo to instruction at byte offset: 32, 	       insn offset 4 , insn 118
02-19 13:58:54.133    65    65 D LibBpfLoader: applying relo to instruction at byte offset: 80, 	       insn offset 10 , insn 118
02-19 13:58:54.134     0     0 E libprocessgroup: Failed to make and chown /acct/uid_1000: Read-only file system
02-19 13:58:54.134     0     0 E init    : createProcessGroup(1000, 93) failed for service 'vendor.power-hal-1-0': Read-only file system
02-19 13:58:54.134    80    80 D vndksupport: Loading /vendor/lib/hw/android.hardware.drm@1.0-impl.so from current namespace instead of sphal namespace.
02-19 13:58:54.135     0     0 I init    : starting service 'vendor.sensors-hal-1-0'...
02-19 13:58:54.135    65    65 D LibBpfLoader: bpf_prog_load lib call for /system/etc/bpf/netd.o (cgroupskb_ingress_stats) returned fd: 16 (no error)
02-19 13:58:54.136     0     0 E libprocessgroup: Failed to make and chown /acct/uid_1000: Read-only file system
02-19 13:58:54.136     0     0 E init    : createProcessGroup(1000, 96) failed for service 'vendor.sensors-hal-1-0': Read-only file system
02-19 13:58:54.136    82    82 D vndksupport: Loading /vendor/lib64/hw/android.hardware.gatekeeper@1.0-impl.so from current namespace instead of sphal namespace.
02-19 13:58:54.137    65    65 D LibBpfLoader: bpf_prog_load lib call for /system/etc/bpf/netd.o (cgroupskb_egress_stats) returned fd: 17 (no error)
02-19 13:58:54.137    65    65 D LibBpfLoader: cs[2].name:skfilter_egress_xtbpf min_kver:0 .max_kver:ffffffff (kvers:60705)
02-19 13:58:54.137     0     0 I init    : starting service 'vendor.vibrator-1-0'...
02-19 13:58:54.137    65    65 D LibBpfLoader: bpf_prog_load lib call for /system/etc/bpf/netd.o (skfilter_egress_xtbpf) returned fd: 18 (no error)
02-19 13:58:54.137    82    82 D vndksupport: Loading /vendor/lib64/hw/gatekeeper.waydroid.so from current namespace instead of sphal namespace.
02-19 13:58:54.137    65    65 D LibBpfLoader: cs[3].name:skfilter_ingress_xtbpf min_kver:0 .max_kver:ffffffff (kvers:60705)
02-19 13:58:54.137    78    78 I HidlServiceManagement: Registered android.hardware.cas@1.2::IMediaCasService/default
02-19 13:58:54.137    65    65 D LibBpfLoader: bpf_prog_load lib call for /system/etc/bpf/netd.o (skfilter_ingress_xtbpf) returned fd: 19 (no error)
02-19 13:58:54.137    65    65 D LibBpfLoader: cs[4].name:skfilter_whitelist_xtbpf min_kver:0 .max_kver:ffffffff (kvers:60705)
02-19 13:58:54.138    78    78 I HidlServiceManagement: Removing namespace from process name android.hardware.cas@1.2-service to cas@1.2-service.
02-19 13:58:54.138    65    65 D LibBpfLoader: bpf_prog_load lib call for /system/etc/bpf/netd.o (skfilter_whitelist_xtbpf) returned fd: 20 (no error)
02-19 13:58:54.138    65    65 D LibBpfLoader: cs[5].name:skfilter_blacklist_xtbpf min_kver:0 .max_kver:ffffffff (kvers:60705)
02-19 13:58:54.138     0     0 E libprocessgroup: Failed to make and chown /acct/uid_1000: Read-only file system
02-19 13:58:54.138    65    65 D LibBpfLoader: bpf_prog_load lib call for /system/etc/bpf/netd.o (skfilter_blacklist_xtbpf) returned fd: 21 (no error)
02-19 13:58:54.138    65    65 D LibBpfLoader: cs[6].name:cgroupsock_inet_create min_kver:40e00 .max_kver:ffffffff (kvers:60705)
02-19 13:58:54.138     0     0 E init    : createProcessGroup(1000, 97) failed for service 'vendor.vibrator-1-0': Read-only file system
02-19 13:58:54.138    65    65 D LibBpfLoader: bpf_prog_load lib call for /system/etc/bpf/netd.o (cgroupsock_inet_create) returned fd: 22 (no error)
02-19 13:58:54.138    65    65 I bpfloader: Loaded object: /system/etc/bpf/netd.o
02-19 13:58:54.138    85    85 I HidlServiceManagement: Registered android.hardware.light@2.0::ILight/default
02-19 13:58:54.139    85    85 I HidlServiceManagement: Removing namespace from process name android.hardware.light@2.0-service.waydroid to light@2.0-service.waydroid.
02-19 13:58:54.139    85    85 I android.hardware.light@2.0-service.waydroid: Waydroid light HAL service ready.
02-19 13:58:54.139     0     0 I init    : starting service 'audioserver'...
02-19 13:58:54.139    88    88 D vndksupport: Loading /vendor/lib64/hw/android.hardware.memtrack@1.0-impl.so from current namespace instead of sphal namespace.
02-19 13:58:54.139    67    67 D TetherController: Setting IP forward enable = 0
02-19 13:58:54.140    88    88 D vndksupport: Loading /vendor/lib64/hw/memtrack.waydroid.so from current namespace instead of sphal namespace.
02-19 13:58:54.140    76    76 I android.hardware.camera.provider@2.4-service: CameraProvider@2.4 legacy service is starting.
02-19 13:58:54.140     0     0 E libprocessgroup: Failed to make and chown /acct/uid_1041: Read-only file system
02-19 13:58:54.140     0     0 E init    : createProcessGroup(1041, 100) failed for service 'audioserver': Read-only file system
02-19 13:58:54.140    84    84 I health@2.0/: health@2.0/default: Hal starting main loop...
02-19 13:58:54.140    84    84 I health@2.0/: health@2.0/default Hal is starting up...
02-19 13:58:54.140    83    83 D vndksupport: Loading /vendor/lib64/hw/android.hardware.graphics.allocator@2.0-impl.so from current namespace instead of sphal namespace.
02-19 13:58:54.141     0     0 I init    : starting service 'credstore'...
02-19 13:58:54.141    76    76 D vndksupport: Loading /vendor/lib/hw/android.hardware.camera.provider@2.4-impl.so from current namespace instead of sphal namespace.
02-19 13:58:54.142     0     0 W libprocessgroup: Failed to open /dev/stune/foreground/tasks: No such file or directory: No such file or directory
02-19 13:58:54.142     0     0 W libprocessgroup: Failed to apply HighPerformance task profile: No such file or directory
02-19 13:58:54.142    83    83 D vndksupport: Loading /vendor/lib64/hw/gralloc.gbm.so from current namespace instead of sphal namespace.
02-19 13:58:54.142    88    88 I HidlServiceManagement: Registered android.hardware.memtrack@1.0::IMemtrack/default
02-19 13:58:54.142    88    88 I HidlServiceManagement: Removing namespace from process name android.hardware.memtrack@1.0-service to memtrack@1.0-service.
02-19 13:58:54.142    88    88 I LegacySupport: Registration complete for android.hardware.memtrack@1.0::IMemtrack/default.
02-19 13:58:54.142    84    84 I HidlServiceManagement: Registered android.hardware.health@2.0::IHealth/default
02-19 13:58:54.142    84    84 I HidlServiceManagement: Removing namespace from process name android.hardware.health@2.0-service.waydroid to health@2.0-service.waydroid.
02-19 13:58:54.143    67    67 I netd    : Creating child chains: 86us
02-19 13:58:54.143    84    84 I health@2.0/: health@2.0/default: Hal init done
02-19 13:58:54.143    67    67 I netd    : Setting up OEM hooks: 95us
02-19 13:58:54.143    67    67 I netd    : Setting up FirewallController hooks: 30us
02-19 13:58:54.143    67    67 I netd    : Setting up TetherController hooks: 25us
02-19 13:58:54.143    93    93 I android.hardware.power@1.0-service.waydroid: Power HAL Service 1.0 for Waydroid is starting.
02-19 13:58:54.143    67    67 I netd    : Setting up BandwidthController hooks: 52us
02-19 13:58:54.143    67    67 I netd    : Setting up IdletimerController hooks: 13us
02-19 13:58:54.143    67    67 I netd    : Setting up StrictController hooks: 124us
02-19 13:58:54.143    67    67 I ClatdController: 4.9+ kernel and device shipped with P - clat ebpf might work.
02-19 13:58:54.143     0     0 E libprocessgroup: Failed to make and chown /acct/uid_1076: Read-only file system
02-19 13:58:54.143    67    67 I netd    : Initializing ClatdController: 76us
02-19 13:58:54.143     0     0 E init    : createProcessGroup(1076, 101) failed for service 'credstore': Read-only file system
02-19 13:58:54.143    80    80 I HidlServiceManagement: Registered android.hardware.drm@1.0::IDrmFactory/default
02-19 13:58:54.143    67    67 I netd    : Initializing traffic control: 361us
02-19 13:58:54.143    82    82 E WaydroidGatekeeper: called waydroid_gatekeeper_open with gate keeper 0x73f4c0008020 device 0x73f4bffd6c08
02-19 13:58:54.143    67    67 I netd    : Enabling bandwidth control: 97us
02-19 13:58:54.143    80    80 I HidlServiceManagement: Removing namespace from process name android.hardware.drm@1.0-service to drm@1.0-service.
02-19 13:58:54.144    93    93 I HidlServiceManagement: Registered android.hardware.power@1.0::IPower/default
02-19 13:58:54.144     0     0 I init    : starting service 'gpu'...
02-19 13:58:54.144    80    80 I LegacySupport: Registration complete for android.hardware.drm@1.0::IDrmFactory/default.
02-19 13:58:54.144    93    93 I HidlServiceManagement: Removing namespace from process name android.hardware.power@1.0-service.waydroid to power@1.0-service.waydroid.
02-19 13:58:54.144    93    93 I android.hardware.power@1.0-service.waydroid: Power Service is ready
02-19 13:58:54.144    97    97 I android.hardware.vibrator@1.0-service.waydroid: Vibrator HAL service is starting.
02-19 13:58:54.144    82    82 I HidlServiceManagement: Registered android.hardware.gatekeeper@1.0::IGatekeeper/default
02-19 13:58:54.144    82    82 I HidlServiceManagement: Removing namespace from process name android.hardware.gatekeeper@1.0-service to gatekeeper@1.0-service.
02-19 13:58:54.144    80    80 D vndksupport: Loading /vendor/lib/hw/android.hardware.drm@1.0-impl.so from current namespace instead of sphal namespace.
02-19 13:58:54.144    82    82 I LegacySupport: Registration complete for android.hardware.gatekeeper@1.0::IGatekeeper/default.
02-19 13:58:54.145     0     0 E libprocessgroup: Failed to make and chown /acct/uid_1072: Read-only file system
02-19 13:58:54.145     0     0 E init    : createProcessGroup(1072, 104) failed for service 'gpu': Read-only file system
02-19 13:58:54.145    97    97 I HidlServiceManagement: Registered android.hardware.vibrator@1.0::IVibrator/default
02-19 13:58:54.145    97    97 I HidlServiceManagement: Removing namespace from process name android.hardware.vibrator@1.0-service.waydroid to vibrator@1.0-service.waydroid.
02-19 13:58:54.145    97    97 I android.hardware.vibrator@1.0-service.waydroid: Vibrator HAL service is Ready.
02-19 13:58:54.145    80    80 I HidlServiceManagement: Registered android.hardware.drm@1.0::ICryptoFactory/default
02-19 13:58:54.145    96    96 I HidlServiceManagement: Registered android.hardware.sensors@1.0::ISensors/default
02-19 13:58:54.145    96    96 I HidlServiceManagement: Removing namespace from process name android.hardware.sensors@1.0-service.waydroid to sensors@1.0-service.waydroid.
02-19 13:58:54.145    80    80 I HidlServiceManagement: Removing namespace from process name android.hardware.drm@1.0-service to drm@1.0-service.
02-19 13:58:54.145    96    96 I android.hardware.sensors@1.0-service.waydroid: Waydroid Sensors HAL service ready.
02-19 13:58:54.145     0     0 I init    : starting service 'surfaceflinger'...
02-19 13:58:54.146     0     0 I init    : Could not create socket 'pdx/system/vr/display/client': Failed to bind socket 'pdx/system/vr/display/client': No such file or directory
02-19 13:58:54.146     0     0 I init    : Could not create socket 'pdx/system/vr/display/manager': Failed to bind socket 'pdx/system/vr/display/manager': No such file or directory
02-19 13:58:54.146     0     0 I init    : Could not create socket 'pdx/system/vr/display/vsync': Failed to bind socket 'pdx/system/vr/display/vsync': No such file or directory
02-19 13:58:54.146    80    80 I LegacySupport: Registration complete for android.hardware.drm@1.0::ICryptoFactory/default.
02-19 13:58:54.146    74    74 I HidlServiceManagement: Registered android.hardware.audio@4.0::IDevicesFactory/default
02-19 13:58:54.146    74    74 I HidlServiceManagement: Removing namespace from process name android.hardware.audio.service to audio.service.
02-19 13:58:54.147    67    67 E Netd    : cannot find interface dummy0: No such device
02-19 13:58:54.147     0     0 E libprocessgroup: Failed to make and chown /acct/uid_1000: Read-only file system
02-19 13:58:54.147     0     0 E init    : createProcessGroup(1000, 105) failed for service 'surfaceflinger': Read-only file system
02-19 13:58:54.147    74    74 I LegacySupport: Registration complete for android.hardware.audio@4.0::IDevicesFactory/default.
02-19 13:58:54.147    35    35 I hwservicemanager: getTransport: Cannot find entry android.hardware.audio.effect@6.0::IEffectsFactory/default in either framework or device manifest.
02-19 13:58:54.147    67    67 I netd    : Initializing RouteController: 3482us
02-19 13:58:54.147     0     0 I init    : Service 'bpfloader' (pid 65) exited with status 0 oneshot service took 0.062000 seconds in background
02-19 13:58:54.147     0     0 I init    : Sending signal 9 to service 'bpfloader' (pid 65) process group...
02-19 13:58:54.147    67    67 D XfrmController: XfrmController::ipSecAddXfrmInterface, line=1377
02-19 13:58:54.147     0     0 I libprocessgroup: Successfully killed process cgroup uid 0 pid 65 in 0ms
02-19 13:58:54.147     0     0 I init    : starting service 'exec 10 (/system/bin/fsverity_init)'...
02-19 13:58:54.148    67    67 D XfrmController: XfrmController::ipSecRemoveTunnelInterface, line=1590
02-19 13:58:54.148    67    67 D XfrmController: deviceName=ipsec_test
02-19 13:58:54.148    74    74 E LegacySupport: Could not get passthrough implementation for android.hardware.audio.effect@6.0::IEffectsFactory/default.
02-19 13:58:54.148    35    35 I hwservicemanager: getTransport: Cannot find entry android.hardware.audio.effect@5.0::IEffectsFactory/default in either framework or device manifest.
02-19 13:58:54.148    81    81 I HidlServiceManagement: Registered android.hardware.drm@1.3::IDrmFactory/clearkey
02-19 13:58:54.148    81    81 I HidlServiceManagement: Removing namespace from process name android.hardware.drm@1.3-service.clearkey to drm@1.3-service.clearkey.
02-19 13:58:54.148     0     0 W libprocessgroup: Failed to open /dev/stune/foreground/tasks: No such file or directory: No such file or directory
02-19 13:58:54.148     0     0 W libprocessgroup: Failed to apply HighPerformance task profile: No such file or directory
02-19 13:58:54.148     0     0 E libprocessgroup: Failed to make and chown /acct/uid_0: Read-only file system
02-19 13:58:54.148    74    74 E LegacySupport: Could not get passthrough implementation for android.hardware.audio.effect@5.0::IEffectsFactory/default.
02-19 13:58:54.148     0     0 E init    : createProcessGroup(0, 108) failed for service 'exec 10 (/system/bin/fsverity_init)': Read-only file system
02-19 13:58:54.148     0     0 I init    : SVC_EXEC service 'exec 10 (/system/bin/fsverity_init)' pid 108 (uid 0 gid 0+0 context default) started; waiting...
02-19 13:58:54.148    81    81 I HidlServiceManagement: Registered android.hardware.drm@1.3::ICryptoFactory/clearkey
02-19 13:58:54.148    81    81 I HidlServiceManagement: Removing namespace from process name android.hardware.drm@1.3-service.clearkey to drm@1.3-service.clearkey.
02-19 13:58:54.149    74    74 D vndksupport: Loading /vendor/lib/hw/android.hardware.audio.effect@4.0-impl.so from current namespace instead of sphal namespace.
02-19 13:58:54.152    74    74 I HidlServiceManagement: Registered android.hardware.audio.effect@4.0::IEffectsFactory/default
02-19 13:58:54.152    74    74 I LegacySupport: Registration complete for android.hardware.audio.effect@4.0::IEffectsFactory/default.
02-19 13:58:54.152    35    35 I hwservicemanager: getTransport: Cannot find entry android.hardware.soundtrigger@2.3::ISoundTriggerHw/default in either framework or device manifest.
02-19 13:58:54.153    74    74 E LegacySupport: Could not get passthrough implementation for android.hardware.soundtrigger@2.3::ISoundTriggerHw/default.
02-19 13:58:54.153    35    35 I hwservicemanager: getTransport: Cannot find entry android.hardware.soundtrigger@2.2::ISoundTriggerHw/default in either framework or device manifest.
02-19 13:58:54.153   108   108 E fsverity_init: Failed to enforce fs-verity signature: Read-only file system
02-19 13:58:54.153    74    74 E LegacySupport: Could not get passthrough implementation for android.hardware.soundtrigger@2.2::ISoundTriggerHw/default.
02-19 13:58:54.153    35    35 I hwservicemanager: getTransport: Cannot find entry android.hardware.soundtrigger@2.1::ISoundTriggerHw/default in either framework or device manifest.
02-19 13:58:54.154    74    74 E LegacySupport: Could not get passthrough implementation for android.hardware.soundtrigger@2.1::ISoundTriggerHw/default.
02-19 13:58:54.154    35    35 I hwservicemanager: getTransport: Cannot find entry android.hardware.soundtrigger@2.0::ISoundTriggerHw/default in either framework or device manifest.
02-19 13:58:54.155    74    74 E LegacySupport: Could not get passthrough implementation for android.hardware.soundtrigger@2.0::ISoundTriggerHw/default.
02-19 13:58:54.155    74    74 W audiohalservice: Could not register Soundtrigger API
02-19 13:58:54.155    35    35 I hwservicemanager: getTransport: Cannot find entry android.hardware.bluetooth.audio@2.0::IBluetoothAudioProvidersFactory/default in either framework or device manifest.
02-19 13:58:54.155    74    74 E LegacySupport: Could not get passthrough implementation for android.hardware.bluetooth.audio@2.0::IBluetoothAudioProvidersFactory/default.
02-19 13:58:54.155    74    74 W audiohalservice: Could not register Bluetooth Audio API
02-19 13:58:54.155    35    35 I hwservicemanager: getTransport: Cannot find entry android.hardware.bluetooth.a2dp@1.0::IBluetoothAudioOffload/default in either framework or device manifest.
02-19 13:58:54.156    74    74 E LegacySupport: Could not get passthrough implementation for android.hardware.bluetooth.a2dp@1.0::IBluetoothAudioOffload/default.
02-19 13:58:54.156    74    74 W audiohalservice: Could not register Bluetooth Audio Offload API
02-19 13:58:54.160    67    67 D XfrmController: Sending Netlink XFRM Message: XFRM_MSG_FLUSHSA
02-19 13:58:54.160    67    67 D XfrmController: Sending Netlink XFRM Message: XFRM_MSG_FLUSHPOLICY
02-19 13:58:54.160    67    67 I netd    : Initializing XfrmController: 12938us
02-19 13:58:54.160     0     0 I init    : Service 'exec 10 (/system/bin/fsverity_init)' (pid 108) exited with status 0 waiting took 0.012000 seconds
02-19 13:58:54.160     0     0 I init    : Sending signal 9 to service 'exec 10 (/system/bin/fsverity_init)' (pid 108) process group...
02-19 13:58:54.160    75    75 E hwcomposer: wayland display 0x724b51a34000
02-19 13:58:54.160     0     0 I libprocessgroup: Successfully killed process cgroup uid 0 pid 108 in 0ms
02-19 13:58:54.161     0     0 I init    : processing action (persist.sys.usb.config=* && boot) from (/system/etc/init/hw/init.usb.rc:105)
02-19 13:58:54.161     0     0 I init    : processing action (boot) from (/system/etc/init/dumpstate.rc:1)
02-19 13:58:54.161     0     0 I init    : processing action (boot) from (/system/etc/init/gsid.rc:20)
02-19 13:58:54.161     0     0 I init    : starting service 'exec 11 (/system/bin/gsid run-startup-tasks)'...
02-19 13:58:54.162     0     0 E libprocessgroup: Failed to make and chown /acct/uid_0: Read-only file system
02-19 13:58:54.162    67    67 E Netd    : Unable to create netlink socket for family 5: Protocol not supported
02-19 13:58:54.162     0     0 E init    : createProcessGroup(0, 117) failed for service 'exec 11 (/system/bin/gsid run-startup-tasks)': Read-only file system
02-19 13:58:54.162    67    67 W Netd    : Unable to open qlog quota socket, check if xt_quota2 can send via UeventHandler
02-19 13:58:54.162     0     0 I init    : processing action (boot) from (/system/etc/init/init.waydroid.rc:1)
02-19 13:58:54.162     0     0 I init    : processing action (boot) from (/system/etc/init/lineage-iosched.rc:16)
02-19 13:58:54.162     0     0 I init    : processing action (enable_property_trigger) from (<Builtin Action>:0)
02-19 13:58:54.163     0     0 I init    : processing action (apexd.status=ready && ro.product.cpu.abilist32=*) from (/system/etc/init/hw/init.rc:89)
02-19 13:58:54.163     0     0 I init    : starting service 'boringssl_self_test_apex32'...
02-19 13:58:54.163    67    67 I libnetd_resolv: resolv_init: Initializing resolver
02-19 13:58:54.164     0     0 E libprocessgroup: Failed to make and chown /acct/uid_0: Read-only file system
02-19 13:58:54.164     0     0 E init    : createProcessGroup(0, 118) failed for service 'boringssl_self_test_apex32': Read-only file system
02-19 13:58:54.164     0     0 I init    : SVC_EXEC service 'boringssl_self_test_apex32' pid 118 (uid 0 gid 0+0 context default) started; waiting...
02-19 13:58:54.164   117   117 I gsid    : no DSU: No such file or directory
02-19 13:58:54.165    75    75 E hwcomposer: hwc_query badness unsupported query what=0
02-19 13:58:54.165    75   136 D vndksupport: Loading /vendor/lib64/egl/libEGL_mesa.so from current namespace instead of sphal namespace.
02-19 13:58:54.165    75    75 I HidlServiceManagement: Registered android.hardware.graphics.composer@2.1::IComposer/default
02-19 13:58:54.165    75   134 I HidlServiceManagement: Registered vendor.waydroid.display@1.1::IWaydroidDisplay/default
02-19 13:58:54.165    75   135 I HidlServiceManagement: Registered vendor.waydroid.window@1.2::IWaydroidWindow/default
02-19 13:58:54.166    75    75 I HidlServiceManagement: Removing namespace from process name android.hardware.graphics.composer@2.1-service to composer@2.1-service.
02-19 13:58:54.166    75   134 I hwcomposer: Waydroid Display HAL thread is ready.
02-19 13:58:54.166    75   135 I hwcomposer: Waydroid Window HAL thread is ready.
02-19 13:58:54.166    75   136 D libEGL  : loaded /vendor/lib64/egl/libEGL_mesa.so
02-19 13:58:54.167    75   136 D vndksupport: Loading /vendor/lib64/egl/libGLESv1_CM_mesa.so from current namespace instead of sphal namespace.
02-19 13:58:54.167    75   136 D libEGL  : loaded /vendor/lib64/egl/libGLESv1_CM_mesa.so
02-19 13:58:54.167    75   136 D vndksupport: Loading /vendor/lib64/egl/libGLESv2_mesa.so from current namespace instead of sphal namespace.
02-19 13:58:54.167    75   136 D libEGL  : loaded /vendor/lib64/egl/libGLESv2_mesa.so
02-19 13:58:54.169     0     0 I init    : Service 'boringssl_self_test_apex32' (pid 118) exited with status 0 waiting took 0.005000 seconds
02-19 13:58:54.169     0     0 I init    : Sending signal 9 to service 'boringssl_self_test_apex32' (pid 118) process group...
02-19 13:58:54.169     0     0 I libprocessgroup: Successfully killed process cgroup uid 0 pid 118 in 0ms
02-19 13:58:54.169    75   136 D vndksupport: Loading /vendor/lib64/hw/gralloc.gbm.so from current namespace instead of sphal namespace.
02-19 13:58:54.169     0     0 I init    : processing action (apexd.status=ready && ro.product.cpu.abilist64=*) from (/system/etc/init/hw/init.rc:91)
02-19 13:58:54.169     0     0 I init    : starting service 'boringssl_self_test_apex64'...
02-19 13:58:54.170     0     0 E libprocessgroup: Failed to make and chown /acct/uid_0: Read-only file system
02-19 13:58:54.170     0     0 E init    : createProcessGroup(0, 128) failed for service 'boringssl_self_test_apex64': Read-only file system
02-19 13:58:54.171     0     0 I init    : SVC_EXEC service 'boringssl_self_test_apex64' pid 128 (uid 0 gid 0+0 context default) started; waiting...
02-19 13:58:54.171    76    76 E V4L2Wrapper: QueryControl:190: QUERY_EXT_CTRL fails: Invalid argument
02-19 13:58:54.171    76    76 E V4L2MetadataFactory: V4L2Control:196: Failed to query control 10094867.
02-19 13:58:54.171    76    76 E V4L2MetadataFactory: V4L2Control:293: Control 9963800 (Power Line Frequency) is of unsupported type 3
02-19 13:58:54.171    76    76 E V4L2Wrapper: QueryControl:190: QUERY_EXT_CTRL fails: Invalid argument
02-19 13:58:54.171    76    76 E V4L2MetadataFactory: V4L2Control:196: Failed to query control 10094871.
