02-19 13:58:54.282    68    68 W Zygote  : Class not found for preloading: android.app.-$$Lambda$ResourcesManager$QJ7UiVk_XS90KuXAsIjIEym1DnM
02-19 13:58:54.286   100   100 I AudioFlinger: Using default 3000 mSec as standby time.
02-19 13:58:54.286   168   187 I ServiceManager: Waiting for service 'package_native' on '/dev/binder'...
02-19 13:58:54.287   100   100 E APM::Serializer: deserialize: Could not parse /odm/etc/audio_policy_configuration.xml document.
02-19 13:58:54.289   100   100 D APM_EngineLoader: Loaded engine from libaudiopolicyenginedefault.so
02-19 13:58:54.290   100   100 E APM::AudioPolicyEngine/Config: parse: Could not parse document /vendor/etc/audio_policy_engine_configuration.xml
02-19 13:58:54.290   100   100 E libxml2 : I/O warning : failed to load external entity "/vendor/etc/audio_policy_engine_configuration.xml"
02-19 13:58:54.290   100   100 W APM::AudioPolicyEngine/Base: loadAudioPolicyEngineConfig: No configuration found, using default matching phone experience.
02-19 13:58:54.290   100   100 E APM::AudioPolicyEngine/Config: parseLegacyVolumeFile: Could not parse document /odm/etc/audio_policy_configuration.xml
02-19 13:58:54.290   100   100 E libxml2 : I/O warning : failed to load external entity "/odm/etc/audio_policy_configuration.xml"
02-19 13:58:54.292   100   100 W APM::AudioPolicyEngine/Base: loadAudioPolicyEngineConfig: No configuration of AUDIO_STREAM_CALL_ASSISTANT found, using default volume configuration
02-19 13:58:54.292    74    74 D vndksupport: Loading /vendor/lib/hw/audio.primary.waydroid.so from current namespace instead of sphal namespace.
02-19 13:58:54.293   100   100 I AudioFlinger: loadHwModule() Loaded primary audio interface, handle 10
02-19 13:58:54.293   100   100 I AudioFlinger: openOutput() this 0x7389eb643000, module 10 Device type:0x2,@:, SamplingRate 48000, Format 0x000001, Channels 0x3, flags 0x2
02-19 13:58:54.293    74    74 I audio_hw_primary: adev_open_output_stream selects channels=2 rate=48000 format=2
02-19 13:58:54.294   100   100 I AudioFlinger: HAL output buffer size 2048 frames, normal sink buffer size 2048 frames
02-19 13:58:54.294    35    35 I hwservicemanager: getTransport: Cannot find entry android.hardware.audio.effect@6.0::IEffectsFactory/default in either framework or device manifest.
02-19 13:58:54.294    35    35 I hwservicemanager: getTransport: Cannot find entry android.hardware.audio.effect@5.0::IEffectsFactory/default in either framework or device manifest.
02-19 13:58:54.296   100   100 I BufferProvider: found effect "Multichannel Downmix To Stereo" from The Android Open Source Project
02-19 13:58:54.296   100   100 E AudioFlinger: Failed to add event callback
02-19 13:58:54.296   100   236 I AudioFlinger: AudioFlinger's thread 0x7389eb6b49c0 tid=236 ready to run
02-19 13:58:54.296   100   236 W AudioFlinger: no wake lock to update, system not ready yet
02-19 13:58:54.296   100   236 D AudioFlinger: ro.audio.silent is ignored since no output device is set
02-19 13:58:54.296   100   236 W AudioFlinger: no wake lock to update, system not ready yet
02-19 13:58:54.296   100   236 D AudioFlinger: ro.audio.silent is ignored since no output device is set
02-19 13:58:54.297   100   100 V APM_AudioPolicyManager: checkAndSetVolume cannot set volume group 4 volume with force use = 0 for comm
02-19 13:58:54.298    74    74 W DeviceHAL: Error from HAL Device in function set_voice_volume: Function not implemented
02-19 13:58:54.298   100   100 W AudioFlinger: moveEffects() bad srcOutput 0
02-19 13:58:54.298   100   100 V APM_AudioPolicyManager: selectOutputForMusicEffects selected output 13
02-19 13:58:54.298   100   100 V APM_AudioPolicyManager: setOutputDevices device {type:0x2,@:} delayMs 0
02-19 13:58:54.298   100   100 V APM_AudioPolicyManager: setOutputDevices() prevDevice {type:0x2,@:}
02-19 13:58:54.298   100   100 W APM::AudioPolicyEngine: getDevicesForStrategy() unknown strategy: -1
02-19 13:58:54.298   100   100 V APM_AudioPolicyManager: setOutputDevices changing device to {type:0x2,@:}
02-19 13:58:54.300    66    66 I ServiceManager: Waiting for service 'statscompanion' on '/dev/binder'...
02-19 13:58:54.306    68   223 I zygote64: Verified 1376 classes from mainline modules in 47.389ms
02-19 13:58:54.316    69   222 I zygote  : Verified 1376 classes from mainline modules in 56.910ms
02-19 13:58:54.342    68    68 E ActivityRecognitionHardware: activity_recognition HAL is deprecated. class_init is effectively a no-op
02-19 13:58:54.358   105   105 D RenderEngine: shader cache generated - 48 shaders in 132.203827 ms
02-19 13:58:54.359   105   105 I HidlServiceManagement: Registered android.frameworks.displayservice@1.0::IDisplayService/default
02-19 13:58:54.359   105   105 D SurfaceFlinger: Setting power mode 2 on display 0
02-19 13:58:54.359   105   105 D SurfaceFlinger: Finished setting power mode 2 on display 0
02-19 13:58:54.365     0     0 I init    : starting service 'bootanim'...
02-19 13:58:54.366     0     0 E libprocessgroup: Failed to make and chown /acct/uid_1003: Read-only file system
02-19 13:58:54.366     0     0 E init    : createProcessGroup(1003, 238) failed for service 'bootanim': Read-only file system
02-19 13:58:54.366     0     0 I init    : Control message: Processed ctl.start for 'bootanim' from pid: 105 (/system/bin/surfaceflinger)
02-19 13:58:54.366     0     0 W libprocessgroup: Failed to open /dev/stune/top-app/tasks: No such file or directory: No such file or directory
02-19 13:58:54.366     0     0 W libprocessgroup: Failed to apply MaxPerformance task profile: No such file or directory
02-19 13:58:54.381   145   145 I perfetto: probes_producer.cc:100  Connected to the service
02-19 13:58:54.384   100   100 V APM_AudioPolicyManager: setOutputDevices() AF::createAudioPatch returned -61 patchHandle 0 num_sources 1 num_sinks 1
02-19 13:58:54.384   100   100 V APM_AudioPolicyManager: checkAndSetVolume cannot set volume group 4 volume with force use = 0 for comm
02-19 13:58:54.384    74    74 I audio_hw_primary: adev_open_input_stream selects channels=2 rate=16000 format=10
02-19 13:58:54.385    74    74 I audio_hw_primary: adev_open_input_stream selects channels=2 rate=16000 format=10
02-19 13:58:54.385   100   239 I AudioFlinger: AudioFlinger's thread 0x7389eb724540 tid=239 ready to run
02-19 13:58:54.385   100   239 W AudioFlinger: no wake lock to update, system not ready yet
02-19 13:58:54.385   100   239 W AudioFlinger: no wake lock to update, system not ready yet
02-19 13:58:54.387   168   187 I ServiceManager: Waiting for service 'package_native' on '/dev/binder'...
02-19 13:58:54.387   100   100 I bt_a2dp_hw: adev_open:  adev_open in A2dp_hw module
02-19 13:58:54.387   100   100 I AudioFlinger: loadHwModule() Loaded a2dp audio interface, handle 18
02-19 13:58:54.387   100   100 E APM_AudioPolicyManager: onNewAudioModulesAvailableInt: Input device list is empty!
02-19 13:58:54.387    74    74 D vndksupport: Loading /vendor/lib/hw/audio.usb.default.so from current namespace instead of sphal namespace.
02-19 13:58:54.387   100   100 I AudioFlinger: loadHwModule() Loaded usb audio interface, handle 26
02-19 13:58:54.387   100   100 E APM_AudioPolicyManager: onNewAudioModulesAvailableInt: Input device list is empty!
02-19 13:58:54.388    74    74 D vndksupport: Loading /vendor/lib/hw/audio.r_submix.default.so from current namespace instead of sphal namespace.
02-19 13:58:54.388    74    74 I r_submix: adev_open(name=audio_hw_if)
02-19 13:58:54.388    74    74 I r_submix: adev_init_check()
02-19 13:58:54.388   100   100 I AudioFlinger: loadHwModule() Loaded r_submix audio interface, handle 34
02-19 13:58:54.388    74    74 D r_submix: adev_open_input_stream(addr=0)
02-19 13:58:54.388    74    74 D r_submix: submix_audio_device_create_pipe_l(addr=0, idx=9)
02-19 13:58:54.388    74    74 D r_submix:   now using address 0 for route 9
02-19 13:58:54.388   100   241 I AudioFlinger: AudioFlinger's thread 0x7389eb724240 tid=241 ready to run
02-19 13:58:54.388    74    74 I r_submix: in_standby()
02-19 13:58:54.388   100   241 W AudioFlinger: no wake lock to update, system not ready yet
02-19 13:58:54.388    74    74 I r_submix: in_standby()
02-19 13:58:54.388   100   241 W AudioFlinger: no wake lock to update, system not ready yet
02-19 13:58:54.388    74    74 D r_submix: adev_close_input_stream()
02-19 13:58:54.388    74    74 D r_submix: submix_audio_device_release_pipe_l(idx=9) addr=0
02-19 13:58:54.388    74    74 D r_submix: submix_audio_device_destroy_pipe_l(): pipe destroyed
02-19 13:58:54.389   100   100 W APM::AudioPolicyEngine: getDevicesForStrategy() unknown strategy: -1
02-19 13:58:54.389   100   100 W APM::AudioPolicyEngine: getDevicesForStrategy() unknown strategy: -1
02-19 13:58:54.389   238   238 D BootAnimation: BootAnimationStartTiming start time: 257806ms
02-19 13:58:54.389   238   238 D BootAnimation: BootAnimationPreloadTiming start time: 257806ms
02-19 13:58:54.389   100   100 I audioserver: Waiting for activity service
02-19 13:58:54.393   238   238 D BootAnimation: BootAnimationPreloadStopTiming start time: 257810ms
02-19 13:58:54.394    68    68 W Zygote  : Class not found for preloading: android.inputmethodservice.-$$Lambda$InputMethodService$TvVfWDKZ3ljQdrU87qYykg6uD-I
02-19 13:58:54.398    68    68 I zygote64: Thread[1,tid=68,Native,Thread*=0x7f01bda69c00,peer=0x13200000,"main"] recursive attempt to load library "libmedia_jni.so"
02-19 13:58:54.398    68    68 I zygote64: Thread[1,tid=68,Native,Thread*=0x7f01bda69c00,peer=0x13200000,"main"] recursive attempt to load library "libmedia_jni.so"
02-19 13:58:54.398    68    68 D MtpDeviceJNI: register_android_mtp_MtpDevice
02-19 13:58:54.398    68    68 I zygote64: Thread[1,tid=68,Native,Thread*=0x7f01bda69c00,peer=0x13200000,"main"] recursive attempt to load library "libmedia_jni.so"
02-19 13:58:54.398    68    68 I zygote64: Thread[1,tid=68,Native,Thread*=0x7f01bda69c00,peer=0x13200000,"main"] recursive attempt to load library "libmedia_jni.so"
02-19 13:58:54.398    68    68 W MediaProfiles: Could not find a validated xml file. Using the default instance instead.
02-19 13:58:54.399   238   246 D libEGL  : loaded /vendor/lib64/egl/libEGL_mesa.so
02-19 13:58:54.400   238   246 D libEGL  : loaded /vendor/lib64/egl/libGLESv1_CM_mesa.so
02-19 13:58:54.400    68    68 W Zygote  : Class not found for preloading: android.media.MediaRouter$Static$Client$1
02-19 13:58:54.400    68    68 W Zygote  : Class not found for preloading: android.media.MediaRouter$Static$Client$2
02-19 13:58:54.400    66    66 I ServiceManager: Waiting for service 'statscompanion' on '/dev/binder'...
02-19 13:58:54.400   238   246 D libEGL  : loaded /vendor/lib64/egl/libGLESv2_mesa.so
02-19 13:58:54.404    68    68 W Zygote  : Class not found for preloading: android.net.shared.Inet4AddressUtils
02-19 13:58:54.404    68    68 W Zygote  : Class not found for preloading: android.net.shared.InetAddressUtils
02-19 13:58:54.414    68    68 W Zygote  : Class not found for preloading: android.telephony.ims.stub.-$$Lambda$ImsRegistrationImplBase$wwtkoeOtGwMjG5I0-ZTfjNpGU-s
02-19 13:58:54.416   238   246 W EGL-MAIN: failed to get driver name for fd -1
02-19 13:58:54.416   238   246 W EGL-MAIN: MESA-LOADER: failed to retrieve device information
02-19 13:58:54.416   238   246 W EGL-MAIN: failed to get driver name for fd -1
02-19 13:58:54.417    68    68 W Zygote  : Class not found for preloading: android.view.-$$Lambda$cZhmLzK8aetUdx4VlP9w5jR7En0
02-19 13:58:54.419    68    68 W Zygote  : Class not found for preloading: android.view.autofill.-$$Lambda$AutofillManager$AutofillManagerClient$vxNm6RuuD-r5pkiSxNSBBd1w_Qc
02-19 13:58:54.419    68    68 W Zygote  : Class not found for preloading: android.view.contentcapture.-$$Lambda$MainContentCaptureSession$1$JPRO-nNGZpgXrKr4QC_iQiTbQx0
02-19 13:58:54.419    68    68 W Zygote  : Class not found for preloading: android.view.contentcapture.-$$Lambda$MainContentCaptureSession$1$Xhq3WJibbalS1G_W3PRC2m7muhM
02-19 13:58:54.419    68    68 W Zygote  : Class not found for preloading: android.view.contentcapture.MainContentCaptureSession$1
02-19 13:58:54.422    35    35 I hwservicemanager: getTransport: Cannot find entry android.hardware.graphics.mapper@4.0::IMapper/default in either framework or device manifest.
02-19 13:58:54.422   238   246 I Gralloc4: mapper 4.x is not supported
02-19 13:58:54.422    35    35 I hwservicemanager: getTransport: Cannot find entry android.hardware.graphics.mapper@3.0::IMapper/default in either framework or device manifest.
02-19 13:58:54.422   238   246 W Gralloc3: mapper 3.x is not supported
02-19 13:58:54.424    35    35 I hwservicemanager: getTransport: Cannot find entry android.hardware.graphics.mapper@4.0::IMapper/default in either framework or device manifest.
02-19 13:58:54.424   238   246 D BootAnimation: BootAnimationShownTiming start time: 257841ms
02-19 13:58:54.424    68    68 W Zygote  : Class not found for preloading: com.android.internal.infra.-$$Lambda$T7zIZMFnvwrmtbuTMXLaZHHp-9s
02-19 13:58:54.424    68    68 W Zygote  : Class not found for preloading: com.android.internal.infra.-$$Lambda$XuWfs8-IsKaNygi8YjlVGjedkIw
02-19 13:58:54.424    68    68 W Zygote  : Class not found for preloading: com.android.internal.infra.-$$Lambda$qN_gooelzsUiBhYWznXKzb-8_wA
02-19 13:58:54.424    68    68 W Zygote  : Class not found for preloading: com.android.internal.infra.-$$Lambda$rAXGjry3wPGKviARzTYfDiY7xrs
02-19 13:58:54.427    68    68 W Zygote  : Class not found for preloading: com.android.internal.telephony.-$$Lambda$SubscriptionController$VCQsMNqRHpN3RyoXYzh2YUwA2yc
02-19 13:58:54.427    68    68 W Zygote  : Class not found for preloading: com.android.internal.telephony.-$$Lambda$SubscriptionController$u5xE-urXR6ElZ50305_6guo20Fc
02-19 13:58:54.433   105   105 I SurfaceFlinger: Enter boot animation
02-19 13:58:54.433   105   105 E FMQ     : grantorIdx must be less than 3
02-19 13:58:54.433    75    75 E FMQ     : grantorIdx must be less than 3
02-19 13:58:54.434    75    75 E FMQ     : grantorIdx must be less than 3
02-19 13:58:54.434   105   105 E FMQ     : grantorIdx must be less than 3
02-19 13:58:54.457    68    68 W Zygote  : Class not found for preloading: com.android.internal.telephony.IccSmsInterfaceManager$2
02-19 13:58:54.459    68    68 W Zygote  : Class not found for preloading: com.android.internal.telephony.dataconnection.DcTracker$5
02-19 13:58:54.461    68    68 W Zygote  : Class not found for preloading: com.android.internal.widget.-$$Lambda$gPQuiuEDuOmrh2MixBcV6a5gu5s
02-19 13:58:54.461    68    68 W Zygote  : Class not found for preloading: com.android.internal.widget.LockPatternUtils$2
02-19 13:58:54.472    68    68 I Zygote  : ...preloaded 12103 classes in 191ms.
02-19 13:58:54.472    68    68 I zygote64: VMRuntime.preloadDexCaches starting
02-19 13:58:54.480    68    68 I zygote64: VMRuntime.preloadDexCaches strings total=363833 before=11016 after=11016
02-19 13:58:54.480    68    68 I zygote64: VMRuntime.preloadDexCaches types total=41062 before=11252 after=11426
02-19 13:58:54.480    68    68 I zygote64: VMRuntime.preloadDexCaches fields total=174546 before=14275 after=15179
02-19 13:58:54.480    68    68 I zygote64: VMRuntime.preloadDexCaches methods total=317299 before=18080 after=18080
02-19 13:58:54.480    68    68 I zygote64: VMRuntime.preloadDexCaches finished
02-19 13:58:54.480    68    68 D Zygote64Timing: PreloadClasses took to complete: 199ms
02-19 13:58:54.481    68    68 I zygote64: The ClassLoaderContext is a special shared library.
02-19 13:58:54.481    68    68 D ApplicationLoaders: Created zygote-cached class loader: /system/framework/android.hidl.base-V1.0-java.jar
02-19 13:58:54.482    68    68 I zygote64: The ClassLoaderContext is a special shared library.
02-19 13:58:54.482    68    68 D ApplicationLoaders: Created zygote-cached class loader: /system/framework/android.hidl.manager-V1.0-java.jar
02-19 13:58:54.482    68    68 I zygote64: The ClassLoaderContext is a special shared library.
02-19 13:58:54.483    68    68 D ApplicationLoaders: Created zygote-cached class loader: /system/framework/android.test.base.jar
02-19 13:58:54.483    68    68 D Zygote64Timing: CacheNonBootClasspathClassLoaders took to complete: 2ms
02-19 13:58:54.483    68    68 I Zygote  : Preloading resources...
02-19 13:58:54.485    68    68 W Resources: Preloaded drawable resource #0x1080293 (android:drawable/dialog_background_material) that varies with configuration!!
02-19 13:58:54.487   168   187 I ServiceManager: Waiting for service 'package_native' on '/dev/binder'...
02-19 13:58:54.489    68    68 I Zygote  : ...preloaded 64 resources in 7ms.
02-19 13:58:54.490    68    68 I Zygote  : ...preloaded 41 resources in 1ms.
02-19 13:58:54.491    68    68 I Zygote  : ...preloaded 8 resource in 1ms.
02-19 13:58:54.491    68    68 D Zygote64Timing: PreloadResources took to complete: 9ms
02-19 13:58:54.494    68    68 D libEGL  : loaded /vendor/lib64/egl/libEGL_mesa.so
02-19 13:58:54.494    68    68 D libEGL  : loaded /vendor/lib64/egl/libGLESv1_CM_mesa.so
02-19 13:58:54.495    68    68 D libEGL  : loaded /vendor/lib64/egl/libGLESv2_mesa.so
02-19 13:58:54.497    68    68 I Zygote  : Preloading shared libraries...
02-19 13:58:54.500    68    68 I Zygote  : Called ZygoteHooks.endPreload()
02-19 13:58:54.500    68    68 I Zygote  : Installed AndroidKeyStoreProvider in 0ms.
02-19 13:58:54.500    66    66 I ServiceManager: Waiting for service 'statscompanion' on '/dev/binder'...
02-19 13:58:54.503    68    68 I Zygote  : Warmed up JCA providers in 3ms.
02-19 13:58:54.503    68    68 D Zygote  : end preload
02-19 13:58:54.503    68    68 D Zygote64Timing: ZygotePreload took to complete: 228ms
02-19 13:58:54.512    68    68 I zygote64: Explicit concurrent copying GC freed 129710(5688KB) AllocSpace objects, 6(144KB) LOS objects, 82% free, 5063KB/28MB, paused 16us total 9.231ms
02-19 13:58:54.520    68    68 I zygote64: Explicit concurrent copying GC freed 6230(256KB) AllocSpace objects, 0(0B) LOS objects, 83% free, 4838KB/28MB, paused 6us total 6.869ms
02-19 13:58:54.520    68    68 D Zygote64Timing: PostZygoteInitGC took to complete: 17ms
02-19 13:58:54.520    68    68 D Zygote64Timing: ZygoteInit took to complete: 247ms
02-19 13:58:54.524    75   133 E hwcomposer: Failed to open pipe to InputFlinger: No such device or address
02-19 13:58:54.532    75   133 I chatty  : uid=1000(system) composer@2.1-se identical 5 lines
02-19 13:58:54.540    75   133 E hwcomposer: Failed to open pipe to InputFlinger: No such device or address
02-19 13:58:54.542    68    68 D Zygote  : Forked child process 254
02-19 13:58:54.542    68    68 I Zygote  : System server process 254 has been created
02-19 13:58:54.543    68    68 I Zygote  : Accepting command socket connections
02-19 13:58:54.544   254   254 I chatty  : uid=1000 system_server expire 141 lines
02-19 13:58:54.545   140   159 I adbd    : jdwp connection from 254
02-19 13:58:54.547    75   133 E hwcomposer: Failed to open pipe to InputFlinger: No such device or address
02-19 13:58:54.572   254   254 I chatty  : uid=1000 system_server expire 163 lines
02-19 13:58:54.580    75   133 E hwcomposer: Failed to open pipe to InputFlinger: No such device or address
02-19 13:58:54.587   168   187 I ServiceManager: Waiting for service 'package_native' on '/dev/binder'...
02-19 13:58:54.588    75   133 E hwcomposer: Failed to open pipe to InputFlinger: No such device or address
02-19 13:58:54.596    75   133 E hwcomposer: Failed to open pipe to InputFlinger: No such device or address
02-19 13:58:54.600    66    66 I ServiceManager: Waiting for service 'statscompanion' on '/dev/binder'...
02-19 13:58:54.604    75   133 E hwcomposer: Failed to open pipe to InputFlinger: No such device or address
02-19 13:58:54.612    75   133 E hwcomposer: Failed to open pipe to InputFlinger: No such device or address
02-19 13:58:54.620    75   133 E hwcomposer: Failed to open pipe to InputFlinger: No such device or address
02-19 13:58:54.623   254   278 I chatty  : uid=1000 system_server expire 79 lines
02-19 13:58:54.636    75   133 E hwcomposer: Failed to open pipe to InputFlinger: No such device or address
02-19 13:58:54.644    75   133 E hwcomposer: Failed to open pipe to InputFlinger: No such device or address
02-19 13:58:54.650    35    35 I chatty  : uid=1000(system) hwservicemanage expire 24 lines
02-19 13:58:54.650   254   285 I chatty  : uid=1000(system) batterystats-wo expire 3 lines
02-19 13:58:54.651   254   285 I chatty  : uid=1000(system) batterystats-wo expire 10 lines
02-19 13:58:54.652    75   133 E hwcomposer: Failed to open pipe to InputFlinger: No such device or address
02-19 13:58:54.658    34    34 I servicemanager: getDeviceHalManifest: Reading VINTF information.
02-19 13:58:54.659    34    34 I servicemanager: getDeviceHalManifest: Successfully processed VINTF information
02-19 13:58:54.659    34    34 I servicemanager: getFrameworkHalManifest: Reading VINTF information.
02-19 13:58:54.659    34    34 I servicemanager: getFrameworkHalManifest: Successfully processed VINTF information
02-19 13:58:54.659    34    34 E servicemanager: Could not find android.hardware.power.IPower/default in the VINTF manifest.
02-19 13:58:54.659    75   133 E hwcomposer: Failed to open pipe to InputFlinger: No such device or address
02-19 13:58:54.667    75   133 E hwcomposer: Failed to open pipe to InputFlinger: No such device or address
02-19 13:58:54.674   254   279 I chatty  : uid=1000(system) android.bg expire 1 line
02-19 13:58:54.674    34    34 E servicemanager: Could not find android.hardware.light.ILights/default in the VINTF manifest.
02-19 13:58:54.675    75   133 E hwcomposer: Failed to open pipe to InputFlinger: No such device or address
02-19 13:58:54.676   105   142 E HWComposer: getSupportedContentTypes: getSupportedContentTypes failed for display 0: Unsupported (8)
02-19 13:58:54.676   254   274 I chatty  : uid=1000(system) android.display expire 2 lines
02-19 13:58:54.676   105   105 D SurfaceFlinger: Setting power mode 2 on display 0
02-19 13:58:54.684   254   254 I chatty  : uid=1000 system_server expire 237 lines
02-19 13:58:54.687   168   187 I ServiceManager: Waiting for service 'package_native' on '/dev/binder'...
02-19 13:58:54.701    66    66 I ServiceManager: Waiting for service 'statscompanion' on '/dev/binder'...
02-19 13:58:54.756   254   297 I chatty  : uid=1000 system_server expire 7 lines
02-19 13:58:54.757   164   183 W installd: Ignoring /data/data/com.android.webview/lib with unexpected GID 0 instead of 10122
02-19 13:58:54.778   254   282 I chatty  : uid=1000(system) ActivityManager expire 1 line
02-19 13:58:54.778    33    33 I chatty  : uid=1069(lmkd) /system/bin/lmkd expire 27 lines
02-19 13:58:54.787     0     0 I init    : Control message: Processed ctl.start for 'idmap2d' from pid: 254 (system_server)
02-19 13:58:54.788   168   187 W AudioAnalytics: (key=audio.flinger) Audioflinger constructor event detected
02-19 13:58:54.791   254   269 I chatty  : uid=1000(system) Binder:254_2 expire 1 line
02-19 13:58:54.792   148   148 I cameraserver: Waiting for sensor privacy service
02-19 13:58:54.792   254   268 I chatty  : uid=1000(system) Binder:254_1 expire 1 line
02-19 13:58:54.792   100   100 I audioserver: Waiting for sensor privacy service
02-19 13:58:54.794   254   301 I chatty  : uid=1000 system_server expire 6 lines
02-19 13:58:54.794   254   301 I chatty  : uid=1000 system_server expire 1 line
02-19 13:58:54.797   254   285 I chatty  : uid=1000(system) batterystats-wo expire 4 lines
02-19 13:58:54.797   254   303 I chatty  : uid=1000(system) HealthServiceHw expire 1 line
02-19 13:58:54.799   254   254 I chatty  : uid=1000 system_server expire 227 lines
02-19 13:58:54.801   254   306 I chatty  : uid=1000 system_server expire 4 lines
02-19 13:58:54.801   254   307 I chatty  : uid=1000 system_server expire 4 lines
02-19 13:58:54.801    66    66 I ServiceManager: Waiting for service 'statscompanion' on '/dev/binder'...
02-19 13:58:54.801   254   307 I chatty  : uid=1000 system_server expire 1 line
02-19 13:58:54.801    69    69 I Zygote  : Lazily preloading resources.
02-19 13:58:54.801    69    69 D Zygote  : begin preload
02-19 13:58:54.801    69    69 I Zygote  : Calling ZygoteHooks.beginPreload()
02-19 13:58:54.803   254   279 I chatty  : uid=1000(system) android.bg expire 1 line
02-19 13:58:54.806    69    69 D ZygoteInitTiming_lazy: BeginPreload took to complete: 4ms
02-19 13:58:54.806    69    69 I Zygote  : Preloading classes...
02-19 13:58:54.806    69    69 W Zygote  : Class not found for preloading: android.app.-$$Lambda$ResourcesManager$QJ7UiVk_XS90KuXAsIjIEym1DnM
02-19 13:58:54.818   148   148 I HidlServiceManagement: Registered android.frameworks.cameraservice.service@2.1::ICameraService/default
02-19 13:58:54.818   148   148 I CameraService: CameraService pinged cameraservice proxy
02-19 13:58:54.818   148   148 I cameraserver: ServiceManager: 0xebdfa410 done instantiate
02-19 13:58:54.824    34    34 E servicemanager: Could not find android.hardware.vibrator.IVibrator/default in the VINTF manifest.
02-19 13:58:54.828   254   274 I chatty  : uid=1000(system) android.display expire 1 line
02-19 13:58:54.829   254   274 I chatty  : uid=1000(system) android.display expire 6 lines
02-19 13:58:54.838   254   272 I chatty  : uid=1000(system) android.ui expire 2 lines
02-19 13:58:54.843   254   314 I chatty  : uid=1000 system_server expire 6 lines
02-19 13:58:54.843   254   314 I chatty  : uid=1000 system_server expire 3 lines
02-19 13:58:54.863   254   316 I chatty  : uid=1000(system) InputReader expire 44 lines
02-19 13:58:54.863   254   317 I chatty  : uid=1000 system_server expire 1 line
02-19 13:58:54.866   254   318 I chatty  : uid=1000(system) NetworkWatchlis expire 2 lines
02-19 13:58:54.869    69    69 E ActivityRecognitionHardware: activity_recognition HAL is deprecated. class_init is effectively a no-op
02-19 13:58:54.873   254   320 I chatty  : uid=1000(system) StorageManagerS expire 4 lines
02-19 13:58:54.874   254   321 I chatty  : uid=1000 system_server expire 4 lines
02-19 13:58:54.878     0     0 I init    : processing action (sys.sysctl.extra_free_kbytes=*) from (/system/etc/init/hw/init.rc:995)
02-19 13:58:54.901    66    66 I ServiceManager: Waiting for service 'statscompanion' on '/dev/binder'...
02-19 13:58:54.918    69    69 W Zygote  : Class not found for preloading: android.inputmethodservice.-$$Lambda$InputMethodService$TvVfWDKZ3ljQdrU87qYykg6uD-I
02-19 13:58:54.923    69    69 I zygote  : Thread[1,tid=69,Native,Thread*=0xf0e14e00,peer=0x12d00690,"main"] recursive attempt to load library "libmedia_jni.so"
02-19 13:58:54.923    69    69 I zygote  : Thread[1,tid=69,Native,Thread*=0xf0e14e00,peer=0x12d00690,"main"] recursive attempt to load library "libmedia_jni.so"
02-19 13:58:54.924    69    69 D MtpDeviceJNI: register_android_mtp_MtpDevice
02-19 13:58:54.924    69    69 I zygote  : Thread[1,tid=69,Native,Thread*=0xf0e14e00,peer=0x12d00690,"main"] recursive attempt to load library "libmedia_jni.so"
02-19 13:58:54.924    69    69 I zygote  : Thread[1,tid=69,Native,Thread*=0xf0e14e00,peer=0x12d00690,"main"] recursive attempt to load library "libmedia_jni.so"
02-19 13:58:54.924    69    69 W MediaProfiles: Could not find a validated xml file. Using the default instance instead.
02-19 13:58:54.926    69    69 W Zygote  : Class not found for preloading: android.media.MediaRouter$Static$Client$1
02-19 13:58:54.926    69    69 W Zygote  : Class not found for preloading: android.media.MediaRouter$Static$Client$2
02-19 13:58:54.932    69    69 W Zygote  : Class not found for preloading: android.net.shared.Inet4AddressUtils
02-19 13:58:54.932    69    69 W Zygote  : Class not found for preloading: android.net.shared.InetAddressUtils
02-19 13:58:54.944    69    69 W Zygote  : Class not found for preloading: android.telephony.ims.stub.-$$Lambda$ImsRegistrationImplBase$wwtkoeOtGwMjG5I0-ZTfjNpGU-s
02-19 13:58:54.948    69    69 W Zygote  : Class not found for preloading: android.view.-$$Lambda$cZhmLzK8aetUdx4VlP9w5jR7En0
02-19 13:58:54.950    69    69 W Zygote  : Class not found for preloading: android.view.autofill.-$$Lambda$AutofillManager$AutofillManagerClient$vxNm6RuuD-r5pkiSxNSBBd1w_Qc
02-19 13:58:54.951    69    69 W Zygote  : Class not found for preloading: android.view.contentcapture.-$$Lambda$MainContentCaptureSession$1$JPRO-nNGZpgXrKr4QC_iQiTbQx0
02-19 13:58:54.951    69    69 W Zygote  : Class not found for preloading: android.view.contentcapture.-$$Lambda$MainContentCaptureSession$1$Xhq3WJibbalS1G_W3PRC2m7muhM
02-19 13:58:54.951    69    69 W Zygote  : Class not found for preloading: android.view.contentcapture.MainContentCaptureSession$1
02-19 13:58:54.955   254   254 I chatty  : uid=1000 system_server expire 241 lines
02-19 13:58:54.957    69    69 W Zygote  : Class not found for preloading: com.android.internal.infra.-$$Lambda$T7zIZMFnvwrmtbuTMXLaZHHp-9s
02-19 13:58:54.957    69    69 W Zygote  : Class not found for preloading: com.android.internal.infra.-$$Lambda$XuWfs8-IsKaNygi8YjlVGjedkIw
02-19 13:58:54.957    69    69 W Zygote  : Class not found for preloading: com.android.internal.infra.-$$Lambda$qN_gooelzsUiBhYWznXKzb-8_wA
02-19 13:58:54.957    69    69 W Zygote  : Class not found for preloading: com.android.internal.infra.-$$Lambda$rAXGjry3wPGKviARzTYfDiY7xrs
02-19 13:58:54.960    69    69 W Zygote  : Class not found for preloading: com.android.internal.telephony.-$$Lambda$SubscriptionController$VCQsMNqRHpN3RyoXYzh2YUwA2yc
02-19 13:58:54.960    69    69 W Zygote  : Class not found for preloading: com.android.internal.telephony.-$$Lambda$SubscriptionController$u5xE-urXR6ElZ50305_6guo20Fc
02-19 13:58:54.961   100   100 D PermissionCache: checking android.permission.MODIFY_AUDIO_ROUTING for uid=1000 => granted (295 us)
02-19 13:58:54.963   100   100 W APM::AudioPolicyEngine: getDevicesForStrategy() unknown strategy: -1
02-19 13:58:54.963   100   100 I chatty  : uid=1041(audioserver) /system/bin/audioserver identical 1 line
02-19 13:58:54.963   100   100 W APM::AudioPolicyEngine: getDevicesForStrategy() unknown strategy: -1
02-19 13:58:54.963   100   234 D PermissionCache: checking android.permission.MODIFY_AUDIO_SETTINGS for uid=1000 => granted (55 us)
02-19 13:58:54.963   100   100 W APM::AudioPolicyEngine: getDevicesForStrategy() unknown strategy: -1
02-19 13:58:54.973   100   234 W APM::AudioPolicyEngine: getDevicesForStrategy() unknown strategy: -1
02-19 13:58:54.973    69    69 W Zygote  : Class not found for preloading: com.android.internal.telephony.IccSmsInterfaceManager$2
02-19 13:58:54.974   100   234 D AudioFlinger: isLowRamDevice:false totalMemory:16373456896 mClientSharedHeapSize:33554432
02-19 13:58:54.975    69    69 W Zygote  : Class not found for preloading: com.android.internal.telephony.dataconnection.DcTracker$5
02-19 13:58:54.975   100   235 I CaptureStateNotifier: Registering a listener
02-19 13:58:54.975   254   345 I chatty  : uid=1000(system) Thread-4 expire 1 line
02-19 13:58:54.977   254   347 I chatty  : uid=1000 system_server expire 4 lines
02-19 13:58:54.977    69    69 W Zygote  : Class not found for preloading: com.android.internal.widget.-$$Lambda$gPQuiuEDuOmrh2MixBcV6a5gu5s
02-19 13:58:54.977    69    69 W Zygote  : Class not found for preloading: com.android.internal.widget.LockPatternUtils$2
02-19 13:58:54.979   254   332 I chatty  : uid=1000(system) ConnectivitySer expire 1 line
02-19 13:58:54.984   254   351 I chatty  : uid=1000 system_server expire 7 lines
02-19 13:58:54.984    66    72 I ServiceManager: Waiting for service 'statscompanion' on '/dev/binder'...
02-19 13:58:54.990    69    69 I Zygote  : ...preloaded 12103 classes in 184ms.
02-19 13:58:54.990    69    69 I zygote  : VMRuntime.preloadDexCaches starting
02-19 13:58:54.994   254   272 I chatty  : uid=1000(system) android.ui expire 1 line
02-19 13:58:54.994    69    69 I zygote  : VMRuntime.preloadDexCaches strings total=363833 before=11016 after=11016
02-19 13:58:54.994    69    69 I zygote  : VMRuntime.preloadDexCaches types total=41062 before=11252 after=11427
02-19 13:58:54.994    69    69 I zygote  : VMRuntime.preloadDexCaches fields total=174546 before=14275 after=15179
02-19 13:58:54.994    69    69 I zygote  : VMRuntime.preloadDexCaches methods total=317299 before=18080 after=18080
02-19 13:58:54.994    69    69 I zygote  : VMRuntime.preloadDexCaches finished
02-19 13:58:54.994    69    69 D ZygoteInitTiming_lazy: PreloadClasses took to complete: 189ms
02-19 13:58:54.995    69    69 I zygote  : The ClassLoaderContext is a special shared library.
02-19 13:58:54.995    69    69 D ApplicationLoaders: Created zygote-cached class loader: /system/framework/android.hidl.base-V1.0-java.jar
02-19 13:58:54.996    69    69 I zygote  : The ClassLoaderContext is a special shared library.
02-19 13:58:54.996    69    69 D ApplicationLoaders: Created zygote-cached class loader: /system/framework/android.hidl.manager-V1.0-java.jar
02-19 13:58:54.996    69    69 I zygote  : The ClassLoaderContext is a special shared library.
02-19 13:58:54.997    69    69 D ApplicationLoaders: Created zygote-cached class loader: /system/framework/android.test.base.jar
02-19 13:58:54.997    69    69 D ZygoteInitTiming_lazy: CacheNonBootClasspathClassLoaders took to complete: 2ms
02-19 13:58:54.997    69    69 I Zygote  : Preloading resources...
02-19 13:58:54.999    69    69 W Resources: Preloaded drawable resource #0x1080293 (android:drawable/dialog_background_material) that varies with configuration!!
02-19 13:58:55.001    66    66 I statsd  : Statsd starts to listen to socket.
02-19 13:58:55.001   254   268 I chatty  : uid=1000(system) Binder:254_1 expire 6 lines
02-19 13:58:55.002   254   268 I chatty  : uid=1000(system) Binder:254_1 expire 1 line
02-19 13:58:55.004    69    69 I Zygote  : ...preloaded 64 resources in 8ms.
02-19 13:58:55.005   254   254 I chatty  : uid=1000 system_server expire 251 lines
02-19 13:58:55.006    69    69 I Zygote  : ...preloaded 41 resources in 2ms.
02-19 13:58:55.007    69    69 I Zygote  : ...preloaded 8 resource in 0ms.
02-19 13:58:55.007    69    69 D ZygoteInitTiming_lazy: PreloadResources took to complete: 10ms
02-19 13:58:55.007   254   367 I chatty  : uid=1000 system_server expire 4 lines
02-19 13:58:55.012    69    69 D libEGL  : loaded /vendor/lib/egl/libEGL_mesa.so
02-19 13:58:55.012   254   254 D SystemServerTiming: OnBootPhase_500_com.android.server.inputmethod.InputMethodManagerService$Lifecycle took to complete: 0ms
02-19 13:58:55.012   254   254 I SystemServerTiming: OnBootPhase_500_com.android.server.accessibility.AccessibilityManagerService$Lifecycle
02-19 13:58:55.012   254   254 D SystemServerTiming: OnBootPhase_500_com.android.server.accessibility.AccessibilityManagerService$Lifecycle took to complete: 0ms
02-19 13:58:55.012   254   254 I SystemServerTiming: OnBootPhase_500_com.android.server.StorageManagerService$Lifecycle
02-19 13:58:55.012   254   254 D SystemServerTiming: OnBootPhase_500_com.android.server.StorageManagerService$Lifecycle took to complete: 0ms
02-19 13:58:55.012   254   254 I SystemServerTiming: OnBootPhase_500_com.android.server.usage.StorageStatsService$Lifecycle
02-19 13:58:55.012   254   254 D SystemServerTiming: OnBootPhase_500_com.android.server.usage.StorageStatsService$Lifecycle took to complete: 0ms
02-19 13:58:55.012   254   254 I SystemServerTiming: OnBootPhase_500_com.android.server.UiModeManagerService
02-19 13:58:55.012    69    69 D libEGL  : loaded /vendor/lib/egl/libGLESv1_CM_mesa.so
02-19 13:58:55.012   254   254 I ActivityTaskManager: Config changes=200 {1.0 ?mcc?mnc [zh_CN_#Hans] ldltr sw1253dp w2275dp h1173dp 180dpi xlrg long land finger qwerty/v/v -nav/h winConfig={ mBounds=Rect(0, 0 - 2560, 1410) mAppBounds=Rect(0, 0 - 2560, 1347) mWindowingMode=fullscreen mDisplayWindowingMode=fullscreen mActivityType=undefined mAlwaysOnTop=undefined mRotation=ROTATION_0} s.6}
02-19 13:58:55.013   254   254 I WindowManager: Override config changes=200 {1.0 ?mcc?mnc [zh_CN_#Hans] ldltr sw1253dp w2275dp h1173dp 180dpi xlrg long land finger qwerty/v/v -nav/h winConfig={ mBounds=Rect(0, 0 - 2560, 1410) mAppBounds=Rect(0, 0 - 2560, 1347) mWindowingMode=fullscreen mDisplayWindowingMode=fullscreen mActivityType=undefined mAlwaysOnTop=undefined mRotation=ROTATION_0} s.6} for displayId=0
02-19 13:58:55.013   254   254 D SystemServerTiming: OnBootPhase_500_com.android.server.UiModeManagerService took to complete: 1ms
02-19 13:58:55.013   254   254 I SystemServerTiming: OnBootPhase_500_com.android.server.locksettings.LockSettingsService$Lifecycle
02-19 13:58:55.013   254   254 D SystemServerTiming: OnBootPhase_500_com.android.server.locksettings.LockSettingsService$Lifecycle took to complete: 0ms
02-19 13:58:55.013   254   254 I SystemServerTiming: OnBootPhase_500_com.android.server.testharness.TestHarnessModeService
02-19 13:58:55.013   254   254 D TestHarnessModeService: Setting up test harness mode
02-19 13:58:55.013   254   254 D TestHarnessModeService: Getting PersistentDataBlockManagerInternal from LocalServices
02-19 13:58:55.013   254   254 E TestHarnessModeService: Failed to start Test Harness Mode; no implementation of PersistentDataBlockManagerInternal was bound!
02-19 13:58:55.013   254   254 D SystemServerTiming: OnBootPhase_500_com.android.server.testharness.TestHarnessModeService took to complete: 0ms
02-19 13:58:55.013   254   254 I SystemServerTiming: OnBootPhase_500_com.android.server.DeviceIdleController
02-19 13:58:55.013    69    69 D libEGL  : loaded /vendor/lib/egl/libGLESv2_mesa.so
02-19 13:58:55.014   254   254 E HistoricalRegistry: Interaction before persistence initialized
02-19 13:58:55.014   254   254 D SystemServerTiming: OnBootPhase_500_com.android.server.DeviceIdleController took to complete: 1ms
02-19 13:58:55.014   254   254 I SystemServerTiming: OnBootPhase_500_com.android.server.devicepolicy.DevicePolicyManagerService$Lifecycle
02-19 13:58:55.014   254   254 D SystemServerTiming: OnBootPhase_500_com.android.server.devicepolicy.DevicePolicyManagerService$Lifecycle took to complete: 0ms
02-19 13:58:55.014   254   254 I SystemServerTiming: OnBootPhase_500_com.android.server.textservices.TextServicesManagerService$Lifecycle
02-19 13:58:55.014   254   254 D SystemServerTiming: OnBootPhase_500_com.android.server.textservices.TextServicesManagerService$Lifecycle took to complete: 0ms
02-19 13:58:55.014   254   254 I SystemServerTiming: OnBootPhase_500_com.android.server.textclassifier.TextClassificationManagerService$Lifecycle
02-19 13:58:55.014   254   254 D SystemServerTiming: OnBootPhase_500_com.android.server.textclassifier.TextClassificationManagerService$Lifecycle took to complete: 0ms
02-19 13:58:55.014   254   254 I SystemServerTiming: OnBootPhase_500_com.android.server.NetworkScoreService$Lifecycle
02-19 13:58:55.014   254   254 D SystemServerTiming: OnBootPhase_500_com.android.server.NetworkScoreService$Lifecycle took to complete: 0ms
02-19 13:58:55.014   254   254 I SystemServerTiming: OnBootPhase_500_com.android.server.wifi.WifiService
02-19 13:58:55.014   254   254 D SystemServerTiming: OnBootPhase_500_com.android.server.wifi.WifiService took to complete: 0ms
02-19 13:58:55.014   254   254 I SystemServerTiming: OnBootPhase_500_com.android.server.wifi.scanner.WifiScanningService
02-19 13:58:55.014   254   254 D SystemServerTiming: OnBootPhase_500_com.android.server.wifi.scanner.WifiScanningService took to complete: 0ms
02-19 13:58:55.014   254   254 I SystemServerTiming: OnBootPhase_500_com.android.server.ethernet.EthernetService
02-19 13:58:55.015   254   328 I chatty  : uid=1000(system) WifiHandlerThre expire 59 lines
02-19 13:58:55.016   254   332 D ConnectivityService: Got NetworkProvider Messenger for Ethernet
02-19 13:58:55.016   254   368 I chatty  : uid=1000(system) EthernetService expire 9 lines
02-19 13:58:55.016   254   254 D SystemServerTiming: OnBootPhase_500_com.android.server.ethernet.EthernetService took to complete: 2ms
02-19 13:58:55.016   254   254 I SystemServerTiming: OnBootPhase_500_com.android.server.notification.NotificationManagerService
02-19 13:58:55.017   254   254 D SystemServerTiming: OnBootPhase_500_com.android.server.notification.NotificationManagerService took to complete: 1ms
02-19 13:58:55.017   254   254 I SystemServerTiming: OnBootPhase_500_com.android.server.storage.DeviceStorageMonitorService
02-19 13:58:55.017   254   254 D SystemServerTiming: OnBootPhase_500_com.android.server.storage.DeviceStorageMonitorService took to complete: 0ms
02-19 13:58:55.017   254   254 I SystemServerTiming: OnBootPhase_500_com.android.server.location.LocationManagerService$Lifecycle
02-19 13:58:55.017    69    69 I Zygote  : Preloading shared libraries...
02-19 13:58:55.018   254   254 E HistoricalRegistry: Interaction before persistence initialized
02-19 13:58:55.018   254   254 D SystemServerTiming: OnBootPhase_500_com.android.server.location.LocationManagerService$Lifecycle took to complete: 1ms
02-19 13:58:55.018   254   254 I SystemServerTiming: OnBootPhase_500_com.android.server.timedetector.TimeDetectorService$Lifecycle
02-19 13:58:55.018   254   254 D SystemServerTiming: OnBootPhase_500_com.android.server.timedetector.TimeDetectorService$Lifecycle took to complete: 0ms
02-19 13:58:55.018   254   254 I SystemServerTiming: OnBootPhase_500_com.android.server.timezonedetector.TimeZoneDetectorService$Lifecycle
02-19 13:58:55.018   254   254 D SystemServerTiming: OnBootPhase_500_com.android.server.timezonedetector.TimeZoneDetectorService$Lifecycle took to complete: 0ms
02-19 13:58:55.018   254   254 I SystemServerTiming: OnBootPhase_500_com.android.server.search.SearchManagerService$Lifecycle
02-19 13:58:55.018   254   254 D SystemServerTiming: OnBootPhase_500_com.android.server.search.SearchManagerService$Lifecycle took to complete: 0ms
02-19 13:58:55.018   254   254 I SystemServerTiming: OnBootPhase_500_com.android.server.wallpaper.WallpaperManagerService$Lifecycle
02-19 13:58:55.018   254   254 D SystemServerTiming: OnBootPhase_500_com.android.server.wallpaper.WallpaperManagerService$Lifecycle took to complete: 0ms
02-19 13:58:55.018   254   254 I SystemServerTiming: OnBootPhase_500_com.android.server.audio.AudioService$Lifecycle
02-19 13:58:55.018   254   254 D SystemServerTiming: OnBootPhase_500_com.android.server.audio.AudioService$Lifecycle took to complete: 0ms
02-19 13:58:55.018   254   254 I SystemServerTiming: OnBootPhase_500_com.android.server.soundtrigger_middleware.SoundTriggerMiddlewareService$Lifecycle
02-19 13:58:55.018   254   254 D SystemServerTiming: OnBootPhase_500_com.android.server.soundtrigger_middleware.SoundTriggerMiddlewareService$Lifecycle took to complete: 0ms
02-19 13:58:55.018   254   254 I SystemServerTiming: OnBootPhase_500_com.android.server.DockObserver
02-19 13:58:55.018   254   254 D SystemServerTiming: OnBootPhase_500_com.android.server.DockObserver took to complete: 0ms
02-19 13:58:55.018   254   254 I SystemServerTiming: OnBootPhase_500_com.android.server.adb.AdbService$Lifecycle
02-19 13:58:55.018   254   254 D SystemServerTiming: OnBootPhase_500_com.android.server.adb.AdbService$Lifecycle took to complete: 0ms
02-19 13:58:55.018   254   254 I SystemServerTiming: OnBootPhase_500_com.android.server.usb.UsbService$Lifecycle
02-19 13:58:55.018   254   254 D SystemServerTiming: OnBootPhase_500_com.android.server.usb.UsbService$Lifecycle took to complete: 0ms
02-19 13:58:55.018   254   254 I SystemServerTiming: OnBootPhase_500_com.android.server.twilight.TwilightService
02-19 13:58:55.018   254   254 D SystemServerTiming: OnBootPhase_500_com.android.server.twilight.TwilightService took to complete: 0ms
02-19 13:58:55.018   254   254 I SystemServerTiming: OnBootPhase_500_com.android.server.display.color.ColorDisplayService
02-19 13:58:55.018   254   254 D SystemServerTiming: OnBootPhase_500_com.android.server.display.color.ColorDisplayService took to complete: 0ms
02-19 13:58:55.018   254   254 I SystemServerTiming: OnBootPhase_500_com.android.server.job.JobSchedulerService
02-19 13:58:55.018   254   254 E HistoricalRegistry: Interaction before persistence initialized
02-19 13:58:55.019   254   254 D SystemServerTiming: OnBootPhase_500_com.android.server.job.JobSchedulerService took to complete: 0ms
02-19 13:58:55.019   254   254 I SystemServerTiming: OnBootPhase_500_com.android.server.soundtrigger.SoundTriggerService
02-19 13:58:55.019   254   254 D SoundTriggerService: onBootPhase: 500 : false
02-19 13:58:55.019   254   254 D SystemServerTiming: OnBootPhase_500_com.android.server.soundtrigger.SoundTriggerService took to complete: 0ms
02-19 13:58:55.019   254   254 I SystemServerTiming: OnBootPhase_500_com.android.server.trust.TrustManagerService
02-19 13:58:55.019   254   254 D SystemServerTiming: OnBootPhase_500_com.android.server.trust.TrustManagerService took to complete: 0ms
02-19 13:58:55.019   254   254 I SystemServerTiming: OnBootPhase_500_com.android.server.backup.BackupManagerService$Lifecycle
02-19 13:58:55.019   254   254 D SystemServerTiming: OnBootPhase_500_com.android.server.backup.BackupManagerService$Lifecycle took to complete: 0ms
02-19 13:58:55.019   254   254 I SystemServerTiming: OnBootPhase_500_com.android.server.appwidget.AppWidgetService
02-19 13:58:55.019   254   254 D SystemServerTiming: OnBootPhase_500_com.android.server.appwidget.AppWidgetService took to complete: 0ms
02-19 13:58:55.019   254   254 I SystemServerTiming: OnBootPhase_500_com.android.server.role.RoleManagerService
02-19 13:58:55.019   254   254 D SystemServerTiming: OnBootPhase_500_com.android.server.role.RoleManagerService took to complete: 0ms
02-19 13:58:55.019   254   254 I SystemServerTiming: OnBootPhase_500_com.android.server.voiceinteraction.VoiceInteractionManagerService
02-19 13:58:55.019   254   254 D SystemServerTiming: OnBootPhase_500_com.android.server.voiceinteraction.VoiceInteractionManagerService took to complete: 0ms
02-19 13:58:55.019   254   254 I SystemServerTiming: OnBootPhase_500_com.android.server.GestureLauncherService
02-19 13:58:55.019   254   254 D SystemServerTiming: OnBootPhase_500_com.android.server.GestureLauncherService took to complete: 0ms
02-19 13:58:55.019   254   254 I SystemServerTiming: OnBootPhase_500_com.android.server.SensorNotificationService
02-19 13:58:55.019   254   254 D SystemServerTiming: OnBootPhase_500_com.android.server.SensorNotificationService took to complete: 0ms
02-19 13:58:55.019   254   254 I SystemServerTiming: OnBootPhase_500_com.android.server.emergency.EmergencyAffordanceService
02-19 13:58:55.019   254   254 D SystemServerTiming: OnBootPhase_500_com.android.server.emergency.EmergencyAffordanceService took to complete: 0ms
02-19 13:58:55.019   254   254 I SystemServerTiming: OnBootPhase_500_com.android.server.dreams.DreamManagerService
02-19 13:58:55.019   254   254 D SystemServerTiming: OnBootPhase_500_com.android.server.dreams.DreamManagerService took to complete: 0ms
02-19 13:58:55.019   254   254 I SystemServerTiming: OnBootPhase_500_com.android.server.print.PrintManagerService
02-19 13:58:55.019   254   254 D SystemServerTiming: OnBootPhase_500_com.android.server.print.PrintManagerService took to complete: 0ms
02-19 13:58:55.019   254   254 I SystemServerTiming: OnBootPhase_500_com.android.server.companion.CompanionDeviceManagerService
02-19 13:58:55.019   254   254 D SystemServerTiming: OnBootPhase_500_com.android.server.companion.CompanionDeviceManagerService took to complete: 0ms
02-19 13:58:55.019   254   254 I SystemServerTiming: OnBootPhase_500_com.android.server.restrictions.RestrictionsManagerService
02-19 13:58:55.019   254   254 D SystemServerTiming: OnBootPhase_500_com.android.server.restrictions.RestrictionsManagerService took to complete: 0ms
02-19 13:58:55.019   254   254 I SystemServerTiming: OnBootPhase_500_com.android.server.media.MediaSessionService
02-19 13:58:55.019   254   254 D SystemServerTiming: OnBootPhase_500_com.android.server.media.MediaSessionService took to complete: 0ms
02-19 13:58:55.019   254   254 I SystemServerTiming: OnBootPhase_500_com.android.server.media.MediaResourceMonitorService
02-19 13:58:55.019   254   254 D SystemServerTiming: OnBootPhase_500_com.android.server.media.MediaResourceMonitorService took to complete: 0ms
02-19 13:58:55.019   254   254 I SystemServerTiming: OnBootPhase_500_com.android.server.biometrics.BiometricService
02-19 13:58:55.019   254   254 D SystemServerTiming: OnBootPhase_500_com.android.server.biometrics.BiometricService took to complete: 0ms
02-19 13:58:55.019   254   254 I SystemServerTiming: OnBootPhase_500_com.android.server.biometrics.AuthService
02-19 13:58:55.019   254   254 D SystemServerTiming: OnBootPhase_500_com.android.server.biometrics.AuthService took to complete: 0ms
02-19 13:58:55.019   254   254 I SystemServerTiming: OnBootPhase_500_com.android.server.blob.BlobStoreManagerService
02-19 13:58:55.019   254   254 D SystemServerTiming: OnBootPhase_500_com.android.server.blob.BlobStoreManagerService took to complete: 0ms
02-19 13:58:55.019   254   254 I SystemServerTiming: OnBootPhase_500_com.android.server.pm.ShortcutService$Lifecycle
02-19 13:58:55.019   254   254 D SystemServerTiming: OnBootPhase_500_com.android.server.pm.ShortcutService$Lifecycle took to complete: 0ms
02-19 13:58:55.019   254   254 I SystemServerTiming: OnBootPhase_500_com.android.server.pm.LauncherAppsService
02-19 13:58:55.019   254   254 D SystemServerTiming: OnBootPhase_500_com.android.server.pm.LauncherAppsService took to complete: 0ms
02-19 13:58:55.019   254   254 I SystemServerTiming: OnBootPhase_500_com.android.server.pm.CrossProfileAppsService
02-19 13:58:55.019   254   254 D SystemServerTiming: OnBootPhase_500_com.android.server.pm.CrossProfileAppsService took to complete: 0ms
