02-19 13:54:37.038  8086  8086 I pci 0000: 00:1c.0: [8086:51be] type 01 class 0x060400
02-19 13:54:37.038     0     0 I pci 0000: 00:1c.0: PME# supported from D0 D3hot D3cold
02-19 13:54:37.038     0     0 I pci 0000: 00:1c.0: PTM enabled (root), 4ns granularity
02-19 13:54:37.039  8086  8086 I pci 0000: 00:1f.0: [8086:519d] type 00 class 0x060100
02-19 13:54:37.039  8086  8086 I pci 0000: 00:1f.3: [8086:51ca] type 00 class 0x040380
02-19 13:54:37.039     0     0 I pci 0000: 00:1f.3: reg 0x10: [mem 0x622f280000-0x622f283fff 64bit]
02-19 13:54:37.039     0     0 I pci 0000: 00:1f.3: reg 0x20: [mem 0x622f000000-0x622f0fffff 64bit]
02-19 13:54:37.039     0     0 I pci 0000: 00:1f.3: PME# supported from D3hot D3cold
02-19 13:54:37.039  8086  8086 I pci 0000: 00:1f.4: [8086:51a3] type 00 class 0x0c0500
02-19 13:54:37.039     0     0 I pci 0000: 00:1f.4: reg 0x10: [mem 0x622f28c000-0x622f28c0ff 64bit]
02-19 13:54:37.039     0     0 I pci 0000: 00:1f.4: reg 0x20: [io  0xefa0-0xefbf]
02-19 13:54:37.040  8086  8086 I pci 0000: 00:1f.5: [8086:51a4] type 00 class 0x0c8000
02-19 13:54:37.040     0     0 I pci 0000: 00:1f.5: reg 0x10: [mem 0xfe010000-0xfe010fff]
02-19 13:54:37.040     0     0 I acpiphp : Slot [1] registered
02-19 13:54:37.040     0     0 I pci 0000: 01:00.0: [10de:28e0] type 00 class 0x030000
02-19 13:54:37.040     0     0 I pci 0000: 01:00.0: reg 0x10: [mem 0x5f000000-0x5fffffff]
02-19 13:54:37.040     0     0 I pci 0000: 01:00.0: reg 0x14: [mem 0x6000000000-0x61ffffffff 64bit pref]
02-19 13:54:37.040     0     0 I pci 0000: 01:00.0: reg 0x1c: [mem 0x6200000000-0x6201ffffff 64bit pref]
02-19 13:54:37.040     0     0 I pci 0000: 01:00.0: reg 0x24: [io  0x4000-0x407f]
02-19 13:54:37.040     0     0 I pci 0000: 01:00.0: reg 0x30: [mem 0x60000000-0x6007ffff pref]
02-19 13:54:37.040     0     0 I pci 0000: 01:00.0: PME# supported from D0 D3hot
02-19 13:54:37.040     0     0 I pci 0000: 01:00.1: [10de:22be] type 00 class 0x040300
02-19 13:54:37.040     0     0 I pci 0000: 01:00.1: reg 0x10: [mem 0x60080000-0x60083fff]
02-19 13:54:37.040     0     0 I pci 0000: 00:01.0: PCI bridge to [bus 01]
02-19 13:54:37.040     0     0 I pci 0000: 00:01.0:   bridge window [io  0x4000-0x4fff]
02-19 13:54:37.040     0     0 I pci 0000: 00:01.0:   bridge window [mem 0x5f000000-0x600fffff]
02-19 13:54:37.040     0     0 I pci 0000: 00:01.0:   bridge window [mem 0x6000000000-0x6201ffffff 64bit pref]
02-19 13:54:37.040     0     0 I pci 0000: 00:07.0: PCI bridge to [bus 02-36]
02-19 13:54:37.040     0     0 I pci 0000: 00:07.0:   bridge window [mem 0x52000000-0x5e1fffff]
02-19 13:54:37.040     0     0 I pci 0000: 00:07.0:   bridge window [mem 0x6210000000-0x622bffffff 64bit pref]
02-19 13:54:37.040     0     0 I pci 0000: 37:00.0: [10ec:8168] type 00 class 0x020000
02-19 13:54:37.040     0     0 I pci 0000: 37:00.0: reg 0x10: [io  0x3000-0x30ff]
02-19 13:54:37.040     0     0 I pci 0000: 37:00.0: reg 0x18: [mem 0x60204000-0x60204fff 64bit]
02-19 13:54:37.040     0     0 I pci 0000: 37:00.0: reg 0x20: [mem 0x60200000-0x60203fff 64bit]
02-19 13:54:37.041     0     0 I pci 0000: 37:00.0: supports D1 D2
02-19 13:54:37.041     0     0 I pci 0000: 37:00.0: PME# supported from D0 D1 D2 D3hot D3cold
02-19 13:54:37.041     0     0 I pci 0000: 00:1c.0: PCI bridge to [bus 37]
02-19 13:54:37.041     0     0 I pci 0000: 00:1c.0:   bridge window [io  0x3000-0x3fff]
02-19 13:54:37.041     0     0 I pci 0000: 00:1c.0:   bridge window [mem 0x60200000-0x602fffff]
02-19 13:54:37.048     0     0 I ACPI    : PCI: Interrupt link LNKA configured for IRQ 0
02-19 13:54:37.048     0     0 I ACPI    : PCI: Interrupt link LNKB configured for IRQ 1
02-19 13:54:37.048     0     0 I ACPI    : PCI: Interrupt link LNKC configured for IRQ 0
02-19 13:54:37.048     0     0 I ACPI    : PCI: Interrupt link LNKD configured for IRQ 0
02-19 13:54:37.048     0     0 I ACPI    : PCI: Interrupt link LNKE configured for IRQ 0
02-19 13:54:37.048     0     0 I ACPI    : PCI: Interrupt link LNKF configured for IRQ 0
02-19 13:54:37.048     0     0 I ACPI    : PCI: Interrupt link LNKG configured for IRQ 0
02-19 13:54:37.048     0     0 I ACPI    : PCI: Interrupt link LNKH configured for IRQ 0
02-19 13:54:37.426     0     0 I         : Low-power S0 idle used by default for system suspend
02-19 13:54:37.438     0     0 I iommu   : Default domain type: Translated
02-19 13:54:37.438     0     0 I iommu   : DMA domain TLB invalidation policy: lazy mode
02-19 13:54:37.438     0     0 I         : SCSI subsystem initialized
02-19 13:54:37.438     0     0 D         : libata version 3.00 loaded.
02-19 13:54:37.438     0     0 I ACPI    : bus type USB registered
02-19 13:54:37.438     0     0 I usbcore : registered new interface driver usbfs
02-19 13:54:37.438     0     0 I usbcore : registered new interface driver hub
02-19 13:54:37.438     0     0 I usbcore : registered new device driver usb
02-19 13:54:37.438     0     0 I pps_core: LinuxPPS API ver. 1 registered
02-19 13:54:37.438     0     0 I pps_core: Software ver. 5.3.6 - Copyright 2005-2007 Rodolfo Giometti <giometti@linux.it>
02-19 13:54:37.438     0     0 I         : PTP clock support registered
02-19 13:54:37.438     0     0 I EDAC MC : Ver: 3.0.0
02-19 13:54:37.439     0     0 I efivars : Registered efivars operations
02-19 13:54:37.439     0     0 I NetLabel: Initializing
02-19 13:54:37.439     0     0 I NetLabel: domain hash size = 128
02-19 13:54:37.439     0     0 I NetLabel: protocols = UNLABELED CIPSOv4 CALIPSO
02-19 13:54:37.439     0     0 I NetLabel: unlabeled traffic allowed by default
02-19 13:54:37.439     0     0 I mctp    : management component transport protocol core
02-19 13:54:37.439     0     0 I NET     : Registered PF_MCTP protocol family
02-19 13:54:37.439     0     0 I PCI     : Using ACPI for IRQ routing
02-19 13:54:37.456     0     0 D PCI     : pci_cache_line_size set to 64 bytes
02-19 13:54:37.456     0     0 I pci 0000: 00:1f.5: can't claim BAR 0 [mem 0xfe010000-0xfe010fff]: no compatible bridge window
02-19 13:54:37.456     0     0 D e820    : reserve RAM buffer [mem 0x0009e000-0x0009ffff]
02-19 13:54:37.456     0     0 D e820    : reserve RAM buffer [mem 0x2c6f4018-0x2fffffff]
02-19 13:54:37.456     0     0 D e820    : reserve RAM buffer [mem 0x2f7da000-0x2fffffff]
02-19 13:54:37.456     0     0 D e820    : reserve RAM buffer [mem 0x3039e000-0x33ffffff]
02-19 13:54:37.456     0     0 D e820    : reserve RAM buffer [mem 0x38312000-0x3bffffff]
02-19 13:54:37.456     0     0 D e820    : reserve RAM buffer [mem 0x41800000-0x43ffffff]
02-19 13:54:37.456     0     0 D e820    : reserve RAM buffer [mem 0x4b0800000-0x4b3ffffff]
02-19 13:54:37.456     0     0 I pci 0000: 00:02.0: vgaarb: setting as boot VGA device
02-19 13:54:37.456     0     0 I pci 0000: 00:02.0: vgaarb: bridge control possible
02-19 13:54:37.456     0     0 I pci 0000: 00:02.0: vgaarb: VGA device added: decodes=io+mem,owns=io+mem,locks=none
02-19 13:54:37.456     0     0 I pci 0000: 01:00.0: vgaarb: bridge control possible
02-19 13:54:37.456     0     0 I pci 0000: 01:00.0: vgaarb: VGA device added: decodes=io+mem,owns=none,locks=none
02-19 13:54:37.456     0     0 I vgaarb  : loaded
02-19 13:54:37.456     0     0 I clocksource: Switched to clocksource tsc-early
02-19 13:54:37.457     0     0 I VFS     : Disk quotas dquot_6.6.0
02-19 13:54:37.457     0     0 I VFS     : Dquot-cache hash table entries: 512 (order 0, 4096 bytes)
02-19 13:54:37.457     0     0 I pnp     : PnP ACPI init
02-19 13:54:37.457     0     0 I system 00: 00: [io  0x0680-0x069f] has been reserved
02-19 13:54:37.457     0     0 I system 00: 00: [io  0x164e-0x164f] has been reserved
02-19 13:54:37.457     0     0 I system 00: 01: [io  0x1854-0x1857] has been reserved
02-19 13:54:37.459     0     0 W pnp 00  : 02: disabling [mem 0xc0000000-0xcfffffff] because it overlaps 0000:00:02.0 BAR 9 [mem 0x00000000-0xdfffffff 64bit pref]
02-19 13:54:37.459     0     0 I system 00: 02: [mem 0xfedc0000-0xfedc7fff] has been reserved
02-19 13:54:37.459     0     0 I system 00: 02: [mem 0xfeda0000-0xfeda0fff] has been reserved
02-19 13:54:37.459     0     0 I system 00: 02: [mem 0xfeda1000-0xfeda1fff] has been reserved
02-19 13:54:37.459     0     0 I system 00: 02: [mem 0xfed20000-0xfed7ffff] could not be reserved
02-19 13:54:37.459     0     0 I system 00: 02: [mem 0xfed90000-0xfed93fff] could not be reserved
02-19 13:54:37.459     0     0 I system 00: 02: [mem 0xfed45000-0xfed8ffff] could not be reserved
02-19 13:54:37.459     0     0 I system 00: 02: [mem 0xfee00000-0xfeefffff] could not be reserved
02-19 13:54:37.462     0     0 I system 00: 04: [io  0x2000-0x20fe] has been reserved
02-19 13:54:37.463     0     0 I pnp     : PnP ACPI: found 6 devices
02-19 13:54:37.468     0     0 I clocksource: acpi_pm: mask: 0xffffff max_cycles: 0xffffff, max_idle_ns: 2085701024 ns
02-19 13:54:37.469     0     0 I NET     : Registered PF_INET protocol family
02-19 13:54:37.469     0     0 I         : IP idents hash table entries: 262144 (order: 9, 2097152 bytes, linear)
02-19 13:54:37.471     0     0 I         : tcp_listen_portaddr_hash hash table entries: 8192 (order: 5, 131072 bytes, linear)
02-19 13:54:37.471     0     0 I         : Table-perturb hash table entries: 65536 (order: 6, 262144 bytes, linear)
02-19 13:54:37.471     0     0 I         : TCP established hash table entries: 131072 (order: 8, 1048576 bytes, linear)
02-19 13:54:37.472     0     0 I         : TCP bind hash table entries: 65536 (order: 9, 2097152 bytes, linear)
02-19 13:54:37.472     0     0 I TCP     : Hash tables configured (established 131072 bind 65536)
02-19 13:54:37.472     0     0 I         : MPTCP token hash table entries: 16384 (order: 6, 393216 bytes, linear)
02-19 13:54:37.472     0     0 I         : UDP hash table entries: 8192 (order: 6, 262144 bytes, linear)
02-19 13:54:37.472     0     0 I         : UDP-Lite hash table entries: 8192 (order: 6, 262144 bytes, linear)
02-19 13:54:37.472     0     0 I NET     : Registered PF_UNIX/PF_LOCAL protocol family
02-19 13:54:37.472     0     0 I NET     : Registered PF_XDP protocol family
02-19 13:54:37.472     0     0 I pci 0000: 00:07.0: bridge window [io  0x1000-0x0fff] to [bus 02-36] add_size 1000
02-19 13:54:37.472     0     0 I pci 0000: 00:02.0: BAR 9: assigned [mem 0x4020000000-0x40ffffffff 64bit pref]
02-19 13:54:37.472     0     0 I pci 0000: 00:02.0: BAR 7: assigned [mem 0x4010000000-0x4016ffffff 64bit]
02-19 13:54:37.472     0     0 I pci 0000: 00:07.0: BAR 13: assigned [io  0x6000-0x6fff]
02-19 13:54:37.472     0     0 I pci 0000: 00:15.0: BAR 0: assigned [mem 0x4017000000-0x4017000fff 64bit]
02-19 13:54:37.472     0     0 I pci 0000: 00:15.1: BAR 0: assigned [mem 0x4017001000-0x4017001fff 64bit]
02-19 13:54:37.472     0     0 I pci 0000: 00:1f.5: BAR 0: assigned [mem 0x4f800000-0x4f800fff]
02-19 13:54:37.472     0     0 I pci 0000: 00:01.0: PCI bridge to [bus 01]
02-19 13:54:37.472     0     0 I pci 0000: 00:01.0:   bridge window [io  0x4000-0x4fff]
02-19 13:54:37.472     0     0 I pci 0000: 00:01.0:   bridge window [mem 0x5f000000-0x600fffff]
02-19 13:54:37.472     0     0 I pci 0000: 00:01.0:   bridge window [mem 0x6000000000-0x6201ffffff 64bit pref]
02-19 13:54:37.472     0     0 I pci 0000: 00:07.0: PCI bridge to [bus 02-36]
02-19 13:54:37.472     0     0 I pci 0000: 00:07.0:   bridge window [io  0x6000-0x6fff]
02-19 13:54:37.472     0     0 I pci 0000: 00:07.0:   bridge window [mem 0x52000000-0x5e1fffff]
02-19 13:54:37.472     0     0 I pci 0000: 00:07.0:   bridge window [mem 0x6210000000-0x622bffffff 64bit pref]
02-19 13:54:37.472     0     0 I pci 0000: 00:1c.0: PCI bridge to [bus 37]
02-19 13:54:37.472     0     0 I pci 0000: 00:1c.0:   bridge window [io  0x3000-0x3fff]
02-19 13:54:37.472     0     0 I pci 0000: 00:1c.0:   bridge window [mem 0x60200000-0x602fffff]
02-19 13:54:37.472     0     0 I pci_bus 0000: 00: resource 4 [io  0x0000-0x0cf7 window]
02-19 13:54:37.472     0     0 I pci_bus 0000: 00: resource 5 [io  0x0d00-0xffff window]
02-19 13:54:37.472     0     0 I pci_bus 0000: 00: resource 6 [mem 0x000a0000-0x000bffff window]
02-19 13:54:37.472     0     0 I pci_bus 0000: 00: resource 7 [mem 0x000e0000-0x000fffff window]
02-19 13:54:37.472     0     0 I pci_bus 0000: 00: resource 8 [mem 0x4f800000-0xbfffffff window]
02-19 13:54:37.472     0     0 I pci_bus 0000: 00: resource 9 [mem 0x4000000000-0x7fffffffff window]
02-19 13:54:37.472     0     0 I pci_bus 0000: 01: resource 0 [io  0x4000-0x4fff]
02-19 13:54:37.472     0     0 I pci_bus 0000: 01: resource 1 [mem 0x5f000000-0x600fffff]
02-19 13:54:37.472     0     0 I pci_bus 0000: 01: resource 2 [mem 0x6000000000-0x6201ffffff 64bit pref]
02-19 13:54:37.472     0     0 I pci_bus 0000: 02: resource 0 [io  0x6000-0x6fff]
02-19 13:54:37.472     0     0 I pci_bus 0000: 02: resource 1 [mem 0x52000000-0x5e1fffff]
02-19 13:54:37.472     0     0 I pci_bus 0000: 02: resource 2 [mem 0x6210000000-0x622bffffff 64bit pref]
02-19 13:54:37.472     0     0 I pci_bus 0000: 37: resource 0 [io  0x3000-0x3fff]
02-19 13:54:37.472     0     0 I pci_bus 0000: 37: resource 1 [mem 0x60200000-0x602fffff]
02-19 13:54:37.473     0     0 I pci 0000: 01:00.1: extending delay after power-on from D3hot to 20 msec
02-19 13:54:37.473     0     0 I pci 0000: 01:00.1: D0 power state depends on 0000:01:00.0
02-19 13:54:37.473     0     0 I PCI     : CLS 64 bytes, default 64
02-19 13:54:37.473     0     0 I DMAR    : Intel-IOMMU force enabled due to platform opt in
02-19 13:54:37.473     0     0 I DMAR    : No ATSR found
02-19 13:54:37.473     0     0 I DMAR    : No SATC found
02-19 13:54:37.473     0     0 I DMAR    : IOMMU feature fl1gp_support inconsistent
02-19 13:54:37.473     0     0 I DMAR    : IOMMU feature pgsel_inv inconsistent
02-19 13:54:37.473     0     0 I DMAR    : IOMMU feature nwfs inconsistent
02-19 13:54:37.473     0     0 I DMAR    : IOMMU feature dit inconsistent
02-19 13:54:37.473     0     0 I DMAR    : IOMMU feature sc_support inconsistent
02-19 13:54:37.473     0     0 I DMAR    : IOMMU feature dev_iotlb_support inconsistent
02-19 13:54:37.473     0     0 I DMAR    : dmar0: Using Queued invalidation
02-19 13:54:37.473     0     0 I DMAR    : dmar1: Using Queued invalidation
02-19 13:54:37.473     0     0 I         : Trying to unpack rootfs image as initramfs...
02-19 13:54:37.473     0     0 I pci 0000: 00:02.0: Adding to iommu group 0
02-19 13:54:37.473     0     0 I pci 0000: 00:00.0: Adding to iommu group 1
02-19 13:54:37.473     0     0 I pci 0000: 00:01.0: Adding to iommu group 2
02-19 13:54:37.473     0     0 I pci 0000: 00:04.0: Adding to iommu group 3
02-19 13:54:37.473     0     0 I pci 0000: 00:06.0: Adding to iommu group 4
02-19 13:54:37.473     0     0 I pci 0000: 00:07.0: Adding to iommu group 5
02-19 13:54:37.473     0     0 I pci 0000: 00:08.0: Adding to iommu group 6
02-19 13:54:37.473     0     0 I pci 0000: 00:0d.0: Adding to iommu group 7
02-19 13:54:37.473     0     0 I pci 0000: 00:0d.2: Adding to iommu group 7
02-19 13:54:37.473     0     0 I pci 0000: 00:0e.0: Adding to iommu group 8
02-19 13:54:37.473     0     0 I pci 0000: 00:14.0: Adding to iommu group 9
02-19 13:54:37.473     0     0 I pci 0000: 00:14.2: Adding to iommu group 9
02-19 13:54:37.473     0     0 I pci 0000: 00:14.3: Adding to iommu group 10
02-19 13:54:37.473     0     0 I pci 0000: 00:15.0: Adding to iommu group 11
02-19 13:54:37.473     0     0 I pci 0000: 00:15.1: Adding to iommu group 11
02-19 13:54:37.473     0     0 I pci 0000: 00:16.0: Adding to iommu group 12
02-19 13:54:37.473     0     0 I pci 0000: 00:1c.0: Adding to iommu group 13
02-19 13:54:37.473     0     0 I pci 0000: 00:1f.0: Adding to iommu group 14
02-19 13:54:37.473     0     0 I pci 0000: 00:1f.3: Adding to iommu group 14
02-19 13:54:37.473     0     0 I pci 0000: 00:1f.4: Adding to iommu group 14
02-19 13:54:37.473     0     0 I pci 0000: 00:1f.5: Adding to iommu group 14
02-19 13:54:37.473     0     0 I pci 0000: 01:00.0: Adding to iommu group 15
02-19 13:54:37.473     0     0 I pci 0000: 01:00.1: Adding to iommu group 15
02-19 13:54:37.473     0     0 I pci 0000: 37:00.0: Adding to iommu group 16
02-19 13:54:37.473     0     0 I DMAR    : Intel(R) Virtualization Technology for Directed I/O
02-19 13:54:37.473     0     0 I PCI-DMA : Using software bounce buffering for IO (SWIOTLB)
02-19 13:54:37.473     0     0 I         : software IO TLB: mapped [mem 0x00000000286f4000-0x000000002c6f4000] (64MB)
02-19 13:54:37.474     0     0 I clocksource: tsc: mask: 0xffffffffffffffff max_cycles: 0x2a11290c0c8, max_idle_ns: 440795344938 ns
02-19 13:54:37.474     0     0 I clocksource: Switched to clocksource tsc
02-19 13:54:37.474     0     0 I platform rtc_cmos: registered platform RTC device (no PNP device found)
02-19 13:54:37.479     0     0 I         : Initialise system trusted keyrings
02-19 13:54:37.479     0     0 I         : Key type blacklist registered
02-19 13:54:37.479     0     0 I workingset: timestamp_bits=41 max_order=22 bucket_order=0
02-19 13:54:37.479     0     0 I zbud    : loaded
02-19 13:54:37.479     0     0 I integrity: Platform Keyring initialized
02-19 13:54:37.479     0     0 I integrity: Machine keyring initialized
02-19 13:54:37.487     0     0 I         : Key type asymmetric registered
02-19 13:54:37.487     0     0 I         : Asymmetric key parser 'x509' registered
02-19 13:54:37.487     0     0 I         : Block layer SCSI generic (bsg) driver version 0.4 loaded (major 242)
02-19 13:54:37.487     0     0 I         : io scheduler mq-deadline registered
02-19 13:54:37.487     0     0 I         : io scheduler kyber registered
02-19 13:54:37.487     0     0 I         : io scheduler bfq registered
02-19 13:54:37.489     0     0 I pcieport 0000: 00:01.0: PME: Signaling with IRQ 122
02-19 13:54:37.489     0     0 I pcieport 0000: 00:07.0: PME: Signaling with IRQ 123
02-19 13:54:37.489     0     0 I pcieport 0000: 00:07.0: pciehp: Slot #3 AttnBtn- PwrCtrl- MRL- AttnInd- PwrInd- HotPlug+ Surprise+ Interlock- NoCompl+ IbPresDis- LLActRep+
02-19 13:54:37.489     0     0 I pcieport 0000: 00:1c.0: PME: Signaling with IRQ 124
02-19 13:54:37.489     0     0 I shpchp  : Standard Hot Plug PCI Controller Driver version: 0.4
02-19 13:54:37.490     0     0 D         : Monitor-Mwait will be used to enter C-1 state
02-19 13:54:37.490     0     0 D         : Monitor-Mwait will be used to enter C-2 state
02-19 13:54:37.490     0     0 D         : Monitor-Mwait will be used to enter C-3 state
02-19 13:54:37.490     0     0 I ACPI    : \_SB_.PR00: Found 3 idle states
02-19 13:54:37.490     0     0 I ACPI    : AC: AC Adapter [ADP0] (on-line)
02-19 13:54:37.490     0     0 I input   : Lid Switch as /devices/LNXSYSTM:00/LNXSYBUS:00/PNP0A08:00/device:0a/PNP0C0D:01/input/input0
02-19 13:54:37.490     0     0 I ACPI    : button: Lid Switch [LID0]
02-19 13:54:37.491     0     0 I input   : Sleep Button as /devices/LNXSYSTM:00/LNXSYBUS:00/PNP0C0E:00/input/input1
02-19 13:54:37.491     0     0 I ACPI    : button: Sleep Button [SLPB]
02-19 13:54:37.491     0     0 I input   : Power Button as /devices/LNXSYSTM:00/LNXSYBUS:00/PNP0C0C:00/input/input2
02-19 13:54:37.491     0     0 I ACPI    : button: Power Button [PWRB]
02-19 13:54:37.493     0     0 I thermal LNXTHERM: 00: registered as thermal_zone0
02-19 13:54:37.493     0     0 I ACPI    : thermal: Thermal Zone [TZ00] (28 C)
02-19 13:54:37.493     0     0 I Serial  : 8250/16550 driver, 32 ports, IRQ sharing enabled
02-19 13:54:37.494     0     0 I ACPI    : battery: Slot [BAT0] (battery present)
02-19 13:54:37.495     0     0 W hpet_acpi_add: no address or irqs in _CRS
02-19 13:54:37.495     0     0 I         : Non-volatile memory driver v1.3
02-19 13:54:37.495     0     0 I         : Linux agpgart interface v0.103
02-19 13:54:37.500     0     0 I         : Freeing initrd memory: 16912K
02-19 13:54:37.504     0     0 I ACPI    : bus type drm_connector registered
02-19 13:54:37.505     0     0 I usbcore : registered new interface driver usbserial_generic
02-19 13:54:37.505     0     0 I usbserial: USB Serial support registered for generic
02-19 13:54:37.505     0     0 I         : rtc_cmos rtc_cmos: RTC can wake from S4
02-19 13:54:37.506     0     0 I         : rtc_cmos rtc_cmos: registered as rtc0
02-19 13:54:37.506     0     0 I         : rtc_cmos rtc_cmos: setting system clock to 2024-02-19T13:54:37 UTC (1708350877)
02-19 13:54:37.506     0     0 I         : rtc_cmos rtc_cmos: alarms up to one month, y3k, 114 bytes nvram
02-19 13:54:37.507     0     0 I intel_pstate: Intel P-state driver initializing
02-19 13:54:37.508     0     0 I intel_pstate: HWP enabled
02-19 13:54:37.509     0     0 I ledtrig-cpu: registered to indicate activity on CPUs
02-19 13:54:37.509     0     0 I efifb   : probing for efifb
02-19 13:54:37.509     0     0 I efifb   : framebuffer at 0x4000000000, using 14400k, total 14400k
02-19 13:54:37.509     0     0 I efifb   : mode is 2560x1440x32, linelength=10240, pages=1
02-19 13:54:37.509     0     0 I efifb   : scrolling: redraw
02-19 13:54:37.509     0     0 I efifb   : Truecolor: size=8:8:8:8, shift=24:16:8:0
02-19 13:54:37.509     0     0 I fbcon   : Deferring console take-over
02-19 13:54:37.509     0     0 I fb0     : EFI VGA frame buffer device
02-19 13:54:37.509     0     0 I hid     : raw HID events driver (C) Jiri Kosina
02-19 13:54:37.509     0     0 I intel_pmc_core INT33A1: 00:  initialized
02-19 13:54:37.509     0     0 I drop_monitor: Initializing network drop monitor service
02-19 13:54:37.518     0     0 I         : Initializing XFRM netlink socket
02-19 13:54:37.518     0     0 I NET     : Registered PF_INET6 protocol family
02-19 13:54:37.526     0     0 I         : Segment Routing with IPv6
02-19 13:54:37.526     0     0 I         : RPL Segment Routing with IPv6
02-19 13:54:37.526     0     0 I         : In-situ OAM (IOAM) with IPv6
02-19 13:54:37.526     0     0 I NET     : Registered PF_PACKET protocol family
02-19 13:54:37.529     0     0 I microcode: Current revision: 0x0000411c
02-19 13:54:37.529     0     0 I microcode: Updated early from: 0x0000410e
02-19 13:54:37.530     0     0 I         : IPI shorthand broadcast: enabled
02-19 13:54:37.532     0     0 I sched_clock: Marking stable (943001360, 6485314)->(979423810, -29937136)
02-19 13:54:37.533     0     0 I         : registered taskstats version 1
02-19 13:54:37.535     0     0 I         : Loading compiled-in X.509 certificates
02-19 13:54:37.540     0     0 I         : Loaded X.509 cert 'Build time autogenerated kernel key: 9babd07e745c0c29544cd224a71abbe521eb457e'
02-19 13:54:37.545     0     0 I zswap   : loaded using pool zstd/zsmalloc
02-19 13:54:37.546     0     0 I         : Key type .fscrypt registered
02-19 13:54:37.546     0     0 I         : Key type fscrypt-provisioning registered
02-19 13:54:37.547     0     0 I integrity: Loading X.509 certificate: UEFI:db
02-19 13:54:37.547     0     0 I integrity: Loaded X.509 cert ': 4238256238813fab4f31de855fe58652'
02-19 13:54:37.547     0     0 I integrity: Loading X.509 certificate: UEFI:db
02-19 13:54:37.547     0     0 I integrity: Loaded X.509 cert 'Microsoft Corporation UEFI CA 2011: 13adbf4309bd82709c8cd54f316ed522988a1bd4'
02-19 13:54:37.547     0     0 I integrity: Loading X.509 certificate: UEFI:db
02-19 13:54:37.547     0     0 I integrity: Loaded X.509 cert 'Microsoft Windows Production PCA 2011: a92902398e16c49778cd90f99e4f9ae17c55af53'
02-19 13:54:37.548     0     0 I PM      : Magic number: 12:671:938
02-19 13:54:37.552     0     0 I RAS     : Correctable Errors collector initialized.
02-19 13:54:37.552     0     0 I clk     : Disabling unused clocks
02-19 13:54:37.560     0     0 I         : Freeing unused decrypted memory: 2028K
02-19 13:54:37.560     0     0 I         : Freeing unused kernel image (initmem) memory: 3632K
02-19 13:54:37.566     0     0 I         : Write protecting the kernel read-only data: 34816k
02-19 13:54:37.567     0     0 I         : Freeing unused kernel image (rodata/data gap) memory: 1268K
02-19 13:54:37.575     0     0 I x86/mm  : Checked W+X mappings: passed, no W+X pages found.
02-19 13:54:37.575     0     0 I rodata_test: all tests were successful
02-19 13:54:37.575     0     0 I         : Run /init as init process
02-19 13:54:37.575     0     0 D with arguments:  
02-19 13:54:37.575     0     0 D         : /init
02-19 13:54:37.575     0     0 D with environment:  
02-19 13:54:37.575     0     0 D         : HOME=/
02-19 13:54:37.575     0     0 D         : TERM=linux
02-19 13:54:37.575     0     0 D         : BOOT_IMAGE=/vmlinuz-linux-zen
02-19 13:54:37.603     0     0 I fbcon   : Taking over console
02-19 13:54:37.603     0     0 I Console : switching to colour frame buffer device 160x45
02-19 13:54:37.680     0     0 I i8042   : PNP: PS/2 Controller [PNP0303:PS2K] at 0x60,0x64 irq 1
02-19 13:54:37.680     0     0 W i8042   : PNP: PS/2 appears to have AUX port disabled, if this is incorrect please boot with i8042.nopnp
02-19 13:54:37.681     0     0 I serio   : i8042 KBD port at 0x60,0x64 irq 1
02-19 13:54:37.681     0     0 I xhci_hcd 0000: 00:0d.0: xHCI Host Controller
02-19 13:54:37.681     0     0 I xhci_hcd 0000: 00:0d.0: new USB bus registered, assigned bus number 1
02-19 13:54:37.681     0     0 I vmd 0000: 00:0e.0: PCI host bridge to bus 10000:e0
02-19 13:54:37.681     0     0 I pci_bus 10000: e0: root bus resource [bus e0-ff]
02-19 13:54:37.681     0     0 I pci_bus 10000: e0: root bus resource [mem 0x50000000-0x51ffffff]
02-19 13:54:37.681     0     0 I pci_bus 10000: e0: root bus resource [mem 0x622f102000-0x622f1fffff 64bit]
02-19 13:54:37.681  8086  8086 I pci 10000: e0:06.0: [8086:a74d] type 01 class 0x060400
02-19 13:54:37.681     0     0 I pci 10000: e0:06.0: PME# supported from D0 D3hot D3cold
02-19 13:54:37.681     0     0 I pci 10000: e0:06.0: PTM enabled (root), 4ns granularity
02-19 13:54:37.682     0     0 I pci 10000: e0:06.0: Adding to iommu group 8
02-19 13:54:37.682  8086  8086 I pci 10000: e0:06.2: [8086:a73d] type 01 class 0x060400
02-19 13:54:37.682     0     0 I pci 10000: e0:06.2: PME# supported from D0 D3hot D3cold
02-19 13:54:37.682     0     0 I pci 10000: e0:06.2: PTM enabled (root), 4ns granularity
02-19 13:54:37.682     0     0 I pci 10000: e0:06.2: Adding to iommu group 8
02-19 13:54:37.682     0     0 W pci 10000: e0:06.0: Primary bus is hard wired to 0
02-19 13:54:37.682     0     0 I pci 10000: e1:00.0: [15b7:5017] type 00 class 0x010802
02-19 13:54:37.682     0     0 I pci 10000: e1:00.0: reg 0x10: [mem 0x50000000-0x50003fff 64bit]
02-19 13:54:37.682     0     0 I pci 10000: e1:00.0: Adding to iommu group 8
02-19 13:54:37.682     0     0 I pci 10000: e0:06.0: PCI bridge to [bus e1]
02-19 13:54:37.682     0     0 I pci 10000: e0:06.0:   bridge window [io  0x0000-0x0fff]
02-19 13:54:37.682     0     0 I pci 10000: e0:06.0:   bridge window [mem 0x50000000-0x500fffff]
02-19 13:54:37.682     0     0 W pci 10000: e0:06.2: Primary bus is hard wired to 0
02-19 13:54:37.682     0     0 I pci 10000: e2:00.0: [1e4b:1202] type 00 class 0x010802
02-19 13:54:37.682     0     0 I pci 10000: e2:00.0: reg 0x10: [mem 0x50100000-0x50103fff 64bit]
02-19 13:54:37.682     0     0 I xhci_hcd 0000: 00:0d.0: hcc params 0x20007fc1 hci version 0x120 quirks 0x0000000200009810
02-19 13:54:37.682     0     0 I pci 10000: e2:00.0: PME# supported from D0 D3hot D3cold
02-19 13:54:37.682     0     0 I pci 10000: e2:00.0: Adding to iommu group 8
02-19 13:54:37.682     0     0 I pci 10000: e0:06.2: PCI bridge to [bus e2]
02-19 13:54:37.682     0     0 I pci 10000: e0:06.2:   bridge window [io  0x0000-0x0fff]
02-19 13:54:37.682     0     0 I pci 10000: e0:06.2:   bridge window [mem 0x50100000-0x501fffff]
02-19 13:54:37.682     0     0 W pci 10000: e0:06.0: Primary bus is hard wired to 0
02-19 13:54:37.682     0     0 W pci 10000: e0:06.2: Primary bus is hard wired to 0
02-19 13:54:37.682     0     0 I xhci_hcd 0000: 00:0d.0: xHCI Host Controller
02-19 13:54:37.682     0     0 I xhci_hcd 0000: 00:0d.0: new USB bus registered, assigned bus number 2
02-19 13:54:37.682     0     0 I xhci_hcd 0000: 00:0d.0: Host supports USB 3.2 Enhanced SuperSpeed
02-19 13:54:37.682     0     0 I usb1    : New USB device found, idVendor=1d6b, idProduct=0002, bcdDevice= 6.07
02-19 13:54:37.682     0     0 I usb1    : New USB device strings: Mfr=3, Product=2, SerialNumber=1
02-19 13:54:37.682     0     0 I usb1    : Product: xHCI Host Controller
02-19 13:54:37.682     0     0 I usb1    : Manufacturer: Linux 6.7.5-zen1-1-zen xhci-hcd
02-19 13:54:37.682     0     0 I usb1    : SerialNumber: 0000:00:0d.0
02-19 13:54:37.683     0     0 I hub 1-0 : 1.0: USB hub found
02-19 13:54:37.683     0     0 I hub 1-0 : 1.0: 1 port detected
02-19 13:54:37.683     0     0 I usb2    : New USB device found, idVendor=1d6b, idProduct=0003, bcdDevice= 6.07
02-19 13:54:37.683     0     0 I usb2    : New USB device strings: Mfr=3, Product=2, SerialNumber=1
02-19 13:54:37.683     0     0 I usb2    : Product: xHCI Host Controller
02-19 13:54:37.683     0     0 I usb2    : Manufacturer: Linux 6.7.5-zen1-1-zen xhci-hcd
02-19 13:54:37.683     0     0 I usb2    : SerialNumber: 0000:00:0d.0
02-19 13:54:37.683     0     0 I hub 2-0 : 1.0: USB hub found
02-19 13:54:37.683     0     0 I hub 2-0 : 1.0: 2 ports detected
02-19 13:54:37.684     0     0 I xhci_hcd 0000: 00:14.0: xHCI Host Controller
02-19 13:54:37.684     0     0 I xhci_hcd 0000: 00:14.0: new USB bus registered, assigned bus number 3
02-19 13:54:37.685     0     0 I xhci_hcd 0000: 00:14.0: hcc params 0x20007fc1 hci version 0x120 quirks 0x0000100200009810
02-19 13:54:37.685     0     0 I xhci_hcd 0000: 00:14.0: xHCI Host Controller
02-19 13:54:37.685     0     0 I xhci_hcd 0000: 00:14.0: new USB bus registered, assigned bus number 4
02-19 13:54:37.685     0     0 I xhci_hcd 0000: 00:14.0: Host supports USB 3.1 Enhanced SuperSpeed
02-19 13:54:37.686     0     0 I usb3    : New USB device found, idVendor=1d6b, idProduct=0002, bcdDevice= 6.07
02-19 13:54:37.686     0     0 I usb3    : New USB device strings: Mfr=3, Product=2, SerialNumber=1
02-19 13:54:37.686     0     0 I usb3    : Product: xHCI Host Controller
02-19 13:54:37.686     0     0 I usb3    : Manufacturer: Linux 6.7.5-zen1-1-zen xhci-hcd
02-19 13:54:37.686     0     0 I usb3    : SerialNumber: 0000:00:14.0
02-19 13:54:37.686     0     0 I hub 3-0 : 1.0: USB hub found
02-19 13:54:37.686     0     0 I hub 3-0 : 1.0: 12 ports detected
02-19 13:54:37.687     0     0 I usb4    : New USB device found, idVendor=1d6b, idProduct=0003, bcdDevice= 6.07
02-19 13:54:37.687     0     0 I usb4    : New USB device strings: Mfr=3, Product=2, SerialNumber=1
02-19 13:54:37.687     0     0 I usb4    : Product: xHCI Host Controller
02-19 13:54:37.687     0     0 I usb4    : Manufacturer: Linux 6.7.5-zen1-1-zen xhci-hcd
02-19 13:54:37.687     0     0 I usb4    : SerialNumber: 0000:00:14.0
02-19 13:54:37.687     0     0 I hub 4-0 : 1.0: USB hub found
02-19 13:54:37.687     0     0 I hub 4-0 : 1.0: 4 ports detected
02-19 13:54:37.692     0     0 I input   : AT Translated Set 2 keyboard as /devices/platform/i8042/serio0/input/input3
02-19 13:54:37.865     0     0 I pci 10000: e0:06.0: BAR 14: assigned [mem 0x50000000-0x500fffff]
02-19 13:54:37.865     0     0 I pci 10000: e0:06.2: BAR 14: assigned [mem 0x50100000-0x501fffff]
02-19 13:54:37.865     0     0 I pci 10000: e0:06.0: BAR 13: no space for [io  size 0x1000]
02-19 13:54:37.865     0     0 I pci 10000: e0:06.0: BAR 13: failed to assign [io  size 0x1000]
02-19 13:54:37.865     0     0 I pci 10000: e0:06.2: BAR 13: no space for [io  size 0x1000]
02-19 13:54:37.865     0     0 I pci 10000: e0:06.2: BAR 13: failed to assign [io  size 0x1000]
02-19 13:54:37.866     0     0 I pci 10000: e1:00.0: BAR 0: assigned [mem 0x50000000-0x50003fff 64bit]
02-19 13:54:37.866     0     0 I pci 10000: e0:06.0: PCI bridge to [bus e1]
02-19 13:54:37.866     0     0 I pci 10000: e0:06.0:   bridge window [mem 0x50000000-0x500fffff]
02-19 13:54:37.866     0     0 I pci 10000: e2:00.0: BAR 0: assigned [mem 0x50100000-0x50103fff 64bit]
02-19 13:54:37.866     0     0 I pci 10000: e0:06.2: PCI bridge to [bus e2]
02-19 13:54:37.866     0     0 I pci 10000: e0:06.2:   bridge window [mem 0x50100000-0x501fffff]
02-19 13:54:37.866     0     0 W pcieport 10000: e0:06.0: can't derive routing for PCI INT D
02-19 13:54:37.866     0     0 W pcieport 10000: e0:06.0: PCI INT D: no GSI
02-19 13:54:37.866     0     0 I pcieport 10000: e0:06.0: PME: Signaling with IRQ 146
02-19 13:54:37.866     0     0 W pcieport 10000: e0:06.2: can't derive routing for PCI INT B
02-19 13:54:37.866     0     0 W pcieport 10000: e0:06.2: PCI INT B: no GSI
02-19 13:54:37.866     0     0 I pcieport 10000: e0:06.2: PME: Signaling with IRQ 147
02-19 13:54:37.867     0     0 I vmd 0000: 00:0e.0: Bound to PCI domain 10000
02-19 13:54:37.894     0     0 I nvme1   : pci function 10000:e2:00.0
02-19 13:54:37.894     0     0 I nvme0   : pci function 10000:e1:00.0
02-19 13:54:37.894     0     0 W pcieport 10000: e0:06.0: can't derive routing for PCI INT A
02-19 13:54:37.894     0     0 W pcieport 10000: e0:06.2: can't derive routing for PCI INT A
02-19 13:54:37.894     0     0 W nvme 10000: e1:00.0: PCI INT A: no GSI
02-19 13:54:37.894     0     0 W nvme 10000: e2:00.0: PCI INT A: not connected
02-19 13:54:37.898     0     0 W nvme1   : missing or invalid SUBNQN field.
02-19 13:54:37.906     0     0 I nvme1   : allocated 32 MiB host memory buffer.
02-19 13:54:37.909     0     0 I nvme1   : 8/0/0 default/read/poll queues
02-19 13:54:37.911     0     0 I nvme1   : Ignoring bogus Namespace Identifiers
02-19 13:54:37.914     0     0 I nvme1n1 : p1 p2 p3 p4 p5
02-19 13:54:37.924     0     0 I usb 3-1 : new low-speed USB device number 2 using xhci_hcd
02-19 13:54:37.929     0     0 I nvme0   : allocated 32 MiB host memory buffer.
02-19 13:54:37.932     0     0 I nvme0   : 18/0/0 default/read/poll queues
02-19 13:54:37.939     0     0 I nvme0n1 : p1 p2 p3 p4 p5 p6
02-19 13:54:38.053     0     0 I usb 3-1 : New USB device found, idVendor=30fa, idProduct=0400, bcdDevice= 1.00
02-19 13:54:38.053     0     0 I usb 3-1 : New USB device strings: Mfr=0, Product=1, SerialNumber=0
02-19 13:54:38.053     0     0 I usb 3-1 : Product: USB OPTICAL MOUSE
02-19 13:54:38.058     0     0 I input   : USB OPTICAL MOUSE  as /devices/pci0000:00/0000:00:14.0/usb3/3-1/3-1:1.0/0003:30FA:0400.0001/input/input4
02-19 13:54:38.058     0     0 I hid-generic 0003: 30FA:0400.0001: input,hidraw0: USB HID v1.11 Mouse [USB OPTICAL MOUSE ] on usb-0000:00:14.0-1/input0
02-19 13:54:38.058     0     0 I usbcore : registered new interface driver usbhid
02-19 13:54:38.058     0     0 I usbhid  : USB HID core driver
02-19 13:54:38.077     0     0 I EXT4-fs (nvme1n1p4): mounted filesystem 56e156ab-866c-479c-a0bd-1f0abb499a0e r/w with ordered data mode. Quota mode: none.
02-19 13:54:38.167     0     0 I usb 3-2 : new full-speed USB device number 3 using xhci_hcd
02-19 13:54:38.174     0     0 I systemd[1]: systemd 255.3-1-arch running in system mode (+PAM +AUDIT -SELINUX -APPARMOR -IMA +SMACK +SECCOMP +GCRYPT +GNUTLS +OPENSSL +ACL +BLKID +CURL +ELFUTILS +FIDO2 +IDN2 -IDN +IPTC +KMOD +LIBCRYPTSETUP +LIBFDISK +PCRE2 +PWQUALITY +P11KIT +QRENCODE +TPM2 +BZIP2 +LZ4 +XZ +ZLIB +ZSTD +BPF_FRAMEWORK +XKBCOMMON +UTMP -SYSVINIT default-hierarchy=unified)
02-19 13:54:38.174     0     0 I systemd[1]: Detected architecture x86-64.
02-19 13:54:38.175     0     0 I systemd[1]: Hostname set to <Arch>.
02-19 13:54:38.298     0     0 I usb 3-2 : New USB device found, idVendor=258a, idProduct=002a, bcdDevice=90.29
02-19 13:54:38.298     0     0 I usb 3-2 : New USB device strings: Mfr=1, Product=2, SerialNumber=0
02-19 13:54:38.298     0     0 I usb 3-2 : Product: Gaming KB
02-19 13:54:38.298     0     0 I usb 3-2 : Manufacturer: SINO WEALTH
02-19 13:54:38.304     0     0 I input   : SINO WEALTH Gaming KB  as /devices/pci0000:00/0000:00:14.0/usb3/3-2/3-2:1.0/0003:258A:002A.0002/input/input5
02-19 13:54:38.357     0     0 I hid-generic 0003: 258A:002A.0002: input,hidraw1: USB HID v1.11 Keyboard [SINO WEALTH Gaming KB ] on usb-0000:00:14.0-2/input0
02-19 13:54:38.362     0     0 I input   : SINO WEALTH Gaming KB  System Control as /devices/pci0000:00/0000:00:14.0/usb3/3-2/3-2:1.1/0003:258A:002A.0003/input/input6
02-19 13:54:38.414     0     0 I input   : SINO WEALTH Gaming KB  Consumer Control as /devices/pci0000:00/0000:00:14.0/usb3/3-2/3-2:1.1/0003:258A:002A.0003/input/input7
02-19 13:54:38.414     0     0 I input   : SINO WEALTH Gaming KB  Keyboard as /devices/pci0000:00/0000:00:14.0/usb3/3-2/3-2:1.1/0003:258A:002A.0003/input/input8
02-19 13:54:38.415     0     0 I hid-generic 0003: 258A:002A.0003: input,hiddev96,hidraw2: USB HID v1.11 Keyboard [SINO WEALTH Gaming KB ] on usb-0000:00:14.0-2/input1
02-19 13:54:38.478     0     0 I systemd[1]: bpf-lsm: LSM BPF program attached
02-19 13:54:38.530     0     0 I usb 3-7 : new high-speed USB device number 4 using xhci_hcd
02-19 13:54:38.607     0     0 I systemd[1]: Queued start job for default target Graphical Interface.
02-19 13:54:38.630     0     0 I systemd[1]: Created slice Slice /system/dirmngr.
02-19 13:54:38.630     0     0 I systemd[1]: Created slice Slice /system/getty.
02-19 13:54:38.631     0     0 I systemd[1]: Created slice Slice /system/gpg-agent.
02-19 13:54:38.631     0     0 I systemd[1]: Created slice Slice /system/gpg-agent-browser.
02-19 13:54:38.632     0     0 I systemd[1]: Created slice Slice /system/gpg-agent-extra.
02-19 13:54:38.632     0     0 I systemd[1]: Created slice Slice /system/gpg-agent-ssh.
02-19 13:54:38.633     0     0 I systemd[1]: Created slice Slice /system/keyboxd.
02-19 13:54:38.633     0     0 I systemd[1]: Created slice Slice /system/modprobe.
02-19 13:54:38.633     0     0 I systemd[1]: Created slice Slice /system/systemd-fsck.
02-19 13:54:38.634     0     0 I systemd[1]: Created slice User and Session Slice.
02-19 13:54:38.634     0     0 I systemd[1]: Started Dispatch Password Requests to Console Directory Watch.
02-19 13:54:38.634     0     0 I systemd[1]: Started Forward Password Requests to Wall Directory Watch.
02-19 13:54:38.634     0     0 I systemd[1]: Set up automount Arbitrary Executable File Formats File System Automount Point.
02-19 13:54:38.634     0     0 I systemd[1]: Expecting device /dev/disk/by-uuid/6bc2650c-6c27-4243-b624-f19dc895411c...
02-19 13:54:38.634     0     0 I systemd[1]: Expecting device /dev/disk/by-uuid/FCC0-2CBF...
02-19 13:54:38.634     0     0 I systemd[1]: Reached target Local Encrypted Volumes.
02-19 13:54:38.634     0     0 I systemd[1]: Reached target Login Prompts.
02-19 13:54:38.634     0     0 I systemd[1]: Reached target Local Integrity Protected Volumes.
02-19 13:54:38.635     0     0 I systemd[1]: Reached target Path Units.
02-19 13:54:38.635     0     0 I systemd[1]: Reached target Remote File Systems.
02-19 13:54:38.635     0     0 I systemd[1]: Reached target Slice Units.
02-19 13:54:38.635     0     0 I systemd[1]: Reached target Local Verity Protected Volumes.
02-19 13:54:38.635     0     0 I systemd[1]: Listening on Device-mapper event daemon FIFOs.
02-19 13:54:38.635     0     0 I systemd[1]: Listening on LVM2 poll daemon socket.
02-19 13:54:38.636     0     0 I systemd[1]: Listening on Process Core Dump Socket.
02-19 13:54:38.637     0     0 I systemd[1]: Listening on Journal Socket (/dev/log).
02-19 13:54:38.637     0     0 I systemd[1]: Listening on Journal Socket.
02-19 13:54:38.637     0     0 I systemd[1]: TPM2 PCR Extension (Varlink) was skipped because of an unmet condition check (ConditionSecurity=measured-uki).
02-19 13:54:38.637     0     0 I systemd[1]: Listening on udev Control Socket.
02-19 13:54:38.637     0     0 I systemd[1]: Listening on udev Kernel Socket.
02-19 13:54:38.638     0     0 I systemd[1]: Mounting Huge Pages File System...
02-19 13:54:38.639     0     0 I systemd[1]: Mounting POSIX Message Queue File System...
02-19 13:54:38.640     0     0 I systemd[1]: Mounting Kernel Debug File System...
02-19 13:54:38.641     0     0 I systemd[1]: Mounting Kernel Trace File System...
02-19 13:54:38.643     0     0 I systemd[1]: Starting Create List of Static Device Nodes...
02-19 13:54:38.644     0     0 I systemd[1]: Starting Monitoring of LVM2 mirrors, snapshots etc. using dmeventd or progress polling...
02-19 13:54:38.645     0     0 I systemd[1]: Starting Load Kernel Module configfs...
02-19 13:54:38.647     0     0 I systemd[1]: Starting Load Kernel Module dm_mod...
02-19 13:54:38.648     0     0 I systemd[1]: Starting Load Kernel Module drm...
02-19 13:54:38.650     0     0 I systemd[1]: Starting Load Kernel Module fuse...
02-19 13:54:38.651     0     0 I systemd[1]: Starting Load Kernel Module loop...
02-19 13:54:38.652     0     0 I systemd[1]: File System Check on Root Device was skipped because of an unmet condition check (ConditionPathIsReadWrite=!/).
02-19 13:54:38.653     0     0 I systemd[1]: Starting Journal Service...
02-19 13:54:38.655     0     0 I systemd[1]: Starting Load Kernel Modules...
02-19 13:54:38.656     0     0 I systemd[1]: TPM2 PCR Machine ID Measurement was skipped because of an unmet condition check (ConditionSecurity=measured-uki).
02-19 13:54:38.656     0     0 I systemd[1]: Starting Remount Root and Kernel File Systems...
02-19 13:54:38.657     0     0 I systemd[1]: TPM2 SRK Setup (Early) was skipped because of an unmet condition check (ConditionSecurity=measured-uki).
02-19 13:54:38.658     0     0 I systemd[1]: Starting Coldplug All udev Devices...
02-19 13:54:38.658     0     0 I device-mapper: uevent: version 1.0.3
02-19 13:54:38.658     0     0 I loop    : module loaded
02-19 13:54:38.658     0     0 I device-mapper: ioctl: 4.48.0-ioctl (2023-03-01) initialised: dm-devel@redhat.com
02-19 13:54:38.660     0     0 I systemd[1]: Mounted Huge Pages File System.
02-19 13:54:38.660     0     0 I systemd[1]: Mounted POSIX Message Queue File System.
02-19 13:54:38.661     0     0 I systemd[1]: Mounted Kernel Debug File System.
02-19 13:54:38.662     0     0 I fuse    : init (API version 7.39)
02-19 13:54:38.662     0     0 I systemd[1]: Mounted Kernel Trace File System.
02-19 13:54:38.666     0     0 I systemd-journald[328]: Collecting audit messages is disabled.
02-19 13:54:38.668     0     0 I i2c_dev : i2c /dev entries driver
02-19 13:54:38.677     0     0 I EXT4-fs (nvme1n1p4): re-mounted 56e156ab-866c-479c-a0bd-1f0abb499a0e r/w. Quota mode: none.
02-19 13:54:38.678     0     0 I usb 3-7 : New USB device found, idVendor=2b7e, idProduct=b685, bcdDevice= 0.01
02-19 13:54:38.678     0     0 I usb 3-7 : New USB device strings: Mfr=2, Product=1, SerialNumber=0
02-19 13:54:38.678     0     0 I usb 3-7 : Product: USB2.0 HD UVC WebCam
02-19 13:54:38.678     0     0 I usb 3-7 : Manufacturer: Sonix Technology Co., Ltd.
02-19 13:54:38.679     0     0 I systemd[1]: Finished Create List of Static Device Nodes.
02-19 13:54:38.681     0     0 I systemd[1]: modprobe@configfs.service: Deactivated successfully.
02-19 13:54:38.704     0     0 I systemd[1]: Finished Load Kernel Module configfs.
02-19 13:54:38.705     0     0 I systemd[1]: Started Journal Service.
02-19 13:54:38.793     0     0 I usb 3-10: new full-speed USB device number 5 using xhci_hcd
02-19 13:54:38.822     0     0 I         : Adding 11863036k swap on /swapfile.  Priority:-2 extents:91 across:12713984k SS
02-19 13:54:38.824     0     0 I systemd-journald[328]: Received client request to flush runtime journal.
02-19 13:54:38.834     0     0 I systemd-journald[328]: /var/log/journal/7136ca8dae9a4e08a659d7e02707a6fe/system.journal: Journal file uses a different sequence number ID, rotating.
02-19 13:54:38.834     0     0 I systemd-journald[328]: Rotating system journal.
02-19 13:54:38.921     0     0 I usb 3-10: New USB device found, idVendor=8087, idProduct=0026, bcdDevice= 0.02
02-19 13:54:38.921     0     0 I usb 3-10: New USB device strings: Mfr=0, Product=0, SerialNumber=0
02-19 13:54:38.960     0     0 W nvidia  : loading out-of-tree module taints kernel.
02-19 13:54:38.960     0     0 W nvidia  : module license 'NVIDIA' taints kernel.
02-19 13:54:38.960     0     0 W         : Disabling lock debugging due to kernel taint
02-19 13:54:38.960     0     0 I nvidia  : module verification failed: signature and/or required key missing - tainting kernel
02-19 13:54:38.960     0     0 W nvidia  : module license taints kernel.
02-19 13:54:39.106     0     0 I ACPI    : bus type thunderbolt registered
02-19 13:54:39.106     0     0 W wmi_bus-PNP0C14: 00: WQ00 data block query control method not found
02-19 13:54:39.106     0     0 I nvidia-nvlink: Nvlink Core is being initialized, major device number 235
02-19 13:54:39.107     0     0 I nvidia 0000: 01:00.0: enabling device (0000 -> 0003)
02-19 13:54:39.107     0     0 I nvidia 0000: 01:00.0: vgaarb: VGA decodes changed: olddecodes=io+mem,decodes=none:owns=none
02-19 13:54:39.109     0     0 I input   : PC Speaker as /devices/platform/pcspkr/input/input9
02-19 13:54:39.109     0     0 I mc      : Linux media interface: v0.10
02-19 13:54:39.114     0     0 I         : Consider using thermal netlink events interface
02-19 13:54:39.115     0     0 I i801_smbus 0000: 00:1f.4: SPD Write Disable is set
02-19 13:54:39.116     0     0 I i801_smbus 0000: 00:1f.4: SMBus using PCI interrupt
02-19 13:54:39.116     0     0 I spi-nor spi0.0: w25q256 (32768 Kbytes)
02-19 13:54:39.119     0     0 I         : Creating 1 MTD partitions on "0000:00:1f.5":
02-19 13:54:39.119     0     0 I 0x000000000000-0x000002000000: "BIOS"
02-19 13:54:39.120     0     0 I mei_me 0000: 00:16.0: enabling device (0000 -> 0002)
02-19 13:54:39.129     0     0 I intel-lpss 0000: 00:15.0: enabling device (0004 -> 0006)
02-19 13:54:39.130     0     0 I idma64.0: Found Intel integrated DMA 64-bit
02-19 13:54:39.134     0     0 I i2c-0   : 2/2 memory slots populated (from DMI)
02-19 13:54:39.134     0     0 I i2c-0   : Memory type 0x22 not supported yet, not instantiating SPD
02-19 13:54:39.159     0     0 E NVRM    : loading NVIDIA UNIX x86_64 Kernel Module  545.29.06  Thu Nov 16 01:59:08 UTC 2023
02-19 13:54:39.160     0     0 I videodev: Linux video capture interface: v2.00
02-19 13:54:39.176     0     0 I intel-lpss 0000: 00:15.1: enabling device (0004 -> 0006)
02-19 13:54:39.177     0     0 I idma64.1: Found Intel integrated DMA 64-bit
02-19 13:54:39.184     0     0 I iTCO_vendor_support: vendor-support=0
02-19 13:54:39.185     0     0 I cfg80211: Loading compiled-in X.509 certificates for regulatory database
02-19 13:54:39.185     0     0 I         : Loaded X.509 cert 'sforshee: 00b28ddf47aef9cea7'
02-19 13:54:39.185     0     0 I         : Loaded X.509 cert 'wens: 61c038651aabdcf94bd0ac7ff06c7248db18c600'
02-19 13:54:39.189     0     0 W platform regulatory.0: Direct firmware load for regulatory.db failed with error -2
02-19 13:54:39.189     0     0 I cfg80211: failed to load regulatory.db
02-19 13:54:39.193     0     0 I r8169 0000: 37:00.0 eth0: RTL8168h/8111h, 08:bf:b8:c7:67:08, XID 541, IRQ 194
02-19 13:54:39.193     0     0 I r8169 0000: 37:00.0 eth0: jumbo features [frames: 9194 bytes, tx checksumming: ko]
02-19 13:54:39.197     0     0 I EXT4-fs (nvme1n1p5): mounted filesystem 6bc2650c-6c27-4243-b624-f19dc895411c r/w with ordered data mode. Quota mode: none.
02-19 13:54:39.294     0     0 I input   : ASUF1204:00 2808:0202 Mouse as /devices/pci0000:00/0000:00:15.0/i2c_designware.0/i2c-1/i2c-ASUF1204:00/0018:2808:0202.0004/input/input10
02-19 13:54:39.294     0     0 I input   : ASUF1204:00 2808:0202 Touchpad as /devices/pci0000:00/0000:00:15.0/i2c_designware.0/i2c-1/i2c-ASUF1204:00/0018:2808:0202.0004/input/input11
02-19 13:54:39.295     0     0 I hid-generic 0018: 2808:0202.0004: input,hidraw3: I2C HID v1.00 Mouse [ASUF1204:00 2808:0202] on i2c-ASUF1204:00
02-19 13:54:39.337     0     0 I input   : ITE5570:00 048D:8051 as /devices/pci0000:00/0000:00:15.1/i2c_designware.1/i2c-2/i2c-ITE5570:00/0018:048D:8051.0005/input/input14
02-19 13:54:39.337     0     0 I hid-generic 0018: 048D:8051.0005: input,hidraw4: I2C HID v1.00 Device [ITE5570:00 048D:8051] on i2c-ITE5570:00
02-19 13:54:39.347     0     0 I r8169 0000: 37:00.0 enp55s0: renamed from eth0
02-19 13:54:39.349     0     0 I RAPL PMU: API unit is 2^-32 Joules, 4 fixed counters, 655360 ms ovfl timer
02-19 13:54:39.349     0     0 I RAPL PMU: hw unit of domain pp0-core 2^-14 Joules
02-19 13:54:39.349     0     0 I RAPL PMU: hw unit of domain package 2^-14 Joules
02-19 13:54:39.349     0     0 I RAPL PMU: hw unit of domain pp1-gpu 2^-14 Joules
02-19 13:54:39.349     0     0 I RAPL PMU: hw unit of domain psys 2^-14 Joules
02-19 13:54:39.352     0     0 I         : iTCO_wdt iTCO_wdt: Found a Intel PCH TCO device (Version=6, TCOBASE=0x0400)
02-19 13:54:39.352     0     0 I         : iTCO_wdt iTCO_wdt: initialized. heartbeat=30 sec (nowayout=0)
02-19 13:54:39.354     0     0 I intel_rapl_msr: PL4 support detected.
02-19 13:54:39.354     0     0 I intel_rapl_common: Found RAPL domain package
02-19 13:54:39.354     0     0 I intel_rapl_common: Found RAPL domain core
02-19 13:54:39.354     0     0 I intel_rapl_common: Found RAPL domain uncore
02-19 13:54:39.354     0     0 I intel_rapl_common: Found RAPL domain psys
02-19 13:54:39.354     0     0 I cryptd  : max_cpu_qlen set to 1000
02-19 13:54:39.385     0     0 I         : AVX2 version of gcm_enc/dec engaged.
02-19 13:54:39.385     0     0 I asus_wmi: ASUS WMI generic driver loaded
02-19 13:54:39.385     0     0 I         : AES CTR mode by8 optimization enabled
02-19 13:54:39.385     0     0 I         : Intel(R) Wireless WiFi driver for Linux
02-19 13:54:39.386     0     0 I iwlwifi 0000: 00:14.3: enabling device (0000 -> 0002)
02-19 13:54:39.392     0     0 I iwlwifi 0000: 00:14.3: Detected crf-id 0x1300504, cnv-id 0x80400 wfpm id 0x80000030
