02-19 13:58:55.019   254   254 I SystemServerTiming: OnBootPhase_500_com.android.server.people.PeopleService
02-19 13:58:55.019   254   254 D SystemServerTiming: OnBootPhase_500_com.android.server.people.PeopleService took to complete: 0ms
02-19 13:58:55.019   254   254 I SystemServerTiming: OnBootPhase_500_com.android.server.media.projection.MediaProjectionManagerService
02-19 13:58:55.019   254   254 D SystemServerTiming: OnBootPhase_500_com.android.server.media.projection.MediaProjectionManagerService took to complete: 0ms
02-19 13:58:55.019   254   254 I SystemServerTiming: OnBootPhase_500_com.android.server.slice.SliceManagerService$Lifecycle
02-19 13:58:55.019   254   254 D SystemServerTiming: OnBootPhase_500_com.android.server.slice.SliceManagerService$Lifecycle took to complete: 0ms
02-19 13:58:55.019   254   254 I SystemServerTiming: OnBootPhase_500_com.android.server.camera.CameraServiceProxy
02-19 13:58:55.019   254   254 D SystemServerTiming: OnBootPhase_500_com.android.server.camera.CameraServiceProxy took to complete: 0ms
02-19 13:58:55.019   254   254 I SystemServerTiming: OnBootPhase_500_com.android.server.stats.StatsCompanion$Lifecycle
02-19 13:58:55.019   254   254 D SystemServerTiming: OnBootPhase_500_com.android.server.stats.StatsCompanion$Lifecycle took to complete: 0ms
02-19 13:58:55.019   254   254 I SystemServerTiming: OnBootPhase_500_com.android.server.stats.pull.StatsPullAtomService
02-19 13:58:55.019   254   254 D SystemServerTiming: OnBootPhase_500_com.android.server.stats.pull.StatsPullAtomService took to complete: 0ms
02-19 13:58:55.019   254   254 I SystemServerTiming: OnBootPhase_500_com.android.server.incident.IncidentCompanionService
02-19 13:58:55.019   254   254 D SystemServerTiming: OnBootPhase_500_com.android.server.incident.IncidentCompanionService took to complete: 0ms
02-19 13:58:55.019   254   254 I SystemServerTiming: OnBootPhase_500_com.android.server.MmsServiceBroker
02-19 13:58:55.019   254   254 D SystemServerTiming: OnBootPhase_500_com.android.server.MmsServiceBroker took to complete: 0ms
02-19 13:58:55.019   254   254 I SystemServerTiming: OnBootPhase_500_com.android.server.autofill.AutofillManagerService
02-19 13:58:55.019   254   254 D SystemServerTiming: OnBootPhase_500_com.android.server.autofill.AutofillManagerService took to complete: 0ms
02-19 13:58:55.019   254   254 I SystemServerTiming: OnBootPhase_500_com.android.server.clipboard.ClipboardService
02-19 13:58:55.019   254   254 D SystemServerTiming: OnBootPhase_500_com.android.server.clipboard.ClipboardService took to complete: 0ms
02-19 13:58:55.019   254   254 I SystemServerTiming: OnBootPhase_500_com.android.server.appbinding.AppBindingService$Lifecycle
02-19 13:58:55.019   254   254 D SystemServerTiming: OnBootPhase_500_com.android.server.appbinding.AppBindingService$Lifecycle took to complete: 0ms
02-19 13:58:55.019   254   254 I SystemServerTiming: OnBootPhase_500_org.lineageos.platform.internal.ProfileManagerService
02-19 13:58:55.019   254   254 D SystemServerTiming: OnBootPhase_500_org.lineageos.platform.internal.ProfileManagerService took to complete: 0ms
02-19 13:58:55.019   254   254 I SystemServerTiming: OnBootPhase_500_org.lineageos.platform.internal.LineageHardwareService
02-19 13:58:55.019   254   254 D SystemServerTiming: OnBootPhase_500_org.lineageos.platform.internal.LineageHardwareService took to complete: 0ms
02-19 13:58:55.019   254   254 I SystemServerTiming: OnBootPhase_500_org.lineageos.platform.internal.PerformanceManagerService
02-19 13:58:55.019    34    34 E servicemanager: Could not find vendor.lineage.power.IPower/default in the VINTF manifest.
02-19 13:58:55.019   254   254 D SystemServerTiming: OnBootPhase_500_org.lineageos.platform.internal.PerformanceManagerService took to complete: 0ms
02-19 13:58:55.019   254   254 I SystemServerTiming: OnBootPhase_500_org.lineageos.platform.internal.display.LiveDisplayService
02-19 13:58:55.019   254   254 D SystemServerTiming: OnBootPhase_500_org.lineageos.platform.internal.display.LiveDisplayService took to complete: 0ms
02-19 13:58:55.019   254   254 I SystemServerTiming: OnBootPhase_500_org.lineageos.platform.internal.LineageAudioService
02-19 13:58:55.019   254   254 D SystemServerTiming: OnBootPhase_500_org.lineageos.platform.internal.LineageAudioService took to complete: 0ms
02-19 13:58:55.019   254   254 I SystemServerTiming: OnBootPhase_500_org.lineageos.platform.internal.LineageSettingsService
02-19 13:58:55.019   254   254 D SystemServerTiming: OnBootPhase_500_org.lineageos.platform.internal.LineageSettingsService took to complete: 0ms
02-19 13:58:55.019   254   254 I SystemServerTiming: OnBootPhase_500_org.lineageos.platform.internal.LineageGlobalActionsService
02-19 13:58:55.019   254   254 D SystemServerTiming: OnBootPhase_500_org.lineageos.platform.internal.LineageGlobalActionsService took to complete: 0ms
02-19 13:58:55.019   254   254 I SystemServerTiming: OnBootPhase_500_org.lineageos.platform.internal.WayDroidService
02-19 13:58:55.019   254   254 D SystemServerTiming: OnBootPhase_500_org.lineageos.platform.internal.WayDroidService took to complete: 0ms
02-19 13:58:55.019   254   254 D SystemServerTiming: OnBootPhase_500 took to complete: 11ms
02-19 13:58:55.019   254   254 D SystemServerTiming: StartBootPhaseSystemServicesReady took to complete: 11ms
02-19 13:58:55.019   254   254 I SystemServerTiming: MakeWindowManagerServiceReady
02-19 13:58:55.019    69    69 I Zygote  : Called ZygoteHooks.endPreload()
02-19 13:58:55.019   254   279 E KernelCpuThreadReader: Failed to initialize KernelCpuThreadReader
02-19 13:58:55.019   254   279 E KernelCpuThreadReader: java.nio.file.NoSuchFileException: /proc/self/time_in_state
02-19 13:58:55.019   254   279 E KernelCpuThreadReader: 	at sun.nio.fs.UnixFileSystemProvider.newByteChannel(UnixFileSystemProvider.java:214)
02-19 13:58:55.019   254   279 E KernelCpuThreadReader: 	at java.nio.file.Files.newByteChannel(Files.java:361)
02-19 13:58:55.019   254   279 E KernelCpuThreadReader: 	at java.nio.file.Files.newByteChannel(Files.java:407)
02-19 13:58:55.019   254   279 E KernelCpuThreadReader: 	at java.nio.file.Files.readAllBytes(Files.java:3152)
02-19 13:58:55.019   254   279 E KernelCpuThreadReader: 	at com.android.internal.os.ProcTimeInStateReader.initializeTimeInStateFormat(ProcTimeInStateReader.java:163)
02-19 13:58:55.019   254   279 E KernelCpuThreadReader: 	at com.android.internal.os.ProcTimeInStateReader.<init>(ProcTimeInStateReader.java:110)
02-19 13:58:55.019   254   279 E KernelCpuThreadReader: 	at com.android.internal.os.KernelCpuThreadReader.<init>(KernelCpuThreadReader.java:138)
02-19 13:58:55.019   254   279 E KernelCpuThreadReader: 	at com.android.internal.os.KernelCpuThreadReader.create(KernelCpuThreadReader.java:151)
02-19 13:58:55.019   254   279 E KernelCpuThreadReader: 	at com.android.internal.os.KernelCpuThreadReaderSettingsObserver.<init>(KernelCpuThreadReaderSettingsObserver.java:95)
02-19 13:58:55.019   254   279 E KernelCpuThreadReader: 	at com.android.internal.os.KernelCpuThreadReaderSettingsObserver.getSettingsModifiedReader(KernelCpuThreadReaderSettingsObserver.java:80)
02-19 13:58:55.019   254   279 E KernelCpuThreadReader: 	at com.android.server.stats.pull.StatsPullAtomService.initializePullersState(StatsPullAtomService.java:729)
02-19 13:58:55.019   254   279 E KernelCpuThreadReader: 	at com.android.server.stats.pull.StatsPullAtomService.lambda$onBootPhase$0$StatsPullAtomService(StatsPullAtomService.java:676)
02-19 13:58:55.019   254   279 E KernelCpuThreadReader: 	at com.android.server.stats.pull.-$$Lambda$StatsPullAtomService$DD__7RQZDPvJeL9pnb_7J1voUNE.run(Unknown Source:2)
02-19 13:58:55.019   254   279 E KernelCpuThreadReader: 	at android.os.Handler.handleCallback(Handler.java:938)
02-19 13:58:55.019   254   279 E KernelCpuThreadReader: 	at android.os.Handler.dispatchMessage(Handler.java:99)
02-19 13:58:55.019   254   279 E KernelCpuThreadReader: 	at android.os.Looper.loop(Looper.java:223)
02-19 13:58:55.019   254   279 E KernelCpuThreadReader: 	at android.os.HandlerThread.run(HandlerThread.java:67)
02-19 13:58:55.019    69    69 I Zygote  : Installed AndroidKeyStoreProvider in 0ms.
02-19 13:58:55.020   254   279 I chatty  : uid=1000(system) android.bg expire 20 lines
02-19 13:58:55.020   254   279 I HealthServiceWrapper: health: HealthServiceWrapper listening to instance default
02-19 13:58:55.020   254   279 D StatsPullAtomService: Registering pullers with statsd
02-19 13:58:55.020   254   373 I chatty  : uid=1000(system) HealthServiceHw expire 1 line
02-19 13:58:55.021   173   173 E wificond: Failed to get wiphy index
02-19 13:58:55.021   254   279 I StatsPullAtomService: register thermal listener successfully
02-19 13:58:55.021   254   332 D ConnectivityService: NetReassign [no changes]
02-19 13:58:55.021    69    69 I Zygote  : Warmed up JCA providers in 2ms.
02-19 13:58:55.021    69    69 D Zygote  : end preload
02-19 13:58:55.021   254   306 D SystemServerTimingAsync: SecondaryZygotePreload took to complete: 221ms
02-19 13:58:55.021   254   306 D SystemServerInitThreadPool: Finished executing SecondaryZygotePreload
02-19 13:58:55.021   254   306 D SystemServerTimingAsync: InitThreadPoolExec:SecondaryZygotePreload took to complete: 221ms
02-19 13:58:55.022   254   331 I chatty  : uid=1000(system) WifiScanningSer expire 4 lines
02-19 13:58:55.024   254   254 D SystemServerTiming: MakeWindowManagerServiceReady took to complete: 4ms
02-19 13:58:55.024   254   254 I SystemServerTiming: MakePowerManagerServiceReady
02-19 13:58:55.024   254   254 E DisplayPowerController: failed to set up display white-balance: java.lang.IllegalStateException: cannot find light sensor
02-19 13:58:55.026   254   285 E KernelCpuUidFreqTimeReader: Failed to read /proc/uid_time_in_state: java.nio.file.NoSuchFileException: /proc/uid_time_in_state
02-19 13:58:55.026   254   285 E KernelCpuSpeedReader: Failed to read cpu-freq: /sys/devices/system/cpu/cpu0/cpufreq/stats/time_in_state: open failed: ENOENT (No such file or directory)
02-19 13:58:55.028   254   254 D SystemServerTiming: MakePowerManagerServiceReady took to complete: 3ms
02-19 13:58:55.028   254   254 I SystemServerTiming: StartPermissionPolicyService
02-19 13:58:55.028   254   254 I SystemServiceManager: Starting com.android.server.policy.PermissionPolicyService
02-19 13:58:55.029   254   254 D SystemServerTiming: StartPermissionPolicyService took to complete: 0ms
02-19 13:58:55.029   254   254 I SystemServerTiming: MakePackageManagerServiceReady
02-19 13:58:55.030   254   254 I PackageManager: Permission ownership changed. Updating all permissions.
02-19 13:58:55.033   254   288 W KeyguardServiceDelegate: onScreenTurningOn(): no keyguard service!
02-19 13:58:55.033   254   288 V DisplayPowerController: Brightness [0.39763778] reason changing to: 'override', previous reason: '0'.
02-19 13:58:55.035   254   254 V UserDataPreparer: Found /data/user_de/0 with serial number 0
02-19 13:58:55.035   254   254 V UserDataPreparer: Found /data/user/0 with serial number 0
02-19 13:58:55.035   254   254 V UserDataPreparer: Found /data/system_de/0 with serial number 0
02-19 13:58:55.035   254   254 V UserDataPreparer: Found /data/system_ce/0 with serial number 0
02-19 13:58:55.035   254   254 V UserDataPreparer: Found /data/misc_ce/0 with serial number 0
02-19 13:58:55.036   254   254 D SystemServerTiming: MakePackageManagerServiceReady took to complete: 6ms
02-19 13:58:55.036   254   254 I SystemServerTiming: MakeDisplayManagerServiceReady
02-19 13:58:55.036   254   254 D SystemServerTiming: MakeDisplayManagerServiceReady took to complete: 1ms
02-19 13:58:55.036   254   254 I SystemServerTiming: StartDeviceSpecificServices
02-19 13:58:55.036   254   254 D SystemServerTiming: StartDeviceSpecificServices took to complete: 0ms
02-19 13:58:55.036   254   254 I SystemServerTiming: StartBootPhaseDeviceSpecificServicesReady
02-19 13:58:55.036   254   254 I SystemServiceManager: Starting phase 520
02-19 13:58:55.036   254   254 I SystemServerTiming: OnBootPhase_520
02-19 13:58:55.036   254   254 I SystemServerTiming: OnBootPhase_520_com.android.server.security.FileIntegrityService
02-19 13:58:55.036   254   254 D SystemServerTiming: OnBootPhase_520_com.android.server.security.FileIntegrityService took to complete: 0ms
02-19 13:58:55.036   254   254 I SystemServerTiming: OnBootPhase_520_com.android.server.pm.Installer
02-19 13:58:55.036   254   254 D SystemServerTiming: OnBootPhase_520_com.android.server.pm.Installer took to complete: 0ms
02-19 13:58:55.036   254   254 I SystemServerTiming: OnBootPhase_520_com.android.server.os.DeviceIdentifiersPolicyService
02-19 13:58:55.036   254   254 D SystemServerTiming: OnBootPhase_520_com.android.server.os.DeviceIdentifiersPolicyService took to complete: 0ms
02-19 13:58:55.036   254   254 I SystemServerTiming: OnBootPhase_520_com.android.server.uri.UriGrantsManagerService$Lifecycle
02-19 13:58:55.036   254   254 D SystemServerTiming: OnBootPhase_520_com.android.server.uri.UriGrantsManagerService$Lifecycle took to complete: 0ms
02-19 13:58:55.036   254   254 I SystemServerTiming: OnBootPhase_520_com.android.server.wm.ActivityTaskManagerService$Lifecycle
02-19 13:58:55.036   254   254 D SystemServerTiming: OnBootPhase_520_com.android.server.wm.ActivityTaskManagerService$Lifecycle took to complete: 0ms
02-19 13:58:55.036   254   254 I SystemServerTiming: OnBootPhase_520_com.android.server.am.ActivityManagerService$Lifecycle
02-19 13:58:55.036   254   254 D SystemServerTiming: OnBootPhase_520_com.android.server.am.ActivityManagerService$Lifecycle took to complete: 0ms
02-19 13:58:55.036   254   254 I SystemServerTiming: OnBootPhase_520_com.android.server.pm.DataLoaderManagerService
02-19 13:58:55.036   254   254 D SystemServerTiming: OnBootPhase_520_com.android.server.pm.DataLoaderManagerService took to complete: 0ms
02-19 13:58:55.036   254   254 I SystemServerTiming: OnBootPhase_520_com.android.server.power.PowerManagerService
02-19 13:58:55.036   254   254 D SystemServerTiming: OnBootPhase_520_com.android.server.power.PowerManagerService took to complete: 0ms
02-19 13:58:55.036   254   254 I SystemServerTiming: OnBootPhase_520_com.android.server.power.ThermalManagerService
02-19 13:58:55.036   254   254 D SystemServerTiming: OnBootPhase_520_com.android.server.power.ThermalManagerService took to complete: 0ms
02-19 13:58:55.036   254   254 I SystemServerTiming: OnBootPhase_520_com.android.server.recoverysystem.RecoverySystemService$Lifecycle
02-19 13:58:55.036   254   254 D SystemServerTiming: OnBootPhase_520_com.android.server.recoverysystem.RecoverySystemService$Lifecycle took to complete: 0ms
02-19 13:58:55.036   254   254 I SystemServerTiming: OnBootPhase_520_com.android.server.lights.LightsService
02-19 13:58:55.036   254   254 D SystemServerTiming: OnBootPhase_520_com.android.server.lights.LightsService took to complete: 0ms
02-19 13:58:55.036   254   254 I SystemServerTiming: OnBootPhase_520_com.android.server.display.DisplayManagerService
02-19 13:58:55.036   254   254 D SystemServerTiming: OnBootPhase_520_com.android.server.display.DisplayManagerService took to complete: 0ms
02-19 13:58:55.036   254   254 I SystemServerTiming: OnBootPhase_520_com.android.server.pm.UserManagerService$LifeCycle
02-19 13:58:55.036   254   254 D SystemServerTiming: OnBootPhase_520_com.android.server.pm.UserManagerService$LifeCycle took to complete: 0ms
02-19 13:58:55.036   254   254 I SystemServerTiming: OnBootPhase_520_com.android.server.om.OverlayManagerService
02-19 13:58:55.036   254   254 D SystemServerTiming: OnBootPhase_520_com.android.server.om.OverlayManagerService took to complete: 0ms
02-19 13:58:55.036   254   254 I SystemServerTiming: OnBootPhase_520_com.android.server.SensorPrivacyService
02-19 13:58:55.036   254   254 D SystemServerTiming: OnBootPhase_520_com.android.server.SensorPrivacyService took to complete: 0ms
02-19 13:58:55.036   254   254 I SystemServerTiming: OnBootPhase_520_com.android.server.SystemConfigService
02-19 13:58:55.036   254   254 D SystemServerTiming: OnBootPhase_520_com.android.server.SystemConfigService took to complete: 0ms
02-19 13:58:55.036   254   254 I SystemServerTiming: OnBootPhase_520_com.android.server.BatteryService
02-19 13:58:55.036   254   254 D SystemServerTiming: OnBootPhase_520_com.android.server.BatteryService took to complete: 0ms
02-19 13:58:55.036   254   254 I SystemServerTiming: OnBootPhase_520_com.android.server.usage.UsageStatsService
02-19 13:58:55.036   254   254 D SystemServerTiming: OnBootPhase_520_com.android.server.usage.UsageStatsService took to complete: 0ms
02-19 13:58:55.036   254   254 I SystemServerTiming: OnBootPhase_520_com.android.server.webkit.WebViewUpdateService
02-19 13:58:55.036   254   254 D SystemServerTiming: OnBootPhase_520_com.android.server.webkit.WebViewUpdateService took to complete: 0ms
02-19 13:58:55.036   254   254 I SystemServerTiming: OnBootPhase_520_com.android.server.CachedDeviceStateService
02-19 13:58:55.036   254   254 D SystemServerTiming: OnBootPhase_520_com.android.server.CachedDeviceStateService took to complete: 0ms
02-19 13:58:55.036   254   254 I SystemServerTiming: OnBootPhase_520_com.android.server.BinderCallsStatsService$LifeCycle
02-19 13:58:55.036   254   254 D SystemServerTiming: OnBootPhase_520_com.android.server.BinderCallsStatsService$LifeCycle took to complete: 0ms
02-19 13:58:55.036   254   254 I SystemServerTiming: OnBootPhase_520_com.android.server.LooperStatsService$Lifecycle
02-19 13:58:55.036   254   254 D SystemServerTiming: OnBootPhase_520_com.android.server.LooperStatsService$Lifecycle took to complete: 0ms
02-19 13:58:55.036   254   254 I SystemServerTiming: OnBootPhase_520_com.android.server.rollback.RollbackManagerService
02-19 13:58:55.036   254   254 D SystemServerTiming: OnBootPhase_520_com.android.server.rollback.RollbackManagerService took to complete: 0ms
02-19 13:58:55.036   254   254 I SystemServerTiming: OnBootPhase_520_com.android.server.os.BugreportManagerService
02-19 13:58:55.036   254   254 D SystemServerTiming: OnBootPhase_520_com.android.server.os.BugreportManagerService took to complete: 0ms
02-19 13:58:55.036   254   254 I SystemServerTiming: OnBootPhase_520_com.android.server.gpu.GpuService
02-19 13:58:55.036   254   254 D SystemServerTiming: OnBootPhase_520_com.android.server.gpu.GpuService took to complete: 0ms
02-19 13:58:55.036   254   254 I SystemServerTiming: OnBootPhase_520_com.android.server.security.KeyChainSystemService
02-19 13:58:55.036   254   254 D SystemServerTiming: OnBootPhase_520_com.android.server.security.KeyChainSystemService took to complete: 0ms
02-19 13:58:55.036   254   254 I SystemServerTiming: OnBootPhase_520_com.android.server.telecom.TelecomLoaderService
02-19 13:58:55.036   254   254 D SystemServerTiming: OnBootPhase_520_com.android.server.telecom.TelecomLoaderService took to complete: 0ms
02-19 13:58:55.036   254   254 I SystemServerTiming: OnBootPhase_520_com.android.server.accounts.AccountManagerService$Lifecycle
02-19 13:58:55.036   254   254 D SystemServerTiming: OnBootPhase_520_com.android.server.accounts.AccountManagerService$Lifecycle took to complete: 0ms
02-19 13:58:55.036   254   254 I SystemServerTiming: OnBootPhase_520_com.android.server.content.ContentService$Lifecycle
02-19 13:58:55.036   254   254 D SystemServerTiming: OnBootPhase_520_com.android.server.content.ContentService$Lifecycle took to complete: 0ms
02-19 13:58:55.036   254   254 I SystemServerTiming: OnBootPhase_520_com.android.server.DropBoxManagerService
02-19 13:58:55.036   254   254 D SystemServerTiming: OnBootPhase_520_com.android.server.DropBoxManagerService took to complete: 0ms
02-19 13:58:55.036   254   254 I SystemServerTiming: OnBootPhase_520_com.android.server.AlarmManagerService
02-19 13:58:55.036   254   254 D SystemServerTiming: OnBootPhase_520_com.android.server.AlarmManagerService took to complete: 0ms
02-19 13:58:55.036   254   254 I SystemServerTiming: OnBootPhase_520_com.android.server.BluetoothService
02-19 13:58:55.036   254   254 D SystemServerTiming: OnBootPhase_520_com.android.server.BluetoothService took to complete: 0ms
02-19 13:58:55.036   254   254 I SystemServerTiming: OnBootPhase_520_com.android.server.connectivity.IpConnectivityMetrics
02-19 13:58:55.036   254   254 D SystemServerTiming: OnBootPhase_520_com.android.server.connectivity.IpConnectivityMetrics took to complete: 0ms
02-19 13:58:55.036   254   254 I SystemServerTiming: OnBootPhase_520_com.android.server.net.watchlist.NetworkWatchlistService$Lifecycle
02-19 13:58:55.036   254   254 D SystemServerTiming: OnBootPhase_520_com.android.server.net.watchlist.NetworkWatchlistService$Lifecycle took to complete: 0ms
02-19 13:58:55.036   254   254 I SystemServerTiming: OnBootPhase_520_com.android.server.PinnerService
02-19 13:58:55.036   254   254 D SystemServerTiming: OnBootPhase_520_com.android.server.PinnerService took to complete: 0ms
02-19 13:58:55.036   254   254 I SystemServerTiming: OnBootPhase_520_com.google.android.startop.iorap.IorapForwardingService
02-19 13:58:55.036   254   254 D SystemServerTiming: OnBootPhase_520_com.google.android.startop.iorap.IorapForwardingService took to complete: 0ms
02-19 13:58:55.036   254   254 I SystemServerTiming: OnBootPhase_520_com.android.server.integrity.AppIntegrityManagerService
02-19 13:58:55.036   254   254 D SystemServerTiming: OnBootPhase_520_com.android.server.integrity.AppIntegrityManagerService took to complete: 0ms
02-19 13:58:55.036   254   254 I SystemServerTiming: OnBootPhase_520_com.android.server.inputmethod.InputMethodManagerService$Lifecycle
02-19 13:58:55.036   254   254 D SystemServerTiming: OnBootPhase_520_com.android.server.inputmethod.InputMethodManagerService$Lifecycle took to complete: 0ms
02-19 13:58:55.036   254   254 I SystemServerTiming: OnBootPhase_520_com.android.server.accessibility.AccessibilityManagerService$Lifecycle
02-19 13:58:55.036   254   254 D SystemServerTiming: OnBootPhase_520_com.android.server.accessibility.AccessibilityManagerService$Lifecycle took to complete: 0ms
02-19 13:58:55.036   254   254 I SystemServerTiming: OnBootPhase_520_com.android.server.StorageManagerService$Lifecycle
02-19 13:58:55.036   254   254 D SystemServerTiming: OnBootPhase_520_com.android.server.StorageManagerService$Lifecycle took to complete: 0ms
02-19 13:58:55.036   254   254 I SystemServerTiming: OnBootPhase_520_com.android.server.usage.StorageStatsService$Lifecycle
02-19 13:58:55.036   254   254 D SystemServerTiming: OnBootPhase_520_com.android.server.usage.StorageStatsService$Lifecycle took to complete: 0ms
02-19 13:58:55.037   254   254 I SystemServerTiming: OnBootPhase_520_com.android.server.UiModeManagerService
02-19 13:58:55.037   254   254 D SystemServerTiming: OnBootPhase_520_com.android.server.UiModeManagerService took to complete: 0ms
02-19 13:58:55.037   254   254 I SystemServerTiming: OnBootPhase_520_com.android.server.locksettings.LockSettingsService$Lifecycle
02-19 13:58:55.037   254   254 D SystemServerTiming: OnBootPhase_520_com.android.server.locksettings.LockSettingsService$Lifecycle took to complete: 0ms
02-19 13:58:55.037   254   254 I SystemServerTiming: OnBootPhase_520_com.android.server.testharness.TestHarnessModeService
02-19 13:58:55.037   254   254 D SystemServerTiming: OnBootPhase_520_com.android.server.testharness.TestHarnessModeService took to complete: 0ms
02-19 13:58:55.037   254   254 I SystemServerTiming: OnBootPhase_520_com.android.server.DeviceIdleController
02-19 13:58:55.037   254   254 D SystemServerTiming: OnBootPhase_520_com.android.server.DeviceIdleController took to complete: 0ms
02-19 13:58:55.037   254   254 I SystemServerTiming: OnBootPhase_520_com.android.server.devicepolicy.DevicePolicyManagerService$Lifecycle
02-19 13:58:55.037   254   254 D SystemServerTiming: OnBootPhase_520_com.android.server.devicepolicy.DevicePolicyManagerService$Lifecycle took to complete: 0ms
02-19 13:58:55.037   254   254 I SystemServerTiming: OnBootPhase_520_com.android.server.textservices.TextServicesManagerService$Lifecycle
02-19 13:58:55.037   254   254 D SystemServerTiming: OnBootPhase_520_com.android.server.textservices.TextServicesManagerService$Lifecycle took to complete: 0ms
02-19 13:58:55.037   254   254 I SystemServerTiming: OnBootPhase_520_com.android.server.textclassifier.TextClassificationManagerService$Lifecycle
02-19 13:58:55.037   254   254 D SystemServerTiming: OnBootPhase_520_com.android.server.textclassifier.TextClassificationManagerService$Lifecycle took to complete: 0ms
02-19 13:58:55.037   254   254 I SystemServerTiming: OnBootPhase_520_com.android.server.NetworkScoreService$Lifecycle
02-19 13:58:55.037   254   254 D SystemServerTiming: OnBootPhase_520_com.android.server.NetworkScoreService$Lifecycle took to complete: 0ms
02-19 13:58:55.037   254   254 I SystemServerTiming: OnBootPhase_520_com.android.server.wifi.WifiService
02-19 13:58:55.037   254   254 D SystemServerTiming: OnBootPhase_520_com.android.server.wifi.WifiService took to complete: 0ms
02-19 13:58:55.037   254   254 I SystemServerTiming: OnBootPhase_520_com.android.server.wifi.scanner.WifiScanningService
02-19 13:58:55.037   254   254 D SystemServerTiming: OnBootPhase_520_com.android.server.wifi.scanner.WifiScanningService took to complete: 0ms
02-19 13:58:55.037   254   254 I SystemServerTiming: OnBootPhase_520_com.android.server.ethernet.EthernetService
02-19 13:58:55.037   254   254 D SystemServerTiming: OnBootPhase_520_com.android.server.ethernet.EthernetService took to complete: 0ms
02-19 13:58:55.037   254   254 I SystemServerTiming: OnBootPhase_520_com.android.server.notification.NotificationManagerService
02-19 13:58:55.037   254   254 D SystemServerTiming: OnBootPhase_520_com.android.server.notification.NotificationManagerService took to complete: 0ms
02-19 13:58:55.037   254   254 I SystemServerTiming: OnBootPhase_520_com.android.server.storage.DeviceStorageMonitorService
02-19 13:58:55.037   254   254 D SystemServerTiming: OnBootPhase_520_com.android.server.storage.DeviceStorageMonitorService took to complete: 0ms
02-19 13:58:55.037   254   254 I SystemServerTiming: OnBootPhase_520_com.android.server.location.LocationManagerService$Lifecycle
02-19 13:58:55.037   254   254 D SystemServerTiming: OnBootPhase_520_com.android.server.location.LocationManagerService$Lifecycle took to complete: 0ms
02-19 13:58:55.037   254   254 I SystemServerTiming: OnBootPhase_520_com.android.server.timedetector.TimeDetectorService$Lifecycle
02-19 13:58:55.037   254   254 D SystemServerTiming: OnBootPhase_520_com.android.server.timedetector.TimeDetectorService$Lifecycle took to complete: 0ms
02-19 13:58:55.037   254   254 I SystemServerTiming: OnBootPhase_520_com.android.server.timezonedetector.TimeZoneDetectorService$Lifecycle
02-19 13:58:55.037   254   254 D SystemServerTiming: OnBootPhase_520_com.android.server.timezonedetector.TimeZoneDetectorService$Lifecycle took to complete: 0ms
02-19 13:58:55.037   254   254 I SystemServerTiming: OnBootPhase_520_com.android.server.search.SearchManagerService$Lifecycle
02-19 13:58:55.037   254   254 D SystemServerTiming: OnBootPhase_520_com.android.server.search.SearchManagerService$Lifecycle took to complete: 0ms
02-19 13:58:55.037   254   254 I SystemServerTiming: OnBootPhase_520_com.android.server.wallpaper.WallpaperManagerService$Lifecycle
02-19 13:58:55.037   254   254 D SystemServerTiming: OnBootPhase_520_com.android.server.wallpaper.WallpaperManagerService$Lifecycle took to complete: 0ms
02-19 13:58:55.037   254   254 I SystemServerTiming: OnBootPhase_520_com.android.server.audio.AudioService$Lifecycle
02-19 13:58:55.037   254   254 D SystemServerTiming: OnBootPhase_520_com.android.server.audio.AudioService$Lifecycle took to complete: 0ms
02-19 13:58:55.037   254   254 I SystemServerTiming: OnBootPhase_520_com.android.server.soundtrigger_middleware.SoundTriggerMiddlewareService$Lifecycle
02-19 13:58:55.037   254   254 D SystemServerTiming: OnBootPhase_520_com.android.server.soundtrigger_middleware.SoundTriggerMiddlewareService$Lifecycle took to complete: 0ms
02-19 13:58:55.037   254   254 I SystemServerTiming: OnBootPhase_520_com.android.server.DockObserver
02-19 13:58:55.037   254   254 D SystemServerTiming: OnBootPhase_520_com.android.server.DockObserver took to complete: 0ms
02-19 13:58:55.037   254   254 I SystemServerTiming: OnBootPhase_520_com.android.server.adb.AdbService$Lifecycle
02-19 13:58:55.037   254   254 D SystemServerTiming: OnBootPhase_520_com.android.server.adb.AdbService$Lifecycle took to complete: 0ms
02-19 13:58:55.037   254   254 I SystemServerTiming: OnBootPhase_520_com.android.server.usb.UsbService$Lifecycle
02-19 13:58:55.037   254   254 D SystemServerTiming: OnBootPhase_520_com.android.server.usb.UsbService$Lifecycle took to complete: 0ms
02-19 13:58:55.037   254   254 I SystemServerTiming: OnBootPhase_520_com.android.server.twilight.TwilightService
02-19 13:58:55.037   254   254 D SystemServerTiming: OnBootPhase_520_com.android.server.twilight.TwilightService took to complete: 0ms
02-19 13:58:55.037   254   254 I SystemServerTiming: OnBootPhase_520_com.android.server.display.color.ColorDisplayService
02-19 13:58:55.037   254   254 D SystemServerTiming: OnBootPhase_520_com.android.server.display.color.ColorDisplayService took to complete: 0ms
02-19 13:58:55.037   254   254 I SystemServerTiming: OnBootPhase_520_com.android.server.job.JobSchedulerService
02-19 13:58:55.037   254   254 D SystemServerTiming: OnBootPhase_520_com.android.server.job.JobSchedulerService took to complete: 0ms
02-19 13:58:55.037   254   254 I SystemServerTiming: OnBootPhase_520_com.android.server.soundtrigger.SoundTriggerService
02-19 13:58:55.037   254   254 D SoundTriggerService: onBootPhase: 520 : false
02-19 13:58:55.037   254   254 W SoundTriggerHelper: listModules status=0, # of modules=0
02-19 13:58:55.037   254   254 D SystemServerTiming: OnBootPhase_520_com.android.server.soundtrigger.SoundTriggerService took to complete: 0ms
02-19 13:58:55.037   254   254 I SystemServerTiming: OnBootPhase_520_com.android.server.trust.TrustManagerService
02-19 13:58:55.037   254   254 D SystemServerTiming: OnBootPhase_520_com.android.server.trust.TrustManagerService took to complete: 0ms
02-19 13:58:55.037   254   254 I SystemServerTiming: OnBootPhase_520_com.android.server.backup.BackupManagerService$Lifecycle
02-19 13:58:55.037   254   254 D SystemServerTiming: OnBootPhase_520_com.android.server.backup.BackupManagerService$Lifecycle took to complete: 0ms
02-19 13:58:55.037   254   254 I SystemServerTiming: OnBootPhase_520_com.android.server.appwidget.AppWidgetService
02-19 13:58:55.037   254   254 D SystemServerTiming: OnBootPhase_520_com.android.server.appwidget.AppWidgetService took to complete: 0ms
02-19 13:58:55.037   254   254 I SystemServerTiming: OnBootPhase_520_com.android.server.role.RoleManagerService
02-19 13:58:55.037   254   254 D SystemServerTiming: OnBootPhase_520_com.android.server.role.RoleManagerService took to complete: 0ms
02-19 13:58:55.037   254   254 I SystemServerTiming: OnBootPhase_520_com.android.server.voiceinteraction.VoiceInteractionManagerService
02-19 13:58:55.037   254   254 D SystemServerTiming: OnBootPhase_520_com.android.server.voiceinteraction.VoiceInteractionManagerService took to complete: 0ms
02-19 13:58:55.037   254   254 I SystemServerTiming: OnBootPhase_520_com.android.server.GestureLauncherService
02-19 13:58:55.037   254   254 D SystemServerTiming: OnBootPhase_520_com.android.server.GestureLauncherService took to complete: 0ms
02-19 13:58:55.037   254   254 I SystemServerTiming: OnBootPhase_520_com.android.server.SensorNotificationService
02-19 13:58:55.037   254   254 D SystemServerTiming: OnBootPhase_520_com.android.server.SensorNotificationService took to complete: 0ms
02-19 13:58:55.037   254   254 I SystemServerTiming: OnBootPhase_520_com.android.server.emergency.EmergencyAffordanceService
02-19 13:58:55.037   254   254 D SystemServerTiming: OnBootPhase_520_com.android.server.emergency.EmergencyAffordanceService took to complete: 0ms
02-19 13:58:55.037   254   254 I SystemServerTiming: OnBootPhase_520_com.android.server.dreams.DreamManagerService
02-19 13:58:55.037   254   254 D SystemServerTiming: OnBootPhase_520_com.android.server.dreams.DreamManagerService took to complete: 0ms
02-19 13:58:55.037   254   254 I SystemServerTiming: OnBootPhase_520_com.android.server.print.PrintManagerService
02-19 13:58:55.037   254   254 D SystemServerTiming: OnBootPhase_520_com.android.server.print.PrintManagerService took to complete: 0ms
02-19 13:58:55.037   254   254 I SystemServerTiming: OnBootPhase_520_com.android.server.companion.CompanionDeviceManagerService
02-19 13:58:55.037   254   254 D SystemServerTiming: OnBootPhase_520_com.android.server.companion.CompanionDeviceManagerService took to complete: 0ms
02-19 13:58:55.037   254   254 I SystemServerTiming: OnBootPhase_520_com.android.server.restrictions.RestrictionsManagerService
02-19 13:58:55.037   254   254 D SystemServerTiming: OnBootPhase_520_com.android.server.restrictions.RestrictionsManagerService took to complete: 0ms
02-19 13:58:55.037   254   254 I SystemServerTiming: OnBootPhase_520_com.android.server.media.MediaSessionService
02-19 13:58:55.037   254   254 D SystemServerTiming: OnBootPhase_520_com.android.server.media.MediaSessionService took to complete: 0ms
02-19 13:58:55.037   254   254 I SystemServerTiming: OnBootPhase_520_com.android.server.media.MediaResourceMonitorService
02-19 13:58:55.037   254   254 D SystemServerTiming: OnBootPhase_520_com.android.server.media.MediaResourceMonitorService took to complete: 0ms
02-19 13:58:55.037   254   254 I SystemServerTiming: OnBootPhase_520_com.android.server.biometrics.BiometricService
02-19 13:58:55.037   254   254 D SystemServerTiming: OnBootPhase_520_com.android.server.biometrics.BiometricService took to complete: 0ms
02-19 13:58:55.037   254   254 I SystemServerTiming: OnBootPhase_520_com.android.server.biometrics.AuthService
02-19 13:58:55.037   254   254 D SystemServerTiming: OnBootPhase_520_com.android.server.biometrics.AuthService took to complete: 0ms
02-19 13:58:55.037   254   254 I SystemServerTiming: OnBootPhase_520_com.android.server.blob.BlobStoreManagerService
02-19 13:58:55.037   254   254 D SystemServerTiming: OnBootPhase_520_com.android.server.blob.BlobStoreManagerService took to complete: 0ms
02-19 13:58:55.037   254   254 I SystemServerTiming: OnBootPhase_520_com.android.server.pm.ShortcutService$Lifecycle
02-19 13:58:55.037   254   254 D SystemServerTiming: OnBootPhase_520_com.android.server.pm.ShortcutService$Lifecycle took to complete: 0ms
02-19 13:58:55.037   254   254 I SystemServerTiming: OnBootPhase_520_com.android.server.pm.LauncherAppsService
02-19 13:58:55.037   254   254 D SystemServerTiming: OnBootPhase_520_com.android.server.pm.LauncherAppsService took to complete: 0ms
02-19 13:58:55.037   254   254 I SystemServerTiming: OnBootPhase_520_com.android.server.pm.CrossProfileAppsService
02-19 13:58:55.037   254   254 D SystemServerTiming: OnBootPhase_520_com.android.server.pm.CrossProfileAppsService took to complete: 0ms
02-19 13:58:55.037   254   254 I SystemServerTiming: OnBootPhase_520_com.android.server.people.PeopleService
02-19 13:58:55.037   254   254 D SystemServerTiming: OnBootPhase_520_com.android.server.people.PeopleService took to complete: 0ms
02-19 13:58:55.037   254   254 I SystemServerTiming: OnBootPhase_520_com.android.server.media.projection.MediaProjectionManagerService
02-19 13:58:55.037   254   254 D SystemServerTiming: OnBootPhase_520_com.android.server.media.projection.MediaProjectionManagerService took to complete: 0ms
02-19 13:58:55.037   254   254 I SystemServerTiming: OnBootPhase_520_com.android.server.slice.SliceManagerService$Lifecycle
02-19 13:58:55.037   254   254 D SystemServerTiming: OnBootPhase_520_com.android.server.slice.SliceManagerService$Lifecycle took to complete: 0ms
02-19 13:58:55.037   254   254 I SystemServerTiming: OnBootPhase_520_com.android.server.camera.CameraServiceProxy
02-19 13:58:55.037   254   254 D SystemServerTiming: OnBootPhase_520_com.android.server.camera.CameraServiceProxy took to complete: 0ms
02-19 13:58:55.037   254   254 I SystemServerTiming: OnBootPhase_520_com.android.server.stats.StatsCompanion$Lifecycle
02-19 13:58:55.037   254   254 D SystemServerTiming: OnBootPhase_520_com.android.server.stats.StatsCompanion$Lifecycle took to complete: 0ms
02-19 13:58:55.037   254   254 I SystemServerTiming: OnBootPhase_520_com.android.server.stats.pull.StatsPullAtomService
02-19 13:58:55.037   254   254 D SystemServerTiming: OnBootPhase_520_com.android.server.stats.pull.StatsPullAtomService took to complete: 0ms
02-19 13:58:55.037   254   254 I SystemServerTiming: OnBootPhase_520_com.android.server.incident.IncidentCompanionService
02-19 13:58:55.037   254   254 D SystemServerTiming: OnBootPhase_520_com.android.server.incident.IncidentCompanionService took to complete: 0ms
02-19 13:58:55.037   254   254 I SystemServerTiming: OnBootPhase_520_com.android.server.MmsServiceBroker
02-19 13:58:55.037   254   254 D SystemServerTiming: OnBootPhase_520_com.android.server.MmsServiceBroker took to complete: 0ms
02-19 13:58:55.037   254   254 I SystemServerTiming: OnBootPhase_520_com.android.server.autofill.AutofillManagerService
02-19 13:58:55.037   254   254 D SystemServerTiming: OnBootPhase_520_com.android.server.autofill.AutofillManagerService took to complete: 0ms
02-19 13:58:55.037   254   254 I SystemServerTiming: OnBootPhase_520_com.android.server.clipboard.ClipboardService
02-19 13:58:55.037   254   254 D SystemServerTiming: OnBootPhase_520_com.android.server.clipboard.ClipboardService took to complete: 0ms
02-19 13:58:55.037   254   254 I SystemServerTiming: OnBootPhase_520_com.android.server.appbinding.AppBindingService$Lifecycle
02-19 13:58:55.037   254   254 D SystemServerTiming: OnBootPhase_520_com.android.server.appbinding.AppBindingService$Lifecycle took to complete: 0ms
02-19 13:58:55.037   254   254 I SystemServerTiming: OnBootPhase_520_org.lineageos.platform.internal.ProfileManagerService
02-19 13:58:55.037   254   254 D SystemServerTiming: OnBootPhase_520_org.lineageos.platform.internal.ProfileManagerService took to complete: 0ms
02-19 13:58:55.037   254   254 I SystemServerTiming: OnBootPhase_520_org.lineageos.platform.internal.LineageHardwareService
02-19 13:58:55.037   254   254 D SystemServerTiming: OnBootPhase_520_org.lineageos.platform.internal.LineageHardwareService took to complete: 0ms
02-19 13:58:55.037   254   254 I SystemServerTiming: OnBootPhase_520_org.lineageos.platform.internal.PerformanceManagerService
02-19 13:58:55.037   254   254 D SystemServerTiming: OnBootPhase_520_org.lineageos.platform.internal.PerformanceManagerService took to complete: 0ms
02-19 13:58:55.037   254   254 I SystemServerTiming: OnBootPhase_520_org.lineageos.platform.internal.display.LiveDisplayService
02-19 13:58:55.037   254   254 D SystemServerTiming: OnBootPhase_520_org.lineageos.platform.internal.display.LiveDisplayService took to complete: 0ms
02-19 13:58:55.037   254   254 I SystemServerTiming: OnBootPhase_520_org.lineageos.platform.internal.LineageAudioService
02-19 13:58:55.037   254   254 D SystemServerTiming: OnBootPhase_520_org.lineageos.platform.internal.LineageAudioService took to complete: 0ms
02-19 13:58:55.037   254   254 I SystemServerTiming: OnBootPhase_520_org.lineageos.platform.internal.LineageSettingsService
02-19 13:58:55.037   254   254 D SystemServerTiming: OnBootPhase_520_org.lineageos.platform.internal.LineageSettingsService took to complete: 0ms
02-19 13:58:55.037   254   254 I SystemServerTiming: OnBootPhase_520_org.lineageos.platform.internal.LineageGlobalActionsService
02-19 13:58:55.037   254   254 D SystemServerTiming: OnBootPhase_520_org.lineageos.platform.internal.LineageGlobalActionsService took to complete: 0ms
02-19 13:58:55.037   254   254 I SystemServerTiming: OnBootPhase_520_org.lineageos.platform.internal.WayDroidService
02-19 13:58:55.037   254   254 D SystemServerTiming: OnBootPhase_520_org.lineageos.platform.internal.WayDroidService took to complete: 0ms
02-19 13:58:55.037   254   254 I SystemServerTiming: OnBootPhase_520_com.android.server.policy.PermissionPolicyService
02-19 13:58:55.037   254   254 D SystemServerTiming: OnBootPhase_520_com.android.server.policy.PermissionPolicyService took to complete: 0ms
02-19 13:58:55.037   254   254 I SystemServerTiming: OnBootPhase_520_com.android.server.pm.StagingManager$Lifecycle
02-19 13:58:55.037   254   254 D SystemServerTiming: OnBootPhase_520_com.android.server.pm.StagingManager$Lifecycle took to complete: 0ms
02-19 13:58:55.037   254   254 D SystemServerTiming: OnBootPhase_520 took to complete: 1ms
02-19 13:58:55.037   254   254 D SystemServerTiming: StartBootPhaseDeviceSpecificServicesReady took to complete: 1ms
02-19 13:58:55.037   254   254 I SystemServerTiming: PhaseActivityManagerReady
02-19 13:58:55.037   254   254 I SystemServerTiming: controllersReady
02-19 13:58:55.038   254   377 I SystemServerTimingAsync: InitThreadPoolExec:Update app-ops uidState in case package com.android.providers.media.module changed
02-19 13:58:55.038   254   377 D SystemServerInitThreadPool: Started executing Update app-ops uidState in case package com.android.providers.media.module changed
02-19 13:58:55.038   254   379 I SystemServerTimingAsync: InitThreadPoolExec:Update app-ops uidState in case package com.android.deskclock changed
02-19 13:58:55.038   254   378 I SystemServerTimingAsync: InitThreadPoolExec:Update app-ops uidState in case package com.android.systemui changed
02-19 13:58:55.038   254   379 D SystemServerInitThreadPool: Started executing Update app-ops uidState in case package com.android.deskclock changed
02-19 13:58:55.038   254   378 D SystemServerInitThreadPool: Started executing Update app-ops uidState in case package com.android.systemui changed
02-19 13:58:55.038   254   380 I SystemServerTimingAsync: InitThreadPoolExec:Update app-ops uidState in case package com.android.providers.userdictionary changed
02-19 13:58:55.038   254   381 I SystemServerTimingAsync: InitThreadPoolExec:Update app-ops uidState in case package com.android.providers.calendar changed
02-19 13:58:55.038   254   380 D SystemServerInitThreadPool: Started executing Update app-ops uidState in case package com.android.providers.userdictionary changed
02-19 13:58:55.038   254   381 D SystemServerInitThreadPool: Started executing Update app-ops uidState in case package com.android.providers.calendar changed
02-19 13:58:55.038   254   382 I SystemServerTimingAsync: InitThreadPoolExec:Update app-ops uidState in case package com.android.soundpicker changed
02-19 13:58:55.038   254   382 D SystemServerInitThreadPool: Started executing Update app-ops uidState in case package com.android.soundpicker changed
02-19 13:58:55.038   254   383 I SystemServerTimingAsync: InitThreadPoolExec:Update app-ops uidState in case package com.android.phone changed
02-19 13:58:55.038   254   383 D SystemServerInitThreadPool: Started executing Update app-ops uidState in case package com.android.phone changed
02-19 13:58:55.038   254   377 D SystemServerInitThreadPool: Finished executing Update app-ops uidState in case package com.android.providers.media.module changed
02-19 13:58:55.038   254   379 D SystemServerInitThreadPool: Finished executing Update app-ops uidState in case package com.android.deskclock changed
02-19 13:58:55.038   254   378 D SystemServerInitThreadPool: Finished executing Update app-ops uidState in case package com.android.systemui changed
02-19 13:58:55.038   254   379 D SystemServerTimingAsync: InitThreadPoolExec:Update app-ops uidState in case package com.android.deskclock changed took to complete: 0ms
02-19 13:58:55.038   254   377 D SystemServerTimingAsync: InitThreadPoolExec:Update app-ops uidState in case package com.android.providers.media.module changed took to complete: 0ms
02-19 13:58:55.038   254   380 D SystemServerInitThreadPool: Finished executing Update app-ops uidState in case package com.android.providers.userdictionary changed
02-19 13:58:55.038   254   378 D SystemServerTimingAsync: InitThreadPoolExec:Update app-ops uidState in case package com.android.systemui changed took to complete: 0ms
02-19 13:58:55.038   254   278 I SystemServerTimingAsync: InitThreadPoolExec:Update app-ops uidState in case package org.lineageos.lineageparts changed
02-19 13:58:55.038   254   383 D SystemServerInitThreadPool: Finished executing Update app-ops uidState in case package com.android.phone changed
02-19 13:58:55.038   254   254 D SystemServerTiming: controllersReady took to complete: 1ms
02-19 13:58:55.038   254   382 D SystemServerInitThreadPool: Finished executing Update app-ops uidState in case package com.android.soundpicker changed
02-19 13:58:55.038   254   380 D SystemServerTimingAsync: InitThreadPoolExec:Update app-ops uidState in case package com.android.providers.userdictionary changed took to complete: 0ms
02-19 13:58:55.038   254   381 D SystemServerInitThreadPool: Finished executing Update app-ops uidState in case package com.android.providers.calendar changed
02-19 13:58:55.038   254   383 D SystemServerTimingAsync: InitThreadPoolExec:Update app-ops uidState in case package com.android.phone changed took to complete: 0ms
02-19 13:58:55.038   254   278 D SystemServerInitThreadPool: Started executing Update app-ops uidState in case package org.lineageos.lineageparts changed
02-19 13:58:55.038   254   382 D SystemServerTimingAsync: InitThreadPoolExec:Update app-ops uidState in case package com.android.soundpicker changed took to complete: 0ms
02-19 13:58:55.038   254   381 D SystemServerTimingAsync: InitThreadPoolExec:Update app-ops uidState in case package com.android.providers.calendar changed took to complete: 0ms
02-19 13:58:55.039   254   278 D SystemServerInitThreadPool: Finished executing Update app-ops uidState in case package org.lineageos.lineageparts changed
02-19 13:58:55.039   254   278 D SystemServerTimingAsync: InitThreadPoolExec:Update app-ops uidState in case package org.lineageos.lineageparts changed took to complete: 0ms
02-19 13:58:55.039   254   254 I SystemServerTiming: killProcesses
02-19 13:58:55.039   254   254 D SystemServerTiming: killProcesses took to complete: 0ms
02-19 13:58:55.039   254   254 I ActivityManager: System now ready
02-19 13:58:55.039   254   254 I SystemServerTiming: updateTopComponentForFactoryTest
02-19 13:58:55.039   254   385 I SystemServerTimingAsync: InitThreadPoolExec:Update app-ops uidState in case package com.android.server.telecom changed
02-19 13:58:55.039   254   385 D SystemServerInitThreadPool: Started executing Update app-ops uidState in case package com.android.server.telecom changed
02-19 13:58:55.039   254   384 I SystemServerTimingAsync: InitThreadPoolExec:Update app-ops uidState in case package android changed
02-19 13:58:55.039   254   385 D SystemServerInitThreadPool: Finished executing Update app-ops uidState in case package com.android.server.telecom changed
02-19 13:58:55.039   254   384 D SystemServerInitThreadPool: Started executing Update app-ops uidState in case package android changed
02-19 13:58:55.039   254   254 D SystemServerTiming: updateTopComponentForFactoryTest took to complete: 0ms
02-19 13:58:55.039   254   385 D SystemServerTimingAsync: InitThreadPoolExec:Update app-ops uidState in case package com.android.server.telecom changed took to complete: 0ms
02-19 13:58:55.039   254   254 I SystemServerTiming: registerActivityLaunchObserver
02-19 13:58:55.039   254   386 I SystemServerTimingAsync: InitThreadPoolExec:Update app-ops uidState in case package com.android.settings changed
02-19 13:58:55.039   254   384 D SystemServerInitThreadPool: Finished executing Update app-ops uidState in case package android changed
02-19 13:58:55.039   254   254 D SystemServerTiming: registerActivityLaunchObserver took to complete: 0ms
02-19 13:58:55.039   254   384 D SystemServerTimingAsync: InitThreadPoolExec:Update app-ops uidState in case package android changed took to complete: 0ms
02-19 13:58:55.039   254   386 D SystemServerInitThreadPool: Started executing Update app-ops uidState in case package com.android.settings changed
02-19 13:58:55.039   254   254 I SystemServerTiming: watchDeviceProvisioning
02-19 13:58:55.039   254   386 D SystemServerInitThreadPool: Finished executing Update app-ops uidState in case package com.android.settings changed
02-19 13:58:55.039   254   386 D SystemServerTimingAsync: InitThreadPoolExec:Update app-ops uidState in case package com.android.settings changed took to complete: 0ms
02-19 13:58:55.043   254   254 D SystemServerTiming: watchDeviceProvisioning took to complete: 4ms
02-19 13:58:55.043   254   254 I SystemServerTiming: retrieveSettings
02-19 13:58:55.044   254   254 I ActivityTaskManager: Config changes=104 {1.0 ?mcc?mnc [zh_CN_#Hans,en_US] ldltr sw1253dp w2275dp h1173dp 180dpi xlrg long land finger qwerty/v/v -nav/h winConfig={ mBounds=Rect(0, 0 - 2560, 1410) mAppBounds=Rect(0, 0 - 2560, 1347) mWindowingMode=fullscreen mDisplayWindowingMode=fullscreen mActivityType=undefined mAlwaysOnTop=undefined mRotation=ROTATION_0} s.8}
02-19 13:58:55.046   254   254 I WindowManager: Override config changes=104 {1.0 ?mcc?mnc [zh_CN_#Hans,en_US] ldltr sw1253dp w2275dp h1173dp 180dpi xlrg long land finger qwerty/v/v -nav/h winConfig={ mBounds=Rect(0, 0 - 2560, 1410) mAppBounds=Rect(0, 0 - 2560, 1347) mWindowingMode=fullscreen mDisplayWindowingMode=fullscreen mActivityType=undefined mAlwaysOnTop=undefined mRotation=ROTATION_0} s.8} for displayId=0
02-19 13:58:55.047   254   254 D SystemServerTiming: retrieveSettings took to complete: 4ms
02-19 13:58:55.047   254   254 I SystemServerTiming: Ugm.onSystemReady
